Archive member included because of file (symbol)

/home/jet/programm/stm32/gcc-arm-none-eabi-4_9-2015q3/bin/../lib/gcc/arm-none-eabi/4.9.3/../../../../arm-none-eabi/lib/armv7-m/libg.a(lib_a-errno.o)
                              ./system/src/newlib/_sbrk.o (__errno)
/home/jet/programm/stm32/gcc-arm-none-eabi-4_9-2015q3/bin/../lib/gcc/arm-none-eabi/4.9.3/../../../../arm-none-eabi/lib/armv7-m/libg.a(lib_a-impure.o)
                              /home/jet/programm/stm32/gcc-arm-none-eabi-4_9-2015q3/bin/../lib/gcc/arm-none-eabi/4.9.3/../../../../arm-none-eabi/lib/armv7-m/libg.a(lib_a-errno.o) (_impure_ptr)
/home/jet/programm/stm32/gcc-arm-none-eabi-4_9-2015q3/bin/../lib/gcc/arm-none-eabi/4.9.3/../../../../arm-none-eabi/lib/armv7-m/libg.a(lib_a-malloc.o)
                              ./src/buffer.o (malloc)
/home/jet/programm/stm32/gcc-arm-none-eabi-4_9-2015q3/bin/../lib/gcc/arm-none-eabi/4.9.3/../../../../arm-none-eabi/lib/armv7-m/libg.a(lib_a-mallocr.o)
                              /home/jet/programm/stm32/gcc-arm-none-eabi-4_9-2015q3/bin/../lib/gcc/arm-none-eabi/4.9.3/../../../../arm-none-eabi/lib/armv7-m/libg.a(lib_a-malloc.o) (_malloc_r)
/home/jet/programm/stm32/gcc-arm-none-eabi-4_9-2015q3/bin/../lib/gcc/arm-none-eabi/4.9.3/../../../../arm-none-eabi/lib/armv7-m/libg.a(lib_a-memcmp.o)
                              ./eth/src/etharp.o (memcmp)
/home/jet/programm/stm32/gcc-arm-none-eabi-4_9-2015q3/bin/../lib/gcc/arm-none-eabi/4.9.3/../../../../arm-none-eabi/lib/armv7-m/libg.a(lib_a-memcpy.o)
                              ./src/buffer.o (memcpy)
/home/jet/programm/stm32/gcc-arm-none-eabi-4_9-2015q3/bin/../lib/gcc/arm-none-eabi/4.9.3/../../../../arm-none-eabi/lib/armv7-m/libg.a(lib_a-memset.o)
                              ./src/buffer.o (memset)
/home/jet/programm/stm32/gcc-arm-none-eabi-4_9-2015q3/bin/../lib/gcc/arm-none-eabi/4.9.3/../../../../arm-none-eabi/lib/armv7-m/libg.a(lib_a-mlock.o)
                              /home/jet/programm/stm32/gcc-arm-none-eabi-4_9-2015q3/bin/../lib/gcc/arm-none-eabi/4.9.3/../../../../arm-none-eabi/lib/armv7-m/libg.a(lib_a-mallocr.o) (__malloc_lock)
/home/jet/programm/stm32/gcc-arm-none-eabi-4_9-2015q3/bin/../lib/gcc/arm-none-eabi/4.9.3/../../../../arm-none-eabi/lib/armv7-m/libg.a(lib_a-sbrkr.o)
                              /home/jet/programm/stm32/gcc-arm-none-eabi-4_9-2015q3/bin/../lib/gcc/arm-none-eabi/4.9.3/../../../../arm-none-eabi/lib/armv7-m/libg.a(lib_a-mallocr.o) (_sbrk_r)
/home/jet/programm/stm32/gcc-arm-none-eabi-4_9-2015q3/bin/../lib/gcc/arm-none-eabi/4.9.3/../../../../arm-none-eabi/lib/armv7-m/libg.a(lib_a-sprintf.o)
                              ./src/tcp_echoclient.o (sprintf)
/home/jet/programm/stm32/gcc-arm-none-eabi-4_9-2015q3/bin/../lib/gcc/arm-none-eabi/4.9.3/../../../../arm-none-eabi/lib/armv7-m/libg.a(lib_a-strcmp.o)
                              ./system/src/cortexm/exception_handlers.o (strcmp)
/home/jet/programm/stm32/gcc-arm-none-eabi-4_9-2015q3/bin/../lib/gcc/arm-none-eabi/4.9.3/../../../../arm-none-eabi/lib/armv7-m/libg.a(lib_a-strcpy.o)
                              ./src/mqtt.o (strcpy)
/home/jet/programm/stm32/gcc-arm-none-eabi-4_9-2015q3/bin/../lib/gcc/arm-none-eabi/4.9.3/../../../../arm-none-eabi/lib/armv7-m/libg.a(lib_a-strlen.o)
                              ./system/src/diag/Trace.o (strlen)
/home/jet/programm/stm32/gcc-arm-none-eabi-4_9-2015q3/bin/../lib/gcc/arm-none-eabi/4.9.3/../../../../arm-none-eabi/lib/armv7-m/libg.a(lib_a-svfprintf.o)
                              /home/jet/programm/stm32/gcc-arm-none-eabi-4_9-2015q3/bin/../lib/gcc/arm-none-eabi/4.9.3/../../../../arm-none-eabi/lib/armv7-m/libg.a(lib_a-sprintf.o) (_svfprintf_r)
/home/jet/programm/stm32/gcc-arm-none-eabi-4_9-2015q3/bin/../lib/gcc/arm-none-eabi/4.9.3/../../../../arm-none-eabi/lib/armv7-m/libg.a(lib_a-vsnprintf.o)
                              ./system/src/diag/Trace.o (vsnprintf)
/home/jet/programm/stm32/gcc-arm-none-eabi-4_9-2015q3/bin/../lib/gcc/arm-none-eabi/4.9.3/../../../../arm-none-eabi/lib/armv7-m/libg.a(lib_a-dtoa.o)
                              /home/jet/programm/stm32/gcc-arm-none-eabi-4_9-2015q3/bin/../lib/gcc/arm-none-eabi/4.9.3/../../../../arm-none-eabi/lib/armv7-m/libg.a(lib_a-svfprintf.o) (_dtoa_r)
/home/jet/programm/stm32/gcc-arm-none-eabi-4_9-2015q3/bin/../lib/gcc/arm-none-eabi/4.9.3/../../../../arm-none-eabi/lib/armv7-m/libg.a(lib_a-freer.o)
                              /home/jet/programm/stm32/gcc-arm-none-eabi-4_9-2015q3/bin/../lib/gcc/arm-none-eabi/4.9.3/../../../../arm-none-eabi/lib/armv7-m/libg.a(lib_a-malloc.o) (_free_r)
/home/jet/programm/stm32/gcc-arm-none-eabi-4_9-2015q3/bin/../lib/gcc/arm-none-eabi/4.9.3/../../../../arm-none-eabi/lib/armv7-m/libg.a(lib_a-locale.o)
                              /home/jet/programm/stm32/gcc-arm-none-eabi-4_9-2015q3/bin/../lib/gcc/arm-none-eabi/4.9.3/../../../../arm-none-eabi/lib/armv7-m/libg.a(lib_a-svfprintf.o) (_localeconv_r)
[...]
Memory Configuration

Name             Origin             Length             Attributes
RAM              0x20000000         0x00020000         xrw
CCMRAM           0x00000000         0x00000000         xrw
FLASH            0x08000000         0x00100000         xr
FLASHB1          0x00000000         0x00000000         xr
EXTMEMB0         0x00000000         0x00000000         xr
EXTMEMB1         0x00000000         0x00000000         xr
EXTMEMB2         0x00000000         0x00000000         xr
EXTMEMB3         0x00000000         0x00000000         xr
MEMORY_ARRAY     0x00000000         0x00000000         xrw
*default*        0x00000000         0xffffffff

Linker script and memory map

LOAD ./system/src/stm32f2-stdperiph/misc.o
LOAD ./system/src/stm32f2-stdperiph/stm32f2xx_adc.o
LOAD ./system/src/stm32f2-stdperiph/stm32f2xx_can.o
LOAD ./system/src/stm32f2-stdperiph/stm32f2xx_crc.o
LOAD ./system/src/stm32f2-stdperiph/stm32f2xx_cryp.o
LOAD ./system/src/stm32f2-stdperiph/stm32f2xx_cryp_aes.o
LOAD ./system/src/stm32f2-stdperiph/stm32f2xx_cryp_des.o
LOAD ./system/src/stm32f2-stdperiph/stm32f2xx_cryp_tdes.o
LOAD ./system/src/stm32f2-stdperiph/stm32f2xx_dac.o
LOAD ./system/src/stm32f2-stdperiph/stm32f2xx_dbgmcu.o
LOAD ./system/src/stm32f2-stdperiph/stm32f2xx_dcmi.o
LOAD ./system/src/stm32f2-stdperiph/stm32f2xx_dma.o
LOAD ./system/src/stm32f2-stdperiph/stm32f2xx_exti.o
LOAD ./system/src/stm32f2-stdperiph/stm32f2xx_flash.o
LOAD ./system/src/stm32f2-stdperiph/stm32f2xx_fsmc.o
LOAD ./system/src/stm32f2-stdperiph/stm32f2xx_gpio.o
LOAD ./system/src/stm32f2-stdperiph/stm32f2xx_hash.o
LOAD ./system/src/stm32f2-stdperiph/stm32f2xx_hash_md5.o
LOAD ./system/src/stm32f2-stdperiph/stm32f2xx_hash_sha1.o
LOAD ./system/src/stm32f2-stdperiph/stm32f2xx_i2c.o
LOAD ./system/src/stm32f2-stdperiph/stm32f2xx_iwdg.o
LOAD ./system/src/stm32f2-stdperiph/stm32f2xx_pwr.o
LOAD ./system/src/stm32f2-stdperiph/stm32f2xx_rcc.o
LOAD ./system/src/stm32f2-stdperiph/stm32f2xx_rng.o
LOAD ./system/src/stm32f2-stdperiph/stm32f2xx_rtc.o
LOAD ./system/src/stm32f2-stdperiph/stm32f2xx_sdio.o
LOAD ./system/src/stm32f2-stdperiph/stm32f2xx_spi.o
LOAD ./system/src/stm32f2-stdperiph/stm32f2xx_syscfg.o
LOAD ./system/src/stm32f2-stdperiph/stm32f2xx_tim.o
LOAD ./system/src/stm32f2-stdperiph/stm32f2xx_usart.o
LOAD ./system/src/stm32f2-stdperiph/stm32f2xx_wwdg.o
LOAD ./system/src/newlib/_cxx.o
LOAD ./system/src/newlib/_exit.o
LOAD ./system/src/newlib/_sbrk.o
LOAD ./system/src/newlib/_startup.o
LOAD ./system/src/newlib/_syscalls.o
LOAD ./system/src/newlib/assert.o
LOAD ./system/src/diag/Trace.o
LOAD ./system/src/diag/trace_impl.o
LOAD ./system/src/cortexm/_initialize_hardware.o
LOAD ./system/src/cortexm/_reset_hardware.o
LOAD ./system/src/cortexm/exception_handlers.o
LOAD ./system/src/cmsis/system_stm32f2xx.o
LOAD ./system/src/cmsis/vectors_stm32f2xx.o
LOAD ./src/_write.o
LOAD ./src/buffer.o
LOAD ./src/main.o
LOAD ./src/mqtt.o
LOAD ./src/mqttApp.o
LOAD ./src/my_cli.o
LOAD ./src/stm32f2xx_it.o
LOAD ./src/tcp_echoclient.o
LOAD ./src/time.o
LOAD ./eth/src/core/ipv4/autoip.o
LOAD ./eth/src/core/ipv4/icmp.o
LOAD ./eth/src/core/ipv4/igmp.o
LOAD ./eth/src/core/ipv4/inet.o
LOAD ./eth/src/core/ipv4/inet_chksum.o
LOAD ./eth/src/core/ipv4/ip.o
LOAD ./eth/src/core/ipv4/ip_addr.o
LOAD ./eth/src/core/ipv4/ip_frag.o
LOAD ./eth/src/core/def.o
LOAD ./eth/src/core/dhcp.o
LOAD ./eth/src/core/dns.o
LOAD ./eth/src/core/init.o
LOAD ./eth/src/core/mem.o
LOAD ./eth/src/core/memp.o
LOAD ./eth/src/core/netif.o
LOAD ./eth/src/core/pbuf.o
LOAD ./eth/src/core/raw.o
LOAD ./eth/src/core/stats.o
LOAD ./eth/src/core/sys.o
LOAD ./eth/src/core/tcp.o
LOAD ./eth/src/core/tcp_in.o
LOAD ./eth/src/core/tcp_out.o
LOAD ./eth/src/core/timers.o
LOAD ./eth/src/core/udp.o
LOAD ./eth/src/etharp.o
LOAD ./eth/src/ethernetif.o
LOAD ./eth/src/netconf.o
LOAD ./eth/src/sntp.o
LOAD ./eth/src/stm32f2x7_eth.o
LOAD ./eth/src/stm32f2x7_eth_bsp.o
LOAD /home/jet/programm/stm32/gcc-arm-none-eabi-4_9-2015q3/bin/../lib/gcc/arm-none-eabi/4.9.3/../../../../arm-none-eabi/lib/armv7-m/libstdc++.a
LOAD /home/jet/programm/stm32/gcc-arm-none-eabi-4_9-2015q3/bin/../lib/gcc/arm-none-eabi/4.9.3/../../../../arm-none-eabi/lib/armv7-m/libm.a
START GROUP
LOAD /home/jet/programm/stm32/gcc-arm-none-eabi-4_9-2015q3/bin/../lib/gcc/arm-none-eabi/4.9.3/armv7-m/libgcc.a
LOAD /home/jet/programm/stm32/gcc-arm-none-eabi-4_9-2015q3/bin/../lib/gcc/arm-none-eabi/4.9.3/../../../../arm-none-eabi/lib/armv7-m/libg.a
LOAD /home/jet/programm/stm32/gcc-arm-none-eabi-4_9-2015q3/bin/../lib/gcc/arm-none-eabi/4.9.3/../../../../arm-none-eabi/lib/armv7-m/libc.a
END GROUP
                0x20020000                __stack = (ORIGIN (RAM) + 0x20000)
                0x20020000                _estack = __stack
                0x00000400                __Main_Stack_Size = 0x400
                0x00000400                PROVIDE (_Main_Stack_Size, __Main_Stack_Size)
                0x2001fc00                __Main_Stack_Limit = (__stack - __Main_Stack_Size)
                0x2001fc00                PROVIDE (_Main_Stack_Limit, __Main_Stack_Limit)
                0x00000100                _Minimum_Stack_Size = 0x100
                0x2000b268                PROVIDE (_Heap_Begin, _end_noinit)
                0x2001fc00                PROVIDE (_Heap_Limit, (__stack - __Main_Stack_Size))

.isr_vector     0x08000000      0x3cc
 FILL mask 0xff
                0x08000000                __vectors_start = ABSOLUTE (.)
                0x08000000                __vectors_start__ = ABSOLUTE (.)
 *(.isr_vector)
 .isr_vector    0x08000000      0x184 ./system/src/cmsis/vectors_stm32f2xx.o
                0x08000000                __isr_vectors
 *(.cfmconfig)
 *(.after_vectors .after_vectors.*)
 .after_vectors
                0x08000184      0x114 ./system/src/newlib/_startup.o
                0x08000184                _start
 .after_vectors
                0x08000298      0x130 ./system/src/cortexm/exception_handlers.o
                0x08000298                Reset_Handler
                0x080002b8                HardFault_Handler_C
                0x08000330                BusFault_Handler_C
                0x08000378                UsageFault_Handler_C
 .after_vectors
                0x080003c8        0x4 ./system/src/cmsis/vectors_stm32f2xx.o
                0x080003c8                RTC_Alarm_IRQHandler
                0x080003c8                HASH_RNG_IRQHandler
                0x080003c8                EXTI2_IRQHandler
                0x080003c8                TIM8_CC_IRQHandler
                0x080003c8                TIM1_CC_IRQHandler
                0x080003c8                DMA2_Stream5_IRQHandler
                0x080003c8                DMA1_Stream5_IRQHandler
                0x080003c8                PVD_IRQHandler
                0x080003c8                SDIO_IRQHandler
                0x080003c8                TAMP_STAMP_IRQHandler
                0x080003c8                CAN2_RX1_IRQHandler
                0x080003c8                TIM8_TRG_COM_TIM14_IRQHandler
                0x080003c8                TIM1_UP_TIM10_IRQHandler
                0x080003c8                TIM8_UP_TIM13_IRQHandler
                0x080003c8                I2C3_ER_IRQHandler
                0x080003c8                EXTI0_IRQHandler
                0x080003c8                I2C2_EV_IRQHandler
                0x080003c8                DMA1_Stream2_IRQHandler
                0x080003c8                CAN1_RX0_IRQHandler
                0x080003c8                OTG_HS_WKUP_IRQHandler
                0x080003c8                CAN2_SCE_IRQHandler
                0x080003c8                DMA2_Stream2_IRQHandler
                0x080003c8                SPI1_IRQHandler
                0x080003c8                TIM6_DAC_IRQHandler
                0x080003c8                TIM1_BRK_TIM9_IRQHandler
                0x080003c8                DCMI_IRQHandler
                0x080003c8                CAN2_RX0_IRQHandler
                0x080003c8                DMA2_Stream3_IRQHandler
                0x080003c8                USART6_IRQHandler
                0x080003c8                USART3_IRQHandler
                0x080003c8                CRYP_IRQHandler
                0x080003c8                CAN1_RX1_IRQHandler
                0x080003c8                UART5_IRQHandler
                0x080003c8                DMA2_Stream0_IRQHandler
                0x080003c8                TIM4_IRQHandler
                0x080003c8                I2C1_EV_IRQHandler
                0x080003c8                DMA1_Stream6_IRQHandler
                0x080003c8                DMA1_Stream1_IRQHandler
                0x080003c8                UART4_IRQHandler
                0x080003c8                TIM3_IRQHandler
                0x080003c8                RCC_IRQHandler
                0x080003c8                TIM8_BRK_TIM12_IRQHandler
                0x080003c8                TIM1_TRG_COM_IRQHandler
                0x080003c8                Default_Handler
                0x080003c8                EXTI15_10_IRQHandler
                0x080003c8                ADC_IRQHandler
                0x080003c8                DMA1_Stream7_IRQHandler
                0x080003c8                TIM7_IRQHandler
                0x080003c8                CAN2_TX_IRQHandler
                0x080003c8                TIM5_IRQHandler
                0x080003c8                DMA2_Stream7_IRQHandler
                0x080003c8                I2C3_EV_IRQHandler
                0x080003c8                EXTI9_5_IRQHandler
                0x080003c8                RTC_WKUP_IRQHandler
                0x080003c8                ETH_WKUP_IRQHandler
                0x080003c8                SPI2_IRQHandler
                0x080003c8                OTG_HS_EP1_IN_IRQHandler
                0x080003c8                DMA1_Stream0_IRQHandler
                0x080003c8                CAN1_TX_IRQHandler
                0x080003c8                EXTI4_IRQHandler
                0x080003c8                FSMC_IRQHandler
                0x080003c8                ETH_IRQHandler
                0x080003c8                OTG_HS_EP1_OUT_IRQHandler
                0x080003c8                WWDG_IRQHandler
                0x080003c8                TIM2_IRQHandler
                0x080003c8                OTG_FS_WKUP_IRQHandler
                0x080003c8                TIM1_TRG_COM_TIM11_IRQHandler
                0x080003c8                OTG_HS_IRQHandler
                0x080003c8                EXTI1_IRQHandler
                0x080003c8                USART2_IRQHandler
                0x080003c8                I2C2_ER_IRQHandler
                0x080003c8                DMA2_Stream1_IRQHandler
                0x080003c8                CAN1_SCE_IRQHandler
                0x080003c8                FLASH_IRQHandler
                0x080003c8                DMA2_Stream4_IRQHandler
                0x080003c8                USART1_IRQHandler
                0x080003c8                OTG_FS_IRQHandler
                0x080003c8                SPI3_IRQHandler
                0x080003c8                DMA1_Stream4_IRQHandler
                0x080003c8                I2C1_ER_IRQHandler
                0x080003c8                DMA2_Stream6_IRQHandler
                0x080003c8                DMA1_Stream3_IRQHandler

.inits          0x080003cc       0x28
                0x080003cc                __data_regions_array_start = .
                0x080003cc        0x4 LONG 0x800c0c0 LOADADDR (.data)
                0x080003d0        0x4 LONG 0x20000000 ADDR (.data)
                0x080003d4        0x4 LONG 0x200008b0 (ADDR (.data) + SIZEOF (.data))
                0x080003d8        0x4 LONG 0x800c0c0 LOADADDR (.data_CCMRAM)
                0x080003dc        0x4 LONG 0x0 ADDR (.data_CCMRAM)
                0x080003e0        0x4 LONG 0x0 (ADDR (.data_CCMRAM) + SIZEOF (.data_CCMRAM))
                0x080003e4                __data_regions_array_end = .
                0x080003e4                __bss_regions_array_start = .
                0x080003e4        0x4 LONG 0x200008b0 ADDR (.bss)
                0x080003e8        0x4 LONG 0x2000b268 (ADDR (.bss) + SIZEOF (.bss))
                0x080003ec        0x4 LONG 0x0 ADDR (.bss_CCMRAM)
                0x080003f0        0x4 LONG 0x0 (ADDR (.bss_CCMRAM) + SIZEOF (.bss_CCMRAM))
                0x080003f4                __bss_regions_array_end = .
 *(.init)
 *(.fini)
                0x080003f4                . = ALIGN (0x4)
                0x080003f4                PROVIDE (__preinit_array_start, .)
 *(.preinit_array_sysinit .preinit_array_sysinit.*)
 *(.preinit_array_platform .preinit_array_platform.*)
 *(.preinit_array .preinit_array.*)
                0x080003f4                PROVIDE (__preinit_array_end, .)
                0x080003f4                . = ALIGN (0x4)
                0x080003f4                PROVIDE (__init_array_start, .)
 *(SORT(.init_array.*))
 *(.init_array)
                0x080003f4                PROVIDE (__init_array_end, .)
                0x080003f4                . = ALIGN (0x4)
                0x080003f4                PROVIDE (__fini_array_start, .)
 *(SORT(.fini_array.*))
 *(.fini_array)
                0x080003f4                PROVIDE (__fini_array_end, .)

.flashtext
 *(.flashtext .flashtext.*)

.text           0x080003f8     0xbcc0
 *(.text .text.*)
 .text.NVIC_PriorityGroupConfig
                0x080003f8       0x14 ./system/src/stm32f2-stdperiph/misc.o
                0x080003f8                NVIC_PriorityGroupConfig
 .text.NVIC_Init
                0x0800040c       0x74 ./system/src/stm32f2-stdperiph/misc.o
                0x0800040c                NVIC_Init
 .text.SysTick_CLKSourceConfig
                0x08000480       0x20 ./system/src/stm32f2-stdperiph/misc.o
                0x08000480                SysTick_CLKSourceConfig
 .text.EXTI_Init
                0x080004a0       0x90 ./system/src/stm32f2-stdperiph/stm32f2xx_exti.o
                0x080004a0                EXTI_Init
 .text.EXTI_GetITStatus
                0x08000530       0x20 ./system/src/stm32f2-stdperiph/stm32f2xx_exti.o
                0x08000530                EXTI_GetITStatus
 .text.EXTI_ClearITPendingBit
                0x08000550        0xc ./system/src/stm32f2-stdperiph/stm32f2xx_exti.o
                0x08000550                EXTI_ClearITPendingBit
 .text.GPIO_Init
                0x0800055c       0x84 ./system/src/stm32f2-stdperiph/stm32f2xx_gpio.o
                0x0800055c                GPIO_Init
 .text.GPIO_PinAFConfig
                0x080005e0       0x30 ./system/src/stm32f2-stdperiph/stm32f2xx_gpio.o
                0x080005e0                GPIO_PinAFConfig
 .text.RCC_GetClocksFreq
                0x08000610       0xb8 ./system/src/stm32f2-stdperiph/stm32f2xx_rcc.o
                0x08000610                RCC_GetClocksFreq
 .text.RCC_AHB1PeriphClockCmd
                0x080006c8       0x1c ./system/src/stm32f2-stdperiph/stm32f2xx_rcc.o
                0x080006c8                RCC_AHB1PeriphClockCmd
 .text.RCC_APB2PeriphClockCmd
                0x080006e4       0x1c ./system/src/stm32f2-stdperiph/stm32f2xx_rcc.o
                0x080006e4                RCC_APB2PeriphClockCmd
 .text.RCC_AHB1PeriphResetCmd
                0x08000700       0x1c ./system/src/stm32f2-stdperiph/stm32f2xx_rcc.o
                0x08000700                RCC_AHB1PeriphResetCmd
 .text.RTC_ByteToBcd2
                0x0800071c       0x18 ./system/src/stm32f2-stdperiph/stm32f2xx_rtc.o
 .text.RTC_EnterInitMode
                0x08000734       0x50 ./system/src/stm32f2-stdperiph/stm32f2xx_rtc.o
                0x08000734                RTC_EnterInitMode
 .text.RTC_ExitInitMode
                0x08000784       0x10 ./system/src/stm32f2-stdperiph/stm32f2xx_rtc.o
                0x08000784                RTC_ExitInitMode
 .text.RTC_WaitForSynchro
                0x08000794       0x50 ./system/src/stm32f2-stdperiph/stm32f2xx_rtc.o
                0x08000794                RTC_WaitForSynchro
 .text.RTC_SetTime
                0x080007e4       0x98 ./system/src/stm32f2-stdperiph/stm32f2xx_rtc.o
                0x080007e4                RTC_SetTime
 .text.RTC_SetDate
                0x0800087c       0x8c ./system/src/stm32f2-stdperiph/stm32f2xx_rtc.o
                0x0800087c                RTC_SetDate
 .text.SYSCFG_EXTILineConfig
                0x08000908       0x34 ./system/src/stm32f2-stdperiph/stm32f2xx_syscfg.o
                0x08000908                SYSCFG_EXTILineConfig
 .text.SYSCFG_ETH_MediaInterfaceConfig
                0x0800093c        0xc ./system/src/stm32f2-stdperiph/stm32f2xx_syscfg.o
                0x0800093c                SYSCFG_ETH_MediaInterfaceConfig
 .text._exit    0x08000948        0x4 ./system/src/newlib/_exit.o
                0x08000948                _exit
 .text._sbrk    0x0800094c       0x44 ./system/src/newlib/_sbrk.o
                0x0800094c                _sbrk
 .text.__initialize_args
                0x08000990       0x10 ./system/src/newlib/_syscalls.o
                0x08000990                __initialize_args
 .text.trace_printf
                0x080009a0       0x34 ./system/src/diag/Trace.o
                0x080009a0                trace_printf
 .text._trace_write_semihosting_stdout
                0x080009d4       0x70 ./system/src/diag/trace_impl.o
 .text.trace_write
                0x08000a44        0x8 ./system/src/diag/trace_impl.o
                0x08000a44                trace_write
 .text.__initialize_hardware_early
                0x08000a4c       0x18 ./system/src/cortexm/_initialize_hardware.o
                0x08000a4c                __initialize_hardware_early
 .text.__initialize_hardware
                0x08000a64        0x8 ./system/src/cortexm/_initialize_hardware.o
                0x08000a64                __initialize_hardware
 .text.dumpExceptionStack
                0x08000a6c       0xf0 ./system/src/cortexm/exception_handlers.o
                0x08000a6c                dumpExceptionStack
 .text.isSemihosting
                0x08000b5c       0x78 ./system/src/cortexm/exception_handlers.o
                0x08000b5c                isSemihosting
 .text.SetSysClock
                0x08000bd4       0xac ./system/src/cmsis/system_stm32f2xx.o
 .text.SystemInit
                0x08000c80       0x44 ./system/src/cmsis/system_stm32f2xx.o
                0x08000c80                SystemInit
 .text.SystemCoreClockUpdate
                0x08000cc4       0xa4 ./system/src/cmsis/system_stm32f2xx.o
                0x08000cc4                SystemCoreClockUpdate
 .text.BUFFER_Init
                0x08000d68       0x40 ./src/buffer.o
                0x08000d68                BUFFER_Init
 .text.main     0x08000da8       0x30 ./src/main.o
                0x08000da8                main
 .text.Delay    0x08000dd8       0x1c ./src/main.o
                0x08000dd8                Delay
 .text.genericError
                0x08000df4       0x40 ./src/main.o
                0x08000df4                genericError
 .text.Time_Update
                0x08000e34       0x10 ./src/main.o
                0x08000e34                Time_Update
 .text.conn_err
                0x08000e44        0x4 ./src/mqtt.o
 .text.recv_callback
                0x08000e48       0x60 ./src/mqtt.o
                0x08000e48                recv_callback
 .text.accept_callback
                0x08000ea8       0x14 ./src/mqtt.o
                0x08000ea8                accept_callback
 .text.http_poll
                0x08000ebc       0x24 ./src/mqtt.o
 .text.mqttDisconnectForced
                0x08000ee0       0x18 ./src/mqtt.o
                0x08000ee0                mqttDisconnectForced
 .text.mqttInit
                0x08000ef8       0x1c ./src/mqtt.o
                0x08000ef8                mqttInit
 .text.mqttConnect
                0x08000f14      0x13c ./src/mqtt.o
                0x08000f14                mqttConnect
 .text.mqttTimer
                0x08001050        0x8 ./src/mqttApp.o
                0x08001050                mqttTimer
 .text.mqttAppMsgReceived
                0x08001058       0x44 ./src/mqttApp.o
                0x08001058                mqttAppMsgReceived
 .text.mqttAppInit
                0x0800109c       0x70 ./src/mqttApp.o
                0x0800109c                mqttAppInit
 .text.serverFound
                0x0800110c       0x20 ./src/my_cli.o
                0x0800110c                serverFound
 .text.cliPrevInit
                0x0800112c       0x98 ./src/my_cli.o
                0x0800112c                cliPrevInit
 .text.dnsStart
                0x080011c4       0x4c ./src/my_cli.o
                0x080011c4                dnsStart
 .text.cliProcess
                0x08001210       0x54 ./src/my_cli.o
                0x08001210                cliProcess
 .text.NMI_Handler
                0x08001264        0x4 ./src/stm32f2xx_it.o
                0x08001264                NMI_Handler
 .text.HardFault_Handler
                0x08001268        0x4 ./src/stm32f2xx_it.o
                0x08001268                HardFault_Handler
 .text.MemManage_Handler
                0x0800126c        0x4 ./src/stm32f2xx_it.o
                0x0800126c                MemManage_Handler
 .text.BusFault_Handler
                0x08001270        0x4 ./src/stm32f2xx_it.o
                0x08001270                BusFault_Handler
 .text.UsageFault_Handler
                0x08001274        0x4 ./src/stm32f2xx_it.o
                0x08001274                UsageFault_Handler
 .text.SVC_Handler
                0x08001278        0x4 ./src/stm32f2xx_it.o
                0x08001278                SVC_Handler
 .text.DebugMon_Handler
                0x0800127c        0x4 ./src/stm32f2xx_it.o
                0x0800127c                DebugMon_Handler
 .text.PendSV_Handler
                0x08001280        0x4 ./src/stm32f2xx_it.o
                0x08001280                PendSV_Handler
 .text.SysTick_Handler
                0x08001284       0x14 ./src/stm32f2xx_it.o
                0x08001284                SysTick_Handler
 .text.EXTI3_IRQHandler
                0x08001298       0x18 ./src/stm32f2xx_it.o
                0x08001298                EXTI3_IRQHandler
 .text.sys_now  0x080012b0        0xc ./src/time.o
                0x080012b0                sys_now
 .text.xUtime2Tm
                0x080012bc       0xfc ./src/time.o
                0x080012bc                xUtime2Tm
 .text.setRtcTime
                0x080013b8       0x24 ./src/time.o
                0x080013b8                setRtcTime
 .text.icmp_send_response
                0x080013dc       0x70 ./eth/src/core/ipv4/icmp.o
 .text.icmp_input
                0x0800144c      0x144 ./eth/src/core/ipv4/icmp.o
                0x0800144c                icmp_input
 .text.icmp_dest_unreach
                0x08001590        0xc ./eth/src/core/ipv4/icmp.o
                0x08001590                icmp_dest_unreach
 .text.icmp_time_exceeded
                0x0800159c        0xc ./eth/src/core/ipv4/icmp.o
                0x0800159c                icmp_time_exceeded
 .text.lwip_standard_chksum
                0x080015a8       0x60 ./eth/src/core/ipv4/inet_chksum.o
 .text.inet_chksum
                0x08001608        0xc ./eth/src/core/ipv4/inet_chksum.o
                0x08001608                inet_chksum
 .text.inet_chksum_pbuf
                0x08001614       0x4c ./eth/src/core/ipv4/inet_chksum.o
                0x08001614                inet_chksum_pbuf
 .text.ip_route
                0x08001660       0x48 ./eth/src/core/ipv4/ip.o
                0x08001660                ip_route
 .text.ip_input
                0x080016a8      0x174 ./eth/src/core/ipv4/ip.o
                0x080016a8                ip_input
 .text.ip_output_if
                0x0800181c       0xb4 ./eth/src/core/ipv4/ip.o
                0x0800181c                ip_output_if
 .text.ip_output
                0x080018d0       0x38 ./eth/src/core/ipv4/ip.o
                0x080018d0                ip_output
 .text.ip4_addr_isbroadcast
                0x08001908       0x44 ./eth/src/core/ipv4/ip_addr.o
                0x08001908                ip4_addr_isbroadcast
 .text.ipaddr_aton
                0x0800194c      0x144 ./eth/src/core/ipv4/ip_addr.o
                0x0800194c                ipaddr_aton
 .text.ipaddr_addr
                0x08001a90       0x1c ./eth/src/core/ipv4/ip_addr.o
                0x08001a90                ipaddr_addr
 .text.ip_reass_dequeue_datagram
                0x08001aac       0x28 ./eth/src/core/ipv4/ip_frag.o
 .text.ip_reass_free_complete_datagram
                0x08001ad4       0x74 ./eth/src/core/ipv4/ip_frag.o
 .text.ip_reass_remove_oldest_datagram
                0x08001b48       0x70 ./eth/src/core/ipv4/ip_frag.o
 .text.ip_frag_free_pbuf_custom_ref
                0x08001bb8        0xc ./eth/src/core/ipv4/ip_frag.o
 .text.ipfrag_free_pbuf_custom
                0x08001bc4       0x14 ./eth/src/core/ipv4/ip_frag.o
 .text.ip_reass_chain_frag_into_datagram_and_validate
                0x08001bd8      0x100 ./eth/src/core/ipv4/ip_frag.o
 .text.ip_frag_alloc_pbuf_custom_ref
                0x08001cd8        0xc ./eth/src/core/ipv4/ip_frag.o
 .text.ip_reass_enqueue_new_datagram
                0x08001ce4       0x54 ./eth/src/core/ipv4/ip_frag.o
 .text.ip_reass_tmr
                0x08001d38       0x2c ./eth/src/core/ipv4/ip_frag.o
                0x08001d38                ip_reass_tmr
 .text.ip_reass
                0x08001d64      0x174 ./eth/src/core/ipv4/ip_frag.o
                0x08001d64                ip_reass
 .text.ip_frag  0x08001ed8      0x17c ./eth/src/core/ipv4/ip_frag.o
                0x08001ed8                ip_frag
 .text.lwip_htons
                0x08002054        0xc ./eth/src/core/def.o
                0x08002054                lwip_htons
 .text.lwip_ntohs
                0x08002060        0x8 ./eth/src/core/def.o
                0x08002060                lwip_ntohs
 .text.lwip_htonl
                0x08002068       0x18 ./eth/src/core/def.o
                0x08002068                lwip_htonl
 .text.lwip_ntohl
                0x08002080        0x8 ./eth/src/core/def.o
                0x08002080                lwip_ntohl
 .text.dns_compare_name
                0x08002088       0x40 ./eth/src/core/dns.o
 .text.dns_parse_name
                0x080020c8       0x28 ./eth/src/core/dns.o
 .text.dns_recv
                0x080020f0      0x1a8 ./eth/src/core/dns.o
 .text.dns_send
                0x08002298       0xd0 ./eth/src/core/dns.o
 .text.dns_check_entry
                0x08002368      0x12c ./eth/src/core/dns.o
 .text.dns_check_entries
                0x08002494       0x18 ./eth/src/core/dns.o
 .text.dns_enqueue
                0x080024ac       0xc0 ./eth/src/core/dns.o
 .text.dns_lookup
                0x0800256c       0x4c ./eth/src/core/dns.o
 .text.dns_setserver
                0x080025b8       0x24 ./eth/src/core/dns.o
                0x080025b8                dns_setserver
 .text.dns_init
                0x080025dc       0x60 ./eth/src/core/dns.o
                0x080025dc                dns_init
 .text.dns_tmr  0x0800263c       0x14 ./eth/src/core/dns.o
                0x0800263c                dns_tmr
 .text.dns_gethostbyname
                0x08002650       0x64 ./eth/src/core/dns.o
                0x08002650                dns_gethostbyname
 .text.plug_holes
                0x080026b4       0x68 ./eth/src/core/mem.o
 .text.mem_init
                0x0800271c       0x3c ./eth/src/core/mem.o
                0x0800271c                mem_init
 .text.mem_free
                0x08002758       0x40 ./eth/src/core/mem.o
                0x08002758                mem_free
 .text.mem_trim
                0x08002798       0xc8 ./eth/src/core/mem.o
                0x08002798                mem_trim
 .text.mem_malloc
                0x08002860       0xb8 ./eth/src/core/mem.o
                0x08002860                mem_malloc
 .text.memp_init
                0x08002918       0x64 ./eth/src/core/memp.o
                0x08002918                memp_init
 .text.memp_malloc
                0x0800297c       0x20 ./eth/src/core/memp.o
                0x0800297c                memp_malloc
 .text.memp_free
                0x0800299c       0x18 ./eth/src/core/memp.o
                0x0800299c                memp_free
 .text.netif_set_ipaddr
                0x080029b4       0x64 ./eth/src/core/netif.o
                0x080029b4                netif_set_ipaddr
 .text.netif_set_gw
                0x08002a18        0xc ./eth/src/core/netif.o
                0x08002a18                netif_set_gw
 .text.netif_set_netmask
                0x08002a24        0xc ./eth/src/core/netif.o
                0x08002a24                netif_set_netmask
 .text.netif_set_addr
                0x08002a30       0x20 ./eth/src/core/netif.o
                0x08002a30                netif_set_addr
 .text.netif_add
                0x08002a50       0x48 ./eth/src/core/netif.o
                0x08002a50                netif_add
 .text.netif_set_default
                0x08002a98        0xc ./eth/src/core/netif.o
                0x08002a98                netif_set_default
 .text.netif_set_up
                0x08002aa4       0x2c ./eth/src/core/netif.o
                0x08002aa4                netif_set_up
 .text.pbuf_alloced_custom
                0x08002ad0       0x60 ./eth/src/core/pbuf.o
                0x08002ad0                pbuf_alloced_custom
 .text.pbuf_header
                0x08002b30       0x7c ./eth/src/core/pbuf.o
                0x08002b30                pbuf_header
 .text.pbuf_free
                0x08002bac       0x60 ./eth/src/core/pbuf.o
                0x08002bac                pbuf_free
 .text.pbuf_alloc
                0x08002c0c      0x130 ./eth/src/core/pbuf.o
                0x08002c0c                pbuf_alloc
 .text.pbuf_realloc
                0x08002d3c       0x4c ./eth/src/core/pbuf.o
                0x08002d3c                pbuf_realloc
 .text.pbuf_clen
                0x08002d88       0x14 ./eth/src/core/pbuf.o
                0x08002d88                pbuf_clen
 .text.pbuf_ref
                0x08002d9c        0xc ./eth/src/core/pbuf.o
                0x08002d9c                pbuf_ref
 .text.pbuf_cat
                0x08002da8       0x2c ./eth/src/core/pbuf.o
                0x08002da8                pbuf_cat
 .text.pbuf_chain
                0x08002dd4       0x10 ./eth/src/core/pbuf.o
                0x08002dd4                pbuf_chain
 .text.pbuf_copy
                0x08002de4       0xac ./eth/src/core/pbuf.o
                0x08002de4                pbuf_copy
 .text.pbuf_copy_partial
                0x08002e90       0x7c ./eth/src/core/pbuf.o
                0x08002e90                pbuf_copy_partial
 .text.raw_input
                0x08002f0c       0x78 ./eth/src/core/raw.o
                0x08002f0c                raw_input
 .text.tcp_new_port
                0x08002f84       0x64 ./eth/src/core/tcp.o
 .text.tcp_update_rcv_ann_wnd
                0x08002fe8       0x3c ./eth/src/core/tcp.o
                0x08002fe8                tcp_update_rcv_ann_wnd
 .text.tcp_recved
                0x08003024       0x34 ./eth/src/core/tcp.o
                0x08003024                tcp_recved
 .text.tcp_seg_free
                0x08003058       0x1c ./eth/src/core/tcp.o
                0x08003058                tcp_seg_free
 .text.tcp_segs_free
                0x08003074       0x14 ./eth/src/core/tcp.o
                0x08003074                tcp_segs_free
 .text.tcp_arg  0x08003088        0x4 ./eth/src/core/tcp.o
                0x08003088                tcp_arg
 .text.tcp_recv
                0x0800308c        0x4 ./eth/src/core/tcp.o
                0x0800308c                tcp_recv
 .text.tcp_err  0x08003090        0x8 ./eth/src/core/tcp.o
                0x08003090                tcp_err
 .text.tcp_accept
                0x08003098        0x4 ./eth/src/core/tcp.o
                0x08003098                tcp_accept
 .text.tcp_poll
                0x0800309c        0xc ./eth/src/core/tcp.o
                0x0800309c                tcp_poll
 .text.tcp_pcb_purge
                0x080030a8       0x3c ./eth/src/core/tcp.o
                0x080030a8                tcp_pcb_purge
 .text.tcp_slowtmr
                0x080030e4      0x2cc ./eth/src/core/tcp.o
                0x080030e4                tcp_slowtmr
 .text.tcp_pcb_remove
                0x080033b0       0x60 ./eth/src/core/tcp.o
                0x080033b0                tcp_pcb_remove
 .text.tcp_close_shutdown
                0x08003410      0x180 ./eth/src/core/tcp.o
 .text.tcp_close
                0x08003590       0x18 ./eth/src/core/tcp.o
                0x08003590                tcp_close
 .text.tcp_recv_null
                0x080035a8       0x28 ./eth/src/core/tcp.o
                0x080035a8                tcp_recv_null
 .text.tcp_process_refused_data
                0x080035d0       0x74 ./eth/src/core/tcp.o
                0x080035d0                tcp_process_refused_data
 .text.tcp_fasttmr
                0x08003644       0x68 ./eth/src/core/tcp.o
                0x08003644                tcp_fasttmr
 .text.tcp_tmr  0x080036ac       0x20 ./eth/src/core/tcp.o
                0x080036ac                tcp_tmr
 .text.tcp_abandon
                0x080036cc       0x88 ./eth/src/core/tcp.o
                0x080036cc                tcp_abandon
 .text.tcp_abort
                0x08003754        0xc ./eth/src/core/tcp.o
                0x08003754                tcp_abort
 .text.tcp_kill_timewait
                0x08003760       0x34 ./eth/src/core/tcp.o
 .text.tcp_kill_prio
                0x08003794       0x44 ./eth/src/core/tcp.o
 .text.tcp_next_iss
                0x080037d8       0x18 ./eth/src/core/tcp.o
                0x080037d8                tcp_next_iss
 .text.tcp_alloc
                0x080037f0       0xb4 ./eth/src/core/tcp.o
                0x080037f0                tcp_alloc
 .text.tcp_new  0x080038a4        0xc ./eth/src/core/tcp.o
                0x080038a4                tcp_new
 .text.tcp_eff_send_mss
                0x080038b0       0x20 ./eth/src/core/tcp.o
                0x080038b0                tcp_eff_send_mss
 .text.tcp_connect
                0x080038d0      0x100 ./eth/src/core/tcp.o
                0x080038d0                tcp_connect
 .text.tcp_parseopt
                0x080039d0       0x8c ./eth/src/core/tcp_in.o
 .text.tcp_timewait_input
                0x08003a5c       0x9c ./eth/src/core/tcp_in.o
 .text.tcp_listen_input
                0x08003af8      0x110 ./eth/src/core/tcp_in.o
 .text.tcp_receive
                0x08003c08      0x500 ./eth/src/core/tcp_in.o
 .text.tcp_process
                0x08004108      0x4c4 ./eth/src/core/tcp_in.o
 .text.tcp_input
                0x080045cc      0x3d0 ./eth/src/core/tcp_in.o
                0x080045cc                tcp_input
 .text.tcp_write_checks
                0x0800499c       0x4c ./eth/src/core/tcp_out.o
 .text.tcp_pbuf_prealloc
                0x080049e8       0x60 ./eth/src/core/tcp_out.o
 .text.tcp_create_segment
                0x08004a48       0xac ./eth/src/core/tcp_out.o
 .text.tcp_output_alloc_header
                0x08004af4       0x70 ./eth/src/core/tcp_out.o
 .text.tcp_output_segment
                0x08004b64       0xbc ./eth/src/core/tcp_out.o
 .text.tcp_write
                0x08004c20      0x328 ./eth/src/core/tcp_out.o
                0x08004c20                tcp_write
 .text.tcp_enqueue_flags
                0x08004f48       0xc4 ./eth/src/core/tcp_out.o
                0x08004f48                tcp_enqueue_flags
 .text.tcp_send_fin
                0x0800500c       0x48 ./eth/src/core/tcp_out.o
                0x0800500c                tcp_send_fin
 .text.tcp_send_empty_ack
                0x08005054       0x48 ./eth/src/core/tcp_out.o
                0x08005054                tcp_send_empty_ack
 .text.tcp_output
                0x0800509c      0x1bc ./eth/src/core/tcp_out.o
                0x0800509c                tcp_output
 .text.tcp_rst  0x08005258       0x7c ./eth/src/core/tcp_out.o
                0x08005258                tcp_rst
 .text.tcp_rexmit_rto
                0x080052d4       0x30 ./eth/src/core/tcp_out.o
                0x080052d4                tcp_rexmit_rto
 .text.tcp_rexmit
                0x08005304       0x50 ./eth/src/core/tcp_out.o
                0x08005304                tcp_rexmit
 .text.tcp_rexmit_fast
                0x08005354       0x5c ./eth/src/core/tcp_out.o
                0x08005354                tcp_rexmit_fast
 .text.tcp_keepalive
                0x080053b0       0x3c ./eth/src/core/tcp_out.o
                0x080053b0                tcp_keepalive
 .text.tcp_zero_window_probe
                0x080053ec       0x94 ./eth/src/core/tcp_out.o
                0x080053ec                tcp_zero_window_probe
 .text.sys_timeout
                0x08005480       0x68 ./eth/src/core/timers.o
                0x08005480                sys_timeout
 .text.tcp_timer_needed
                0x080054e8       0x38 ./eth/src/core/timers.o
                0x080054e8                tcp_timer_needed
 .text.tcpip_tcp_timer
                0x08005520       0x38 ./eth/src/core/timers.o
 .text.sys_timeouts_init
                0x08005558       0x40 ./eth/src/core/timers.o
                0x08005558                sys_timeouts_init
 .text.dns_timer
                0x08005598       0x18 ./eth/src/core/timers.o
 .text.arp_timer
                0x080055b0       0x18 ./eth/src/core/timers.o
 .text.ip_reass_timer
                0x080055c8       0x18 ./eth/src/core/timers.o
 .text.sys_untimeout
                0x080055e0       0x4c ./eth/src/core/timers.o
                0x080055e0                sys_untimeout
 .text.sys_check_timeouts
                0x0800562c       0x58 ./eth/src/core/timers.o
                0x0800562c                sys_check_timeouts
 .text.udp_new_port
                0x08005684       0x50 ./eth/src/core/udp.o
 .text.udp_input
                0x080056d4      0x170 ./eth/src/core/udp.o
                0x080056d4                udp_input
 .text.udp_bind
                0x08005844       0x78 ./eth/src/core/udp.o
                0x08005844                udp_bind
 .text.udp_sendto_if
                0x080058bc       0xc4 ./eth/src/core/udp.o
                0x080058bc                udp_sendto_if
 .text.udp_sendto
                0x08005980       0x2c ./eth/src/core/udp.o
                0x08005980                udp_sendto
 .text.udp_connect
                0x080059ac       0x50 ./eth/src/core/udp.o
                0x080059ac                udp_connect
 .text.udp_recv
                0x080059fc        0x8 ./eth/src/core/udp.o
                0x080059fc                udp_recv
 .text.udp_new  0x08005a04       0x1c ./eth/src/core/udp.o
                0x08005a04                udp_new
 .text.etharp_free_entry
                0x08005a20       0x38 ./eth/src/etharp.o
 .text.etharp_find_entry
                0x08005a58      0x13c ./eth/src/etharp.o
 .text.etharp_send_ip
                0x08005b94       0x30 ./eth/src/etharp.o
 .text.etharp_update_arp_entry
                0x08005bc4       0xac ./eth/src/etharp.o
 .text.etharp_raw
                0x08005c70       0xa4 ./eth/src/etharp.o
 .text.etharp_arp_input
                0x08005d14      0x108 ./eth/src/etharp.o
 .text.etharp_tmr
                0x08005e1c       0x68 ./eth/src/etharp.o
                0x08005e1c                etharp_tmr
 .text.etharp_request
                0x08005e84       0x30 ./eth/src/etharp.o
                0x08005e84                etharp_request
 .text.etharp_output_to_arp_index
                0x08005eb4       0x64 ./eth/src/etharp.o
 .text.etharp_query
                0x08005f18      0x12c ./eth/src/etharp.o
                0x08005f18                etharp_query
 .text.etharp_output
                0x08006044      0x128 ./eth/src/etharp.o
                0x08006044                etharp_output
 .text.ethernet_input
                0x0800616c       0x94 ./eth/src/etharp.o
                0x0800616c                ethernet_input
 .text.low_level_input
                0x08006200       0x94 ./eth/src/ethernetif.o
 .text.low_level_output
                0x08006294       0x30 ./eth/src/ethernetif.o
 .text.low_level_init
                0x080062c4       0x80 ./eth/src/ethernetif.o
 .text.ethernetif_input
                0x08006344       0x28 ./eth/src/ethernetif.o
                0x08006344                ethernetif_input
 .text.ethernetif_init
                0x0800636c       0x28 ./eth/src/ethernetif.o
                0x0800636c                ethernetif_init
 .text.LwIP_Init
                0x08006394       0x58 ./eth/src/netconf.o
                0x08006394                LwIP_Init
 .text.LwIP_Pkt_Handle
                0x080063ec       0x10 ./eth/src/netconf.o
                0x080063ec                LwIP_Pkt_Handle
 .text.LwIP_Periodic_Handle
                0x080063fc       0x48 ./eth/src/netconf.o
                0x080063fc                LwIP_Periodic_Handle
 .text.sntp_retry
                0x08006444       0x2c ./eth/src/sntp.o
 .text.sntp_process
                0x08006470       0x1c ./eth/src/sntp.o
 .text.sntp_recv
                0x0800648c       0xb8 ./eth/src/sntp.o
 .text.sntp_initialize_request
                0x08006544       0x14 ./eth/src/sntp.o
 .text.sntp_send_request
                0x08006558       0x54 ./eth/src/sntp.o
 .text.sntp_request
                0x080065ac       0x38 ./eth/src/sntp.o
 .text.sntp_init
                0x080065e4       0x30 ./eth/src/sntp.o
                0x080065e4                sntp_init
 .text.ETH_Delay
                0x08006614       0x20 ./eth/src/stm32f2x7_eth.o
 .text.ETH_DeInit
                0x08006634       0x18 ./eth/src/stm32f2x7_eth.o
                0x08006634                ETH_DeInit
 .text.ETH_StructInit
                0x0800664c       0xa8 ./eth/src/stm32f2x7_eth.o
                0x0800664c                ETH_StructInit
 .text.ETH_MACTransmissionCmd
                0x080066f4       0x20 ./eth/src/stm32f2x7_eth.o
                0x080066f4                ETH_MACTransmissionCmd
 .text.ETH_MACReceptionCmd
                0x08006714       0x20 ./eth/src/stm32f2x7_eth.o
                0x08006714                ETH_MACReceptionCmd
 .text.ETH_MACAddressConfig
                0x08006734       0x30 ./eth/src/stm32f2x7_eth.o
                0x08006734                ETH_MACAddressConfig
 .text.ETH_Get_Received_Frame
                0x08006764       0x40 ./eth/src/stm32f2x7_eth.o
                0x08006764                ETH_Get_Received_Frame
 .text.ETH_Prepare_Transmit_Descriptors
                0x080067a4       0xe0 ./eth/src/stm32f2x7_eth.o
                0x080067a4                ETH_Prepare_Transmit_Descriptors
 .text.ETH_DMARxDescChainInit
                0x08006884       0x60 ./eth/src/stm32f2x7_eth.o
                0x08006884                ETH_DMARxDescChainInit
 .text.ETH_CheckFrameReceived
                0x080068e4       0x8c ./eth/src/stm32f2x7_eth.o
                0x080068e4                ETH_CheckFrameReceived
 .text.ETH_DMATxDescChainInit
                0x08006970       0x4c ./eth/src/stm32f2x7_eth.o
                0x08006970                ETH_DMATxDescChainInit
 .text.ETH_DMATxDescChecksumInsertionConfig
                0x080069bc        0x8 ./eth/src/stm32f2x7_eth.o
                0x080069bc                ETH_DMATxDescChecksumInsertionConfig
 .text.ETH_SoftwareReset
                0x080069c4       0x10 ./eth/src/stm32f2x7_eth.o
                0x080069c4                ETH_SoftwareReset
 .text.ETH_GetSoftwareResetStatus
                0x080069d4       0x18 ./eth/src/stm32f2x7_eth.o
                0x080069d4                ETH_GetSoftwareResetStatus
 .text.ETH_FlushTransmitFIFO
                0x080069ec       0x14 ./eth/src/stm32f2x7_eth.o
                0x080069ec                ETH_FlushTransmitFIFO
 .text.ETH_DMATransmissionCmd
                0x08006a00       0x28 ./eth/src/stm32f2x7_eth.o
                0x08006a00                ETH_DMATransmissionCmd
 .text.ETH_DMAReceptionCmd
                0x08006a28       0x28 ./eth/src/stm32f2x7_eth.o
                0x08006a28                ETH_DMAReceptionCmd
 .text.ETH_Start
                0x08006a50       0x20 ./eth/src/stm32f2x7_eth.o
                0x08006a50                ETH_Start
 .text.ETH_ReadPHYRegister
                0x08006a70       0x5c ./eth/src/stm32f2x7_eth.o
                0x08006a70                ETH_ReadPHYRegister
 .text.ETH_WritePHYRegister
                0x08006acc       0x60 ./eth/src/stm32f2x7_eth.o
                0x08006acc                ETH_WritePHYRegister
 .text.ETH_Init
                0x08006b2c      0x27c ./eth/src/stm32f2x7_eth.o
                0x08006b2c                ETH_Init
 .text.ETH_GPIO_Config
                0x08006da8       0xd4 ./eth/src/stm32f2x7_eth_bsp.o
 .text.ETH_MACDMA_Config
                0x08006e7c       0x84 ./eth/src/stm32f2x7_eth_bsp.o
 .text.Eth_Link_PHYITConfig
                0x08006f00       0x4c ./eth/src/stm32f2x7_eth_bsp.o
                0x08006f00                Eth_Link_PHYITConfig
 .text.Eth_Link_EXTIConfig
                0x08006f4c       0x78 ./eth/src/stm32f2x7_eth_bsp.o
                0x08006f4c                Eth_Link_EXTIConfig
 .text.ETH_BSP_Config
                0x08006fc4       0x68 ./eth/src/stm32f2x7_eth_bsp.o
                0x08006fc4                ETH_BSP_Config
 .text.Eth_Link_ITHandler
                0x0800702c       0x20 ./eth/src/stm32f2x7_eth_bsp.o
                0x0800702c                Eth_Link_ITHandler
 .text.__errno  0x0800704c        0xc /home/jet/programm/stm32/gcc-arm-none-eabi-4_9-2015q3/bin/../lib/gcc/arm-none-eabi/4.9.3/../../../../arm-none-eabi/lib/armv7-m/libg.a(lib_a-errno.o)
                0x0800704c                __errno
 .text.malloc   0x08007058       0x10 /home/jet/programm/stm32/gcc-arm-none-eabi-4_9-2015q3/bin/../lib/gcc/arm-none-eabi/4.9.3/../../../../arm-none-eabi/lib/armv7-m/libg.a(lib_a-malloc.o)
                0x08007058                malloc
 .text._malloc_r
                0x08007068      0x50c /home/jet/programm/stm32/gcc-arm-none-eabi-4_9-2015q3/bin/../lib/gcc/arm-none-eabi/4.9.3/../../../../arm-none-eabi/lib/armv7-m/libg.a(lib_a-mallocr.o)
                0x08007068                _malloc_r
 .text.memcmp   0x08007574       0x64 /home/jet/programm/stm32/gcc-arm-none-eabi-4_9-2015q3/bin/../lib/gcc/arm-none-eabi/4.9.3/../../../../arm-none-eabi/lib/armv7-m/libg.a(lib_a-memcmp.o)
                0x08007574                memcmp
 .text          0x080075d8       0xec /home/jet/programm/stm32/gcc-arm-none-eabi-4_9-2015q3/bin/../lib/gcc/arm-none-eabi/4.9.3/../../../../arm-none-eabi/lib/armv7-m/libg.a(lib_a-memcpy.o)
                0x080075d8                memcpy
 .text.memset   0x080076c4       0x9c /home/jet/programm/stm32/gcc-arm-none-eabi-4_9-2015q3/bin/../lib/gcc/arm-none-eabi/4.9.3/../../../../arm-none-eabi/lib/armv7-m/libg.a(lib_a-memset.o)
                0x080076c4                memset
 .text.__malloc_lock
                0x08007760        0x4 /home/jet/programm/stm32/gcc-arm-none-eabi-4_9-2015q3/bin/../lib/gcc/arm-none-eabi/4.9.3/../../../../arm-none-eabi/lib/armv7-m/libg.a(lib_a-mlock.o)
                0x08007760                __malloc_lock
 .text.__malloc_unlock
                0x08007764        0x4 /home/jet/programm/stm32/gcc-arm-none-eabi-4_9-2015q3/bin/../lib/gcc/arm-none-eabi/4.9.3/../../../../arm-none-eabi/lib/armv7-m/libg.a(lib_a-mlock.o)
                0x08007764                __malloc_unlock
 .text._sbrk_r  0x08007768       0x24 /home/jet/programm/stm32/gcc-arm-none-eabi-4_9-2015q3/bin/../lib/gcc/arm-none-eabi/4.9.3/../../../../arm-none-eabi/lib/armv7-m/libg.a(lib_a-sbrkr.o)
                0x08007768                _sbrk_r
 .text          0x0800778c      0x1bc /home/jet/programm/stm32/gcc-arm-none-eabi-4_9-2015q3/bin/../lib/gcc/arm-none-eabi/4.9.3/../../../../arm-none-eabi/lib/armv7-m/libg.a(lib_a-strcmp.o)
                0x0800778c                strcmp
 .text.strlen   0x08007948       0x5c /home/jet/programm/stm32/gcc-arm-none-eabi-4_9-2015q3/bin/../lib/gcc/arm-none-eabi/4.9.3/../../../../arm-none-eabi/lib/armv7-m/libg.a(lib_a-strlen.o)
                0x08007948                strlen
 .text._svfprintf_r
                0x080079a4     0x14f4 /home/jet/programm/stm32/gcc-arm-none-eabi-4_9-2015q3/bin/../lib/gcc/arm-none-eabi/4.9.3/../../../../arm-none-eabi/lib/armv7-m/libg.a(lib_a-svfprintf.o)
                0x080079a4                _svfprintf_r
 .text._vsnprintf_r
                0x08008e98       0x70 /home/jet/programm/stm32/gcc-arm-none-eabi-4_9-2015q3/bin/../lib/gcc/arm-none-eabi/4.9.3/../../../../arm-none-eabi/lib/armv7-m/libg.a(lib_a-vsnprintf.o)
                0x08008e98                _vsnprintf_r
 .text.vsnprintf
                0x08008f08       0x20 /home/jet/programm/stm32/gcc-arm-none-eabi-4_9-2015q3/bin/../lib/gcc/arm-none-eabi/4.9.3/../../../../arm-none-eabi/lib/armv7-m/libg.a(lib_a-vsnprintf.o)
                0x08008f08                vsnprintf
 .text.quorem   0x08008f28      0x130 /home/jet/programm/stm32/gcc-arm-none-eabi-4_9-2015q3/bin/../lib/gcc/arm-none-eabi/4.9.3/../../../../arm-none-eabi/lib/armv7-m/libg.a(lib_a-dtoa.o)
 .text._dtoa_r  0x08009058      0xea4 /home/jet/programm/stm32/gcc-arm-none-eabi-4_9-2015q3/bin/../lib/gcc/arm-none-eabi/4.9.3/../../../../arm-none-eabi/lib/armv7-m/libg.a(lib_a-dtoa.o)
                0x08009058                _dtoa_r
 .text._malloc_trim_r
                0x08009efc       0x9c /home/jet/programm/stm32/gcc-arm-none-eabi-4_9-2015q3/bin/../lib/gcc/arm-none-eabi/4.9.3/../../../../arm-none-eabi/lib/armv7-m/libg.a(lib_a-freer.o)
                0x08009efc                _malloc_trim_r
 .text._free_r  0x08009f98      0x1b0 /home/jet/programm/stm32/gcc-arm-none-eabi-4_9-2015q3/bin/../lib/gcc/arm-none-eabi/4.9.3/../../../../arm-none-eabi/lib/armv7-m/libg.a(lib_a-freer.o)
                0x08009f98                _free_r
 .text._localeconv_r
                0x0800a148        0x8 /home/jet/programm/stm32/gcc-arm-none-eabi-4_9-2015q3/bin/../lib/gcc/arm-none-eabi/4.9.3/../../../../arm-none-eabi/lib/armv7-m/libg.a(lib_a-locale.o)
                0x0800a148                _localeconv_r
 .text.memchr   0x0800a150       0x94 /home/jet/programm/stm32/gcc-arm-none-eabi-4_9-2015q3/bin/../lib/gcc/arm-none-eabi/4.9.3/../../../../arm-none-eabi/lib/armv7-m/libg.a(lib_a-memchr.o)
                0x0800a150                memchr
 .text._Balloc  0x0800a1e4       0x50 /home/jet/programm/stm32/gcc-arm-none-eabi-4_9-2015q3/bin/../lib/gcc/arm-none-eabi/4.9.3/../../../../arm-none-eabi/lib/armv7-m/libg.a(lib_a-mprec.o)
                0x0800a1e4                _Balloc
 .text._Bfree   0x0800a234       0x14 /home/jet/programm/stm32/gcc-arm-none-eabi-4_9-2015q3/bin/../lib/gcc/arm-none-eabi/4.9.3/../../../../arm-none-eabi/lib/armv7-m/libg.a(lib_a-mprec.o)
                0x0800a234                _Bfree
 .text.__multadd
                0x0800a248       0x84 /home/jet/programm/stm32/gcc-arm-none-eabi-4_9-2015q3/bin/../lib/gcc/arm-none-eabi/4.9.3/../../../../arm-none-eabi/lib/armv7-m/libg.a(lib_a-mprec.o)
                0x0800a248                __multadd
 .text.__hi0bits
                0x0800a2cc       0x40 /home/jet/programm/stm32/gcc-arm-none-eabi-4_9-2015q3/bin/../lib/gcc/arm-none-eabi/4.9.3/../../../../arm-none-eabi/lib/armv7-m/libg.a(lib_a-mprec.o)
                0x0800a2cc                __hi0bits
 .text.__lo0bits
                0x0800a30c       0x5c /home/jet/programm/stm32/gcc-arm-none-eabi-4_9-2015q3/bin/../lib/gcc/arm-none-eabi/4.9.3/../../../../arm-none-eabi/lib/armv7-m/libg.a(lib_a-mprec.o)
                0x0800a30c                __lo0bits
 .text.__i2b    0x0800a368       0x14 /home/jet/programm/stm32/gcc-arm-none-eabi-4_9-2015q3/bin/../lib/gcc/arm-none-eabi/4.9.3/../../../../arm-none-eabi/lib/armv7-m/libg.a(lib_a-mprec.o)
                0x0800a368                __i2b
 .text.__multiply
                0x0800a37c      0x140 /home/jet/programm/stm32/gcc-arm-none-eabi-4_9-2015q3/bin/../lib/gcc/arm-none-eabi/4.9.3/../../../../arm-none-eabi/lib/armv7-m/libg.a(lib_a-mprec.o)
                0x0800a37c                __multiply
 .text.__pow5mult
                0x0800a4bc       0xa0 /home/jet/programm/stm32/gcc-arm-none-eabi-4_9-2015q3/bin/../lib/gcc/arm-none-eabi/4.9.3/../../../../arm-none-eabi/lib/armv7-m/libg.a(lib_a-mprec.o)
                0x0800a4bc                __pow5mult
 .text.__lshift
                0x0800a55c       0xb0 /home/jet/programm/stm32/gcc-arm-none-eabi-4_9-2015q3/bin/../lib/gcc/arm-none-eabi/4.9.3/../../../../arm-none-eabi/lib/armv7-m/libg.a(lib_a-mprec.o)
                0x0800a55c                __lshift
 .text.__mcmp   0x0800a60c       0x48 /home/jet/programm/stm32/gcc-arm-none-eabi-4_9-2015q3/bin/../lib/gcc/arm-none-eabi/4.9.3/../../../../arm-none-eabi/lib/armv7-m/libg.a(lib_a-mprec.o)
                0x0800a60c                __mcmp
 .text.__mdiff  0x0800a654       0xe4 /home/jet/programm/stm32/gcc-arm-none-eabi-4_9-2015q3/bin/../lib/gcc/arm-none-eabi/4.9.3/../../../../arm-none-eabi/lib/armv7-m/libg.a(lib_a-mprec.o)
                0x0800a654                __mdiff
 .text.__d2b    0x0800a738       0xa8 /home/jet/programm/stm32/gcc-arm-none-eabi-4_9-2015q3/bin/../lib/gcc/arm-none-eabi/4.9.3/../../../../arm-none-eabi/lib/armv7-m/libg.a(lib_a-mprec.o)
                0x0800a738                __d2b
 .text.__fpclassifyd
                0x0800a7e0       0x58 /home/jet/programm/stm32/gcc-arm-none-eabi-4_9-2015q3/bin/../lib/gcc/arm-none-eabi/4.9.3/../../../../arm-none-eabi/lib/armv7-m/libg.a(lib_a-s_fpclassify.o)
                0x0800a7e0                __fpclassifyd
 .text.__ssprint_r
                0x0800a838      0x104 /home/jet/programm/stm32/gcc-arm-none-eabi-4_9-2015q3/bin/../lib/gcc/arm-none-eabi/4.9.3/../../../../arm-none-eabi/lib/armv7-m/libg.a(lib_a-svfiprintf.o)
                0x0800a838                __ssprint_r
 .text._calloc_r
                0x0800a93c       0x60 /home/jet/programm/stm32/gcc-arm-none-eabi-4_9-2015q3/bin/../lib/gcc/arm-none-eabi/4.9.3/../../../../arm-none-eabi/lib/armv7-m/libg.a(lib_a-callocr.o)
                0x0800a93c                _calloc_r
 .text.memmove  0x0800a99c       0xc8 /home/jet/programm/stm32/gcc-arm-none-eabi-4_9-2015q3/bin/../lib/gcc/arm-none-eabi/4.9.3/../../../../arm-none-eabi/lib/armv7-m/libg.a(lib_a-memmove.o)
                0x0800a99c                memmove
 .text._realloc_r
                0x0800aa64      0x3e0 /home/jet/programm/stm32/gcc-arm-none-eabi-4_9-2015q3/bin/../lib/gcc/arm-none-eabi/4.9.3/../../../../arm-none-eabi/lib/armv7-m/libg.a(lib_a-reallocr.o)
                0x0800aa64                _realloc_r
 .text          0x0800ae44      0x370 /home/jet/programm/stm32/gcc-arm-none-eabi-4_9-2015q3/bin/../lib/gcc/arm-none-eabi/4.9.3/armv7-m/libgcc.a(_arm_addsubdf3.o)
                0x0800ae44                __aeabi_drsub
                0x0800ae4c                __aeabi_dsub
                0x0800ae4c                __subdf3
                0x0800ae50                __adddf3
                0x0800ae50                __aeabi_dadd
                0x0800b0c8                __aeabi_ui2d
                0x0800b0c8                __floatunsidf
                0x0800b0e8                __floatsidf
                0x0800b0e8                __aeabi_i2d
                0x0800b10c                __extendsfdf2
                0x0800b10c                __aeabi_f2d
                0x0800b148                __aeabi_ul2d
                0x0800b148                __floatundidf
                0x0800b158                __floatdidf
                0x0800b158                __aeabi_l2d
 .text          0x0800b1b4      0x424 /home/jet/programm/stm32/gcc-arm-none-eabi-4_9-2015q3/bin/../lib/gcc/arm-none-eabi/4.9.3/armv7-m/libgcc.a(_arm_muldivdf3.o)
                0x0800b1b4                __aeabi_dmul
                0x0800b1b4                __muldf3
                0x0800b408                __aeabi_ddiv
                0x0800b408                __divdf3
 .text          0x0800b5d8      0x110 /home/jet/programm/stm32/gcc-arm-none-eabi-4_9-2015q3/bin/../lib/gcc/arm-none-eabi/4.9.3/armv7-m/libgcc.a(_arm_cmpdf2.o)
                0x0800b5d8                __gtdf2
                0x0800b5d8                __gedf2
                0x0800b5e0                __ltdf2
                0x0800b5e0                __ledf2
                0x0800b5e8                __cmpdf2
                0x0800b5e8                __eqdf2
                0x0800b5e8                __nedf2
                0x0800b664                __aeabi_cdrcmple
                0x0800b674                __aeabi_cdcmple
                0x0800b674                __aeabi_cdcmpeq
                0x0800b684                __aeabi_dcmpeq
                0x0800b698                __aeabi_dcmplt
                0x0800b6ac                __aeabi_dcmple
                0x0800b6c0                __aeabi_dcmpge
                0x0800b6d4                __aeabi_dcmpgt
 .text          0x0800b6e8       0x50 /home/jet/programm/stm32/gcc-arm-none-eabi-4_9-2015q3/bin/../lib/gcc/arm-none-eabi/4.9.3/armv7-m/libgcc.a(_arm_fixdfsi.o)
                0x0800b6e8                __fixdfsi
                0x0800b6e8                __aeabi_d2iz
 .text          0x0800b738       0x30 /home/jet/programm/stm32/gcc-arm-none-eabi-4_9-2015q3/bin/../lib/gcc/arm-none-eabi/4.9.3/armv7-m/libgcc.a(_aeabi_uldivmod.o)
                0x0800b738                __aeabi_uldivmod
 .text          0x0800b768       0x60 /home/jet/programm/stm32/gcc-arm-none-eabi-4_9-2015q3/bin/../lib/gcc/arm-none-eabi/4.9.3/armv7-m/libgcc.a(bpabi.o)
                0x0800b768                __gnu_ldivmod_helper
                0x0800b798                __gnu_uldivmod_helper
 .text          0x0800b7c8        0x4 /home/jet/programm/stm32/gcc-arm-none-eabi-4_9-2015q3/bin/../lib/gcc/arm-none-eabi/4.9.3/armv7-m/libgcc.a(_dvmd_tls.o)
                0x0800b7c8                __aeabi_ldiv0
                0x0800b7c8                __aeabi_idiv0
 .text          0x0800b7cc      0x2ac /home/jet/programm/stm32/gcc-arm-none-eabi-4_9-2015q3/bin/../lib/gcc/arm-none-eabi/4.9.3/armv7-m/libgcc.a(_divdi3.o)
                0x0800b7cc                __divdi3
 .text          0x0800ba78      0x270 /home/jet/programm/stm32/gcc-arm-none-eabi-4_9-2015q3/bin/../lib/gcc/arm-none-eabi/4.9.3/armv7-m/libgcc.a(_udivdi3.o)
                0x0800ba78                __udivdi3
 *(.rodata .rodata.* .constdata .constdata.*)
 .rodata.str1.4
                0x0800bce8        0x4 ./system/src/diag/trace_impl.o
 .rodata.str1.4
                0x0800bcec      0x146 ./system/src/cortexm/exception_handlers.o
                                0x14a (size before relaxing)
 *fill*         0x0800be32        0x2 
 .rodata.str1.4
                0x0800be34        0xd ./src/my_cli.o
 *fill*         0x0800be41        0x3 
 .rodata.lmos   0x0800be44       0x18 ./src/time.o
                0x0800be44                lmos
 .rodata.mos    0x0800be5c       0x18 ./src/time.o
                0x0800be5c                mos
 .rodata.ip_addr_any
                0x0800be74        0x4 ./eth/src/core/ipv4/ip_addr.o
                0x0800be74                ip_addr_any
 .rodata.str1.4
                0x0800be78        0xf ./eth/src/core/dns.o
 *fill*         0x0800be87        0x1 
 .rodata.memp_num
                0x0800be88       0x14 ./eth/src/core/memp.o
 .rodata.memp_sizes
                0x0800be9c       0x14 ./eth/src/core/memp.o
 .rodata.tcp_pcb_lists
                0x0800beb0       0x10 ./eth/src/core/tcp.o
                0x0800beb0                tcp_pcb_lists
 .rodata.tcp_backoff
                0x0800bec0        0xd ./eth/src/core/tcp.o
                0x0800bec0                tcp_backoff
 *fill*         0x0800becd        0x3 
 .rodata.tcp_persist_backoff
                0x0800bed0        0x7 ./eth/src/core/tcp.o
                0x0800bed0                tcp_persist_backoff
 *fill*         0x0800bed7        0x1 
 .rodata.ethbroadcast
                0x0800bed8        0x6 ./eth/src/etharp.o
                0x0800bed8                ethbroadcast
 *fill*         0x0800bede        0x2 
 .rodata.ethzero
                0x0800bee0        0x6 ./eth/src/etharp.o
                0x0800bee0                ethzero
 *fill*         0x0800bee6        0x2 
 .rodata.str1.4
                0x0800bee8        0xf ./eth/src/sntp.o
 *fill*         0x0800bef7        0x1 
 .rodata.str1.4
                0x0800bef8        0x2 /home/jet/programm/stm32/gcc-arm-none-eabi-4_9-2015q3/bin/../lib/gcc/arm-none-eabi/4.9.3/../../../../arm-none-eabi/lib/armv7-m/libg.a(lib_a-impure.o)
 *fill*         0x0800befa        0x2 
 .rodata.zeroes.6911
                0x0800befc       0x10 /home/jet/programm/stm32/gcc-arm-none-eabi-4_9-2015q3/bin/../lib/gcc/arm-none-eabi/4.9.3/../../../../arm-none-eabi/lib/armv7-m/libg.a(lib_a-svfprintf.o)
 .rodata.blanks.6910
                0x0800bf0c       0x10 /home/jet/programm/stm32/gcc-arm-none-eabi-4_9-2015q3/bin/../lib/gcc/arm-none-eabi/4.9.3/../../../../arm-none-eabi/lib/armv7-m/libg.a(lib_a-svfprintf.o)
 .rodata.str1.4
                0x0800bf1c       0x42 /home/jet/programm/stm32/gcc-arm-none-eabi-4_9-2015q3/bin/../lib/gcc/arm-none-eabi/4.9.3/../../../../arm-none-eabi/lib/armv7-m/libg.a(lib_a-svfprintf.o)
 *fill*         0x0800bf5e        0x2 
 .rodata.str1.4
                0x0800bf60       0x10 /home/jet/programm/stm32/gcc-arm-none-eabi-4_9-2015q3/bin/../lib/gcc/arm-none-eabi/4.9.3/../../../../arm-none-eabi/lib/armv7-m/libg.a(lib_a-dtoa.o)
                                 0x12 (size before relaxing)
 .rodata.str1.4
                0x0800bf70        0xc /home/jet/programm/stm32/gcc-arm-none-eabi-4_9-2015q3/bin/../lib/gcc/arm-none-eabi/4.9.3/../../../../arm-none-eabi/lib/armv7-m/libg.a(lib_a-locale.o)
                                 0x12 (size before relaxing)
 *fill*         0x0800bf7c        0x4 
 .rodata.__mprec_tens
                0x0800bf80       0xc8 /home/jet/programm/stm32/gcc-arm-none-eabi-4_9-2015q3/bin/../lib/gcc/arm-none-eabi/4.9.3/../../../../arm-none-eabi/lib/armv7-m/libg.a(lib_a-mprec.o)
                0x0800bf80                __mprec_tens
 .rodata.p05.5302
                0x0800c048        0xc /home/jet/programm/stm32/gcc-arm-none-eabi-4_9-2015q3/bin/../lib/gcc/arm-none-eabi/4.9.3/../../../../arm-none-eabi/lib/armv7-m/libg.a(lib_a-mprec.o)
 *fill*         0x0800c054        0x4 
 .rodata.__mprec_bigtens
                0x0800c058       0x28 /home/jet/programm/stm32/gcc-arm-none-eabi-4_9-2015q3/bin/../lib/gcc/arm-none-eabi/4.9.3/../../../../arm-none-eabi/lib/armv7-m/libg.a(lib_a-mprec.o)
                0x0800c058                __mprec_bigtens
 *(vtable)
 *(.eh_frame*)
 .eh_frame      0x0800c080       0x38 /home/jet/programm/stm32/gcc-arm-none-eabi-4_9-2015q3/bin/../lib/gcc/arm-none-eabi/4.9.3/../../../../arm-none-eabi/lib/armv7-m/libg.a(lib_a-strcmp.o)
 *(.glue_7)
 .glue_7        0x00000000        0x0 linker stubs
 *(.glue_7t)
 .glue_7t       0x00000000        0x0 linker stubs

.vfp11_veneer   0x0800c0b8        0x0
 .vfp11_veneer  0x00000000        0x0 linker stubs

.v4_bx          0x0800c0b8        0x0
 .v4_bx         0x00000000        0x0 linker stubs

.iplt           0x0800c0b8        0x0
 .iplt          0x00000000        0x0 ./system/src/stm32f2-stdperiph/misc.o

.ARM.extab
 *(.ARM.extab* .gnu.linkonce.armextab.*)
                0x0800c0b8                . = ALIGN (0x4)
                0x0800c0b8                __exidx_start = .

.ARM.exidx      0x0800c0b8        0x8
 *(.ARM.exidx* .gnu.linkonce.armexidx.*)
 .ARM.exidx     0x0800c0b8        0x8 /home/jet/programm/stm32/gcc-arm-none-eabi-4_9-2015q3/bin/../lib/gcc/arm-none-eabi/4.9.3/armv7-m/libgcc.a(_divdi3.o)
 .ARM.exidx     0x0800c0c0        0x0 /home/jet/programm/stm32/gcc-arm-none-eabi-4_9-2015q3/bin/../lib/gcc/arm-none-eabi/4.9.3/armv7-m/libgcc.a(_udivdi3.o)
                                  0x8 (size before relaxing)
                0x0800c0c0                __exidx_end = .

.rel.dyn        0x0800c0c0        0x0
 .rel.iplt      0x00000000        0x0 ./system/src/stm32f2-stdperiph/misc.o
                0x0800c0c0                . = ALIGN (0x4)
                0x0800c0c0                _etext = .
                0x0800c0c0                __etext = .

.data_CCMRAM    0x00000000        0x0 load address 0x0800c0c0
 FILL mask 0xff
 *(.data.CCMRAM .data.CCMRAM.*)
                0x00000000                . = ALIGN (0x4)
                0x0800c0c0                _sidata = LOADADDR (.data)

.data           0x20000000      0x8b0 load address 0x0800c0c0
 FILL mask 0xff
                0x20000000                _sdata = .
                0x20000000                __data_start__ = .
 *(.data_begin .data_begin.*)
 .data_begin    0x20000000        0x4 ./system/src/newlib/_startup.o
 *(.data .data.*)
 .data.APBAHBPrescTable
                0x20000004       0x10 ./system/src/stm32f2-stdperiph/stm32f2xx_rcc.o
 .data.argv.4161
                0x20000014        0x8 ./system/src/newlib/_syscalls.o
 .data.AHBPrescTable
                0x2000001c       0x10 ./system/src/cmsis/system_stm32f2xx.o
                0x2000001c                AHBPrescTable
 .data.SystemCoreClock
                0x2000002c        0x4 ./system/src/cmsis/system_stm32f2xx.o
                0x2000002c                SystemCoreClock
 .data.iss.4831
                0x20000030        0x4 ./eth/src/core/tcp.o
 .data.tcp_port
                0x20000034        0x2 ./eth/src/core/tcp.o
 .data.udp_port
                0x20000036        0x2 ./eth/src/core/udp.o
 .data.impure_data
                0x20000038      0x428 /home/jet/programm/stm32/gcc-arm-none-eabi-4_9-2015q3/bin/../lib/gcc/arm-none-eabi/4.9.3/../../../../arm-none-eabi/lib/armv7-m/libg.a(lib_a-impure.o)
 .data._impure_ptr
                0x20000460        0x4 /home/jet/programm/stm32/gcc-arm-none-eabi-4_9-2015q3/bin/../lib/gcc/arm-none-eabi/4.9.3/../../../../arm-none-eabi/lib/armv7-m/libg.a(lib_a-impure.o)
                0x20000460                _impure_ptr
 .data.__malloc_av_
                0x20000464      0x408 /home/jet/programm/stm32/gcc-arm-none-eabi-4_9-2015q3/bin/../lib/gcc/arm-none-eabi/4.9.3/../../../../arm-none-eabi/lib/armv7-m/libg.a(lib_a-mallocr.o)
                0x20000464                __malloc_av_
 .data.__malloc_trim_threshold
                0x2000086c        0x4 /home/jet/programm/stm32/gcc-arm-none-eabi-4_9-2015q3/bin/../lib/gcc/arm-none-eabi/4.9.3/../../../../arm-none-eabi/lib/armv7-m/libg.a(lib_a-mallocr.o)
                0x2000086c                __malloc_trim_threshold
 .data.__malloc_sbrk_base
                0x20000870        0x4 /home/jet/programm/stm32/gcc-arm-none-eabi-4_9-2015q3/bin/../lib/gcc/arm-none-eabi/4.9.3/../../../../arm-none-eabi/lib/armv7-m/libg.a(lib_a-mallocr.o)
                0x20000870                __malloc_sbrk_base
 .data.lconv    0x20000874       0x38 /home/jet/programm/stm32/gcc-arm-none-eabi-4_9-2015q3/bin/../lib/gcc/arm-none-eabi/4.9.3/../../../../arm-none-eabi/lib/armv7-m/libg.a(lib_a-locale.o)
 *(.data_end .data_end.*)
 .data_end      0x200008ac        0x4 ./system/src/newlib/_startup.o
                0x200008b0                . = ALIGN (0x4)
                0x200008b0                _edata = .
                0x200008b0                __data_end__ = .

.igot.plt       0x200008b0        0x0 load address 0x0800c970
 .igot.plt      0x00000000        0x0 ./system/src/stm32f2-stdperiph/misc.o

.bss_CCMRAM     0x00000000        0x0
 *(.bss.CCMRAM .bss.CCMRAM.*)

.bss            0x200008b0     0xa9b8
                0x200008b0                __bss_start__ = .
                0x200008b0                _sbss = .
 *(.bss_begin .bss_begin.*)
 .bss_begin     0x200008b0        0x4 ./system/src/newlib/_startup.o
 *(.bss .bss.*)
 .bss.current_heap_end.3862
                0x200008b4        0x4 ./system/src/newlib/_sbrk.o
 .bss.name.4160
                0x200008b8        0x1 ./system/src/newlib/_syscalls.o
 *fill*         0x200008b9        0x3 
 .bss.buf.4998  0x200008bc       0x80 ./system/src/diag/Trace.o
 .bss.handle.7021
                0x2000093c        0x4 ./system/src/diag/trace_impl.o
 .bss.LocalTime
                0x20000940        0x4 ./src/main.o
                0x20000940                LocalTime
 .bss.ip_id     0x20000944        0x2 ./eth/src/core/ipv4/ip.o
 *fill*         0x20000946        0x2 
 .bss.reassdatagrams
                0x20000948        0x4 ./eth/src/core/ipv4/ip_frag.o
 .bss.ip_reass_pbufcount
                0x2000094c        0x2 ./eth/src/core/ipv4/ip_frag.o
 .bss.dns_seqno
                0x2000094e        0x1 ./eth/src/core/dns.o
 *fill*         0x2000094f        0x1 
 .bss.dns_table
                0x20000950      0x460 ./eth/src/core/dns.o
 .bss.dns_servers
                0x20000db0        0x8 ./eth/src/core/dns.o
 .bss.dns_payload_buffer
                0x20000db8      0x203 ./eth/src/core/dns.o
 *fill*         0x20000fbb        0x1 
 .bss.dns_pcb   0x20000fbc        0x4 ./eth/src/core/dns.o
 .bss.dns_payload
                0x20000fc0        0x4 ./eth/src/core/dns.o
 .bss.lfree     0x20000fc4        0x4 ./eth/src/core/mem.o
 .bss.ram_end   0x20000fc8        0x4 ./eth/src/core/mem.o
 .bss.ram       0x20000fcc        0x4 ./eth/src/core/mem.o
 .bss.memp_memory
                0x20000fd0     0x4d63 ./eth/src/core/memp.o
 *fill*         0x20005d33        0x1 
 .bss.memp_tab  0x20005d34       0x28 ./eth/src/core/memp.o
 .bss.netif_num
                0x20005d5c        0x1 ./eth/src/core/netif.o
 *fill*         0x20005d5d        0x3 
 .bss.raw_pcbs  0x20005d60        0x4 ./eth/src/core/raw.o
 .bss.tcp_timer
                0x20005d64        0x1 ./eth/src/core/tcp.o
 .bss.tcp_timer_ctr
                0x20005d65        0x1 ./eth/src/core/tcp.o
 *fill*         0x20005d66        0x2 
 .bss.tcphdr    0x20005d68        0x4 ./eth/src/core/tcp_in.o
 .bss.seqno     0x20005d6c        0x4 ./eth/src/core/tcp_in.o
 .bss.tcplen    0x20005d70        0x2 ./eth/src/core/tcp_in.o
 *fill*         0x20005d72        0x2 
 .bss.ackno     0x20005d74        0x4 ./eth/src/core/tcp_in.o
 .bss.flags     0x20005d78        0x1 ./eth/src/core/tcp_in.o
 .bss.recv_flags
                0x20005d79        0x1 ./eth/src/core/tcp_in.o
 *fill*         0x20005d7a        0x2 
 .bss.recv_data
                0x20005d7c        0x4 ./eth/src/core/tcp_in.o
 .bss.iphdr     0x20005d80        0x4 ./eth/src/core/tcp_in.o
 .bss.inseg     0x20005d84       0x10 ./eth/src/core/tcp_in.o
 .bss.tcpip_tcp_timer_active
                0x20005d94        0x4 ./eth/src/core/timers.o
 .bss.timeouts_last_time
                0x20005d98        0x4 ./eth/src/core/timers.o
 .bss.next_timeout
                0x20005d9c        0x4 ./eth/src/core/timers.o
 .bss.etharp_cached_entry
                0x20005da0        0x1 ./eth/src/etharp.o
 *fill*         0x20005da1        0x3 
 .bss.arp_table
                0x20005da4       0xc8 ./eth/src/etharp.o
 .bss.TCPTimer  0x20005e6c        0x4 ./eth/src/netconf.o
                0x20005e6c                TCPTimer
 .bss.ARPTimer  0x20005e70        0x4 ./eth/src/netconf.o
                0x20005e70                ARPTimer
 .bss.sntp_pcb  0x20005e74        0x4 ./eth/src/sntp.o
 .bss.sntp_retry_timeout
                0x20005e78        0x4 ./eth/src/sntp.o
 .bss.EthInitStatus
                0x20005e7c        0x4 ./eth/src/stm32f2x7_eth_bsp.o
                0x20005e7c                EthInitStatus
 .bss.EthLinkStatus
                0x20005e80        0x1 ./eth/src/stm32f2x7_eth_bsp.o
                0x20005e80                EthLinkStatus
 *fill*         0x20005e81        0x3 
 .bss.__malloc_max_total_mem
                0x20005e84        0x4 /home/jet/programm/stm32/gcc-arm-none-eabi-4_9-2015q3/bin/../lib/gcc/arm-none-eabi/4.9.3/../../../../arm-none-eabi/lib/armv7-m/libg.a(lib_a-mallocr.o)
                0x20005e84                __malloc_max_total_mem
 .bss.__malloc_max_sbrked_mem
                0x20005e88        0x4 /home/jet/programm/stm32/gcc-arm-none-eabi-4_9-2015q3/bin/../lib/gcc/arm-none-eabi/4.9.3/../../../../arm-none-eabi/lib/armv7-m/libg.a(lib_a-mallocr.o)
                0x20005e88                __malloc_max_sbrked_mem
 .bss.__malloc_top_pad
                0x20005e8c        0x4 /home/jet/programm/stm32/gcc-arm-none-eabi-4_9-2015q3/bin/../lib/gcc/arm-none-eabi/4.9.3/../../../../arm-none-eabi/lib/armv7-m/libg.a(lib_a-mallocr.o)
                0x20005e8c                __malloc_top_pad
 .bss.__malloc_current_mallinfo
                0x20005e90       0x28 /home/jet/programm/stm32/gcc-arm-none-eabi-4_9-2015q3/bin/../lib/gcc/arm-none-eabi/4.9.3/../../../../arm-none-eabi/lib/armv7-m/libg.a(lib_a-mallocr.o)
                0x20005e90                __malloc_current_mallinfo
 *(COMMON)
 COMMON         0x20005eb8        0x4 ./system/src/newlib/_syscalls.o
                0x20005eb8                errno
 COMMON         0x20005ebc        0x4 ./src/main.o
                0x20005ebc                timingdelay
 COMMON         0x20005ec0       0x20 ./src/mqtt.o
                0x20005ec0                mqtt
 COMMON         0x20005ee0      0x664 ./src/my_cli.o
                0x20005ee0                neth
                0x20006144                rxBuffer
                0x20006344                txBuffer
 COMMON         0x20006544        0x8 ./src/time.o
                0x20006544                uxTime
                0x20006548                myTick
 COMMON         0x2000654c       0x10 ./eth/src/core/ipv4/ip.o
                0x2000654c                current_iphdr_src
                0x20006550                current_netif
                0x20006554                current_iphdr_dest
                0x20006558                current_header
 COMMON         0x2000655c     0x2814 ./eth/src/core/mem.o
                0x2000655c                ram_heap
 COMMON         0x20008d70        0x8 ./eth/src/core/netif.o
                0x20008d70                netif_list
                0x20008d74                netif_default
 COMMON         0x20008d78       0x20 ./eth/src/core/tcp.o
                0x20008d78                tcp_active_pcbs_changed
                0x20008d7c                tcp_active_pcbs
                0x20008d80                tcp_ticks
                0x20008d84                tcp_listen_pcbs
                0x20008d88                tcp_tmp_pcb
                0x20008d8c                tcp_bound_pcbs
                0x20008d90                err
                0x20008d94                tcp_tw_pcbs
 COMMON         0x20008d98        0x4 ./eth/src/core/tcp_in.o
                0x20008d98                tcp_input_pcb
 COMMON         0x20008d9c        0x4 ./eth/src/core/udp.o
                0x20008d9c                udp_pcbs
 COMMON         0x20008da0       0x30 ./eth/src/netconf.o
                0x20008da0                netif
 COMMON         0x20008dd0     0x2494 ./eth/src/stm32f2x7_eth.o
                0x20008dd0                RX_Frame_Descriptor
                0x20008ddc                DMARxDescToGet
                0x20008de0                DMATxDescToSet
                0x20008de4                DMATxDscrTab
                0x20008e24                Rx_Buff
                0x2000a5f4                Frame_Rx_index
                0x2000a5f8                DMA_RX_FRAME_infos
                0x2000a5fc                DMARxDscrTab
                0x2000a67c                Tx_Buff
 *(.bss_end .bss_end.*)
 .bss_end       0x2000b264        0x4 ./system/src/newlib/_startup.o
                0x2000b268                . = ALIGN (0x4)
                0x2000b268                __bss_end__ = .
                0x2000b268                _ebss = .

.noinit_CCMRAM
 *(.noinit.CCMRAM .noinit.CCMRAM.*)

.noinit         0x2000b268        0x0
                0x2000b268                _noinit = .
 *(.noinit .noinit.*)
                0x2000b268                . = ALIGN (0x4)
                0x2000b268                _end_noinit = .
                0x2000b268                PROVIDE (end, _end_noinit)
                0x2000b268                PROVIDE (_end, _end_noinit)
                0x2000b268                PROVIDE (__end, _end_noinit)
                0x2000b268                PROVIDE (__end__, _end_noinit)

._check_stack   0x2000b268      0x100
                0x2000b368                . = (. + _Minimum_Stack_Size)
 *fill*         0x2000b268      0x100 

.b1text
 *(.b1text)
 *(.b1rodata)
 *(.b1rodata.*)

.eb0text
 *(.eb0text)
 *(.eb0rodata)
 *(.eb0rodata.*)

.eb1text
 *(.eb1text)
 *(.eb1rodata)
 *(.eb1rodata.*)

.eb2text
 *(.eb2text)
 *(.eb2rodata)
 *(.eb2rodata.*)

.eb3text
 *(.eb3text)
 *(.eb3rodata)
 *(.eb3rodata.*)

.stab
 *(.stab)

.stabstr
 *(.stabstr)

.stab.excl
 *(.stab.excl)

.stab.exclstr
 *(.stab.exclstr)

.stab.index
 *(.stab.index)

.stab.indexstr
 *(.stab.indexstr)

.comment        0x00000000       0x70
 *(.comment)
 .comment       0x00000000       0x70 ./system/src/stm32f2-stdperiph/misc.o
                                 0x71 (size before relaxing)
 .comment       0x00000000       0x71 ./system/src/stm32f2-stdperiph/stm32f2xx_exti.o
 .comment       0x00000000       0x71 ./system/src/stm32f2-stdperiph/stm32f2xx_gpio.o
 .comment       0x00000000       0x71 ./system/src/stm32f2-stdperiph/stm32f2xx_rcc.o
 .comment       0x00000000       0x71 ./system/src/stm32f2-stdperiph/stm32f2xx_rtc.o
 .comment       0x00000000       0x71 ./system/src/stm32f2-stdperiph/stm32f2xx_syscfg.o
 .comment       0x00000000       0x71 ./system/src/newlib/_exit.o
 .comment       0x00000000       0x71 ./system/src/newlib/_sbrk.o
 .comment       0x00000000       0x71 ./system/src/newlib/_startup.o
 .comment       0x00000000       0x71 ./system/src/newlib/_syscalls.o
 .comment       0x00000000       0x71 ./system/src/diag/Trace.o
 .comment       0x00000000       0x71 ./system/src/diag/trace_impl.o
 .comment       0x00000000       0x71 ./system/src/cortexm/_initialize_hardware.o
 .comment       0x00000000       0x71 ./system/src/cortexm/exception_handlers.o
 .comment       0x00000000       0x71 ./system/src/cmsis/system_stm32f2xx.o
 .comment       0x00000000       0x71 ./system/src/cmsis/vectors_stm32f2xx.o
 .comment       0x00000000       0x71 ./src/buffer.o
 .comment       0x00000000       0x71 ./src/main.o
 .comment       0x00000000       0x71 ./src/mqtt.o
 .comment       0x00000000       0x71 ./src/mqttApp.o
 .comment       0x00000000       0x71 ./src/my_cli.o
 .comment       0x00000000       0x71 ./src/stm32f2xx_it.o
 .comment       0x00000000       0x71 ./src/time.o
 .comment       0x00000000       0x71 ./eth/src/core/ipv4/icmp.o
 .comment       0x00000000       0x71 ./eth/src/core/ipv4/inet_chksum.o
 .comment       0x00000000       0x71 ./eth/src/core/ipv4/ip.o
 .comment       0x00000000       0x71 ./eth/src/core/ipv4/ip_addr.o
 .comment       0x00000000       0x71 ./eth/src/core/ipv4/ip_frag.o
 .comment       0x00000000       0x71 ./eth/src/core/def.o
 .comment       0x00000000       0x71 ./eth/src/core/dns.o
 .comment       0x00000000       0x71 ./eth/src/core/mem.o
 .comment       0x00000000       0x71 ./eth/src/core/memp.o
 .comment       0x00000000       0x71 ./eth/src/core/netif.o
 .comment       0x00000000       0x71 ./eth/src/core/pbuf.o
 .comment       0x00000000       0x71 ./eth/src/core/raw.o
 .comment       0x00000000       0x71 ./eth/src/core/tcp.o
 .comment       0x00000000       0x71 ./eth/src/core/tcp_in.o
 .comment       0x00000000       0x71 ./eth/src/core/tcp_out.o
 .comment       0x00000000       0x71 ./eth/src/core/timers.o
 .comment       0x00000000       0x71 ./eth/src/core/udp.o
 .comment       0x00000000       0x71 ./eth/src/etharp.o
 .comment       0x00000000       0x71 ./eth/src/ethernetif.o
 .comment       0x00000000       0x71 ./eth/src/netconf.o
 .comment       0x00000000       0x71 ./eth/src/sntp.o
 .comment       0x00000000       0x71 ./eth/src/stm32f2x7_eth.o
 .comment       0x00000000       0x71 ./eth/src/stm32f2x7_eth_bsp.o

.ARM.attributes
                0x00000000       0x31
 .ARM.attributes
                0x00000000       0x33 ./system/src/stm32f2-stdperiph/misc.o
 .ARM.attributes
                0x00000033       0x33 ./system/src/stm32f2-stdperiph/stm32f2xx_exti.o
 .ARM.attributes
                0x00000066       0x33 ./system/src/stm32f2-stdperiph/stm32f2xx_gpio.o
 .ARM.attributes
                0x00000099       0x33 ./system/src/stm32f2-stdperiph/stm32f2xx_rcc.o
 .ARM.attributes
                0x000000cc       0x33 ./system/src/stm32f2-stdperiph/stm32f2xx_rtc.o
 .ARM.attributes
                0x000000ff       0x33 ./system/src/stm32f2-stdperiph/stm32f2xx_syscfg.o
 .ARM.attributes
                0x00000132       0x33 ./system/src/newlib/_exit.o
 .ARM.attributes
                0x00000165       0x33 ./system/src/newlib/_sbrk.o
 .ARM.attributes
                0x00000198       0x33 ./system/src/newlib/_startup.o
 .ARM.attributes
                0x000001cb       0x33 ./system/src/newlib/_syscalls.o
 .ARM.attributes
                0x000001fe       0x33 ./system/src/diag/Trace.o
 .ARM.attributes
                0x00000231       0x33 ./system/src/diag/trace_impl.o
 .ARM.attributes
                0x00000264       0x33 ./system/src/cortexm/_initialize_hardware.o
 .ARM.attributes
                0x00000297       0x33 ./system/src/cortexm/exception_handlers.o
 .ARM.attributes
                0x000002ca       0x33 ./system/src/cmsis/system_stm32f2xx.o
 .ARM.attributes
                0x000002fd       0x33 ./system/src/cmsis/vectors_stm32f2xx.o
 .ARM.attributes
                0x00000330       0x33 ./src/buffer.o
 .ARM.attributes
                0x00000363       0x33 ./src/main.o
 .ARM.attributes
                0x00000396       0x33 ./src/mqtt.o
 .ARM.attributes
                0x000003c9       0x33 ./src/mqttApp.o
 .ARM.attributes
                0x000003fc       0x33 ./src/my_cli.o
 .ARM.attributes
                0x0000042f       0x33 ./src/stm32f2xx_it.o
 .ARM.attributes
                0x00000462       0x33 ./src/time.o
 .ARM.attributes
                0x00000495       0x33 ./eth/src/core/ipv4/icmp.o
 .ARM.attributes
                0x000004c8       0x33 ./eth/src/core/ipv4/inet_chksum.o
 .ARM.attributes
                0x000004fb       0x33 ./eth/src/core/ipv4/ip.o
 .ARM.attributes
                0x0000052e       0x33 ./eth/src/core/ipv4/ip_addr.o
 .ARM.attributes
                0x00000561       0x33 ./eth/src/core/ipv4/ip_frag.o
 .ARM.attributes
                0x00000594       0x33 ./eth/src/core/def.o
 .ARM.attributes
                0x000005c7       0x33 ./eth/src/core/dns.o
 .ARM.attributes
                0x000005fa       0x33 ./eth/src/core/mem.o
 .ARM.attributes
                0x0000062d       0x33 ./eth/src/core/memp.o
 .ARM.attributes
                0x00000660       0x33 ./eth/src/core/netif.o
 .ARM.attributes
                0x00000693       0x33 ./eth/src/core/pbuf.o
 .ARM.attributes
                0x000006c6       0x33 ./eth/src/core/raw.o
 .ARM.attributes
                0x000006f9       0x33 ./eth/src/core/tcp.o
 .ARM.attributes
                0x0000072c       0x33 ./eth/src/core/tcp_in.o
 .ARM.attributes
                0x0000075f       0x33 ./eth/src/core/tcp_out.o
 .ARM.attributes
                0x00000792       0x33 ./eth/src/core/timers.o
 .ARM.attributes
                0x000007c5       0x33 ./eth/src/core/udp.o
 .ARM.attributes
                0x000007f8       0x33 ./eth/src/etharp.o
 .ARM.attributes
                0x0000082b       0x33 ./eth/src/ethernetif.o
 .ARM.attributes
                0x0000085e       0x33 ./eth/src/netconf.o
 .ARM.attributes
                0x00000891       0x33 ./eth/src/sntp.o
 .ARM.attributes
                0x000008c4       0x33 ./eth/src/stm32f2x7_eth.o
 .ARM.attributes
                0x000008f7       0x33 ./eth/src/stm32f2x7_eth_bsp.o
 .ARM.attributes
                0x0000092a       0x2d /home/jet/programm/stm32/gcc-arm-none-eabi-4_9-2015q3/bin/../lib/gcc/arm-none-eabi/4.9.3/../../../../arm-none-eabi/lib/armv7-m/libg.a(lib_a-errno.o)
 .ARM.attributes
                0x00000957       0x2d /home/jet/programm/stm32/gcc-arm-none-eabi-4_9-2015q3/bin/../lib/gcc/arm-none-eabi/4.9.3/../../../../arm-none-eabi/lib/armv7-m/libg.a(lib_a-impure.o)
 .ARM.attributes
                0x00000984       0x2d /home/jet/programm/stm32/gcc-arm-none-eabi-4_9-2015q3/bin/../lib/gcc/arm-none-eabi/4.9.3/../../../../arm-none-eabi/lib/armv7-m/libg.a(lib_a-malloc.o)
 .ARM.attributes
                0x000009b1       0x2d /home/jet/programm/stm32/gcc-arm-none-eabi-4_9-2015q3/bin/../lib/gcc/arm-none-eabi/4.9.3/../../../../arm-none-eabi/lib/armv7-m/libg.a(lib_a-mallocr.o)
 .ARM.attributes
                0x000009de       0x2d /home/jet/programm/stm32/gcc-arm-none-eabi-4_9-2015q3/bin/../lib/gcc/arm-none-eabi/4.9.3/../../../../arm-none-eabi/lib/armv7-m/libg.a(lib_a-memcmp.o)
 .ARM.attributes
                0x00000a0b       0x1b /home/jet/programm/stm32/gcc-arm-none-eabi-4_9-2015q3/bin/../lib/gcc/arm-none-eabi/4.9.3/../../../../arm-none-eabi/lib/armv7-m/libg.a(lib_a-memcpy.o)
 .ARM.attributes
                0x00000a26       0x2d /home/jet/programm/stm32/gcc-arm-none-eabi-4_9-2015q3/bin/../lib/gcc/arm-none-eabi/4.9.3/../../../../arm-none-eabi/lib/armv7-m/libg.a(lib_a-memset.o)
 .ARM.attributes
                0x00000a53       0x2d /home/jet/programm/stm32/gcc-arm-none-eabi-4_9-2015q3/bin/../lib/gcc/arm-none-eabi/4.9.3/../../../../arm-none-eabi/lib/armv7-m/libg.a(lib_a-mlock.o)
 .ARM.attributes
                0x00000a80       0x2d /home/jet/programm/stm32/gcc-arm-none-eabi-4_9-2015q3/bin/../lib/gcc/arm-none-eabi/4.9.3/../../../../arm-none-eabi/lib/armv7-m/libg.a(lib_a-sbrkr.o)
 .ARM.attributes
                0x00000aad       0x1b /home/jet/programm/stm32/gcc-arm-none-eabi-4_9-2015q3/bin/../lib/gcc/arm-none-eabi/4.9.3/../../../../arm-none-eabi/lib/armv7-m/libg.a(lib_a-strcmp.o)
 .ARM.attributes
                0x00000ac8       0x2d /home/jet/programm/stm32/gcc-arm-none-eabi-4_9-2015q3/bin/../lib/gcc/arm-none-eabi/4.9.3/../../../../arm-none-eabi/lib/armv7-m/libg.a(lib_a-strlen.o)
 .ARM.attributes
                0x00000af5       0x2d /home/jet/programm/stm32/gcc-arm-none-eabi-4_9-2015q3/bin/../lib/gcc/arm-none-eabi/4.9.3/../../../../arm-none-eabi/lib/armv7-m/libg.a(lib_a-svfprintf.o)
 .ARM.attributes
                0x00000b22       0x2d /home/jet/programm/stm32/gcc-arm-none-eabi-4_9-2015q3/bin/../lib/gcc/arm-none-eabi/4.9.3/../../../../arm-none-eabi/lib/armv7-m/libg.a(lib_a-vsnprintf.o)
 .ARM.attributes
                0x00000b4f       0x2d /home/jet/programm/stm32/gcc-arm-none-eabi-4_9-2015q3/bin/../lib/gcc/arm-none-eabi/4.9.3/../../../../arm-none-eabi/lib/armv7-m/libg.a(lib_a-dtoa.o)
 .ARM.attributes
                0x00000b7c       0x2d /home/jet/programm/stm32/gcc-arm-none-eabi-4_9-2015q3/bin/../lib/gcc/arm-none-eabi/4.9.3/../../../../arm-none-eabi/lib/armv7-m/libg.a(lib_a-freer.o)
 .ARM.attributes
                0x00000ba9       0x2d /home/jet/programm/stm32/gcc-arm-none-eabi-4_9-2015q3/bin/../lib/gcc/arm-none-eabi/4.9.3/../../../../arm-none-eabi/lib/armv7-m/libg.a(lib_a-locale.o)
 .ARM.attributes
                0x00000bd6       0x2d /home/jet/programm/stm32/gcc-arm-none-eabi-4_9-2015q3/bin/../lib/gcc/arm-none-eabi/4.9.3/../../../../arm-none-eabi/lib/armv7-m/libg.a(lib_a-memchr.o)
 .ARM.attributes
                0x00000c03       0x2d /home/jet/programm/stm32/gcc-arm-none-eabi-4_9-2015q3/bin/../lib/gcc/arm-none-eabi/4.9.3/../../../../arm-none-eabi/lib/armv7-m/libg.a(lib_a-mprec.o)
 .ARM.attributes
                0x00000c30       0x2d /home/jet/programm/stm32/gcc-arm-none-eabi-4_9-2015q3/bin/../lib/gcc/arm-none-eabi/4.9.3/../../../../arm-none-eabi/lib/armv7-m/libg.a(lib_a-s_fpclassify.o)
 .ARM.attributes
                0x00000c5d       0x2d /home/jet/programm/stm32/gcc-arm-none-eabi-4_9-2015q3/bin/../lib/gcc/arm-none-eabi/4.9.3/../../../../arm-none-eabi/lib/armv7-m/libg.a(lib_a-svfiprintf.o)
 .ARM.attributes
                0x00000c8a       0x2d /home/jet/programm/stm32/gcc-arm-none-eabi-4_9-2015q3/bin/../lib/gcc/arm-none-eabi/4.9.3/../../../../arm-none-eabi/lib/armv7-m/libg.a(lib_a-callocr.o)
 .ARM.attributes
                0x00000cb7       0x2d /home/jet/programm/stm32/gcc-arm-none-eabi-4_9-2015q3/bin/../lib/gcc/arm-none-eabi/4.9.3/../../../../arm-none-eabi/lib/armv7-m/libg.a(lib_a-memmove.o)
 .ARM.attributes
                0x00000ce4       0x2d /home/jet/programm/stm32/gcc-arm-none-eabi-4_9-2015q3/bin/../lib/gcc/arm-none-eabi/4.9.3/../../../../arm-none-eabi/lib/armv7-m/libg.a(lib_a-reallocr.o)
 .ARM.attributes
                0x00000d11       0x1d /home/jet/programm/stm32/gcc-arm-none-eabi-4_9-2015q3/bin/../lib/gcc/arm-none-eabi/4.9.3/armv7-m/libgcc.a(_arm_addsubdf3.o)
 .ARM.attributes
                0x00000d2e       0x1d /home/jet/programm/stm32/gcc-arm-none-eabi-4_9-2015q3/bin/../lib/gcc/arm-none-eabi/4.9.3/armv7-m/libgcc.a(_arm_muldivdf3.o)
 .ARM.attributes
                0x00000d4b       0x1d /home/jet/programm/stm32/gcc-arm-none-eabi-4_9-2015q3/bin/../lib/gcc/arm-none-eabi/4.9.3/armv7-m/libgcc.a(_arm_cmpdf2.o)
 .ARM.attributes
                0x00000d68       0x1d /home/jet/programm/stm32/gcc-arm-none-eabi-4_9-2015q3/bin/../lib/gcc/arm-none-eabi/4.9.3/armv7-m/libgcc.a(_arm_fixdfsi.o)
 .ARM.attributes
                0x00000d85       0x1d /home/jet/programm/stm32/gcc-arm-none-eabi-4_9-2015q3/bin/../lib/gcc/arm-none-eabi/4.9.3/armv7-m/libgcc.a(_aeabi_uldivmod.o)
 .ARM.attributes
                0x00000da2       0x2d /home/jet/programm/stm32/gcc-arm-none-eabi-4_9-2015q3/bin/../lib/gcc/arm-none-eabi/4.9.3/armv7-m/libgcc.a(bpabi.o)
 .ARM.attributes
                0x00000dcf       0x1d /home/jet/programm/stm32/gcc-arm-none-eabi-4_9-2015q3/bin/../lib/gcc/arm-none-eabi/4.9.3/armv7-m/libgcc.a(_dvmd_tls.o)
 .ARM.attributes
                0x00000dec       0x2d /home/jet/programm/stm32/gcc-arm-none-eabi-4_9-2015q3/bin/../lib/gcc/arm-none-eabi/4.9.3/armv7-m/libgcc.a(_divdi3.o)
 .ARM.attributes
                0x00000e19       0x2d /home/jet/programm/stm32/gcc-arm-none-eabi-4_9-2015q3/bin/../lib/gcc/arm-none-eabi/4.9.3/armv7-m/libgcc.a(_udivdi3.o)

.debug
 *(.debug)

.line
 *(.line)

.debug_srcinfo
 *(.debug_srcinfo)

.debug_sfnames
 *(.debug_sfnames)

.debug_aranges  0x00000000     0x1498
 *(.debug_aranges)
 .debug_aranges
                0x00000000       0x40 ./system/src/stm32f2-stdperiph/misc.o
 .debug_aranges
                0x00000040       0x58 ./system/src/stm32f2-stdperiph/stm32f2xx_exti.o
 .debug_aranges
                0x00000098       0x88 ./system/src/stm32f2-stdperiph/stm32f2xx_gpio.o
 .debug_aranges
                0x00000120      0x178 ./system/src/stm32f2-stdperiph/stm32f2xx_rcc.o
 .debug_aranges
                0x00000298      0x178 ./system/src/stm32f2-stdperiph/stm32f2xx_rtc.o
 .debug_aranges
                0x00000410       0x48 ./system/src/stm32f2-stdperiph/stm32f2xx_syscfg.o
 .debug_aranges
                0x00000458       0x28 ./system/src/newlib/_exit.o
 .debug_aranges
                0x00000480       0x20 ./system/src/newlib/_sbrk.o
 .debug_aranges
                0x000004a0       0x40 ./system/src/newlib/_startup.o
 .debug_aranges
                0x000004e0       0x30 ./system/src/newlib/_syscalls.o
 .debug_aranges
                0x00000510       0x38 ./system/src/diag/Trace.o
 .debug_aranges
                0x00000548       0x30 ./system/src/diag/trace_impl.o
 .debug_aranges
                0x00000578       0x28 ./system/src/cortexm/_initialize_hardware.o
 .debug_aranges
                0x000005a0       0x90 ./system/src/cortexm/exception_handlers.o
 .debug_aranges
                0x00000630       0x30 ./system/src/cmsis/system_stm32f2xx.o
 .debug_aranges
                0x00000660       0x20 ./system/src/cmsis/vectors_stm32f2xx.o
 .debug_aranges
                0x00000680       0x80 ./src/buffer.o
 .debug_aranges
                0x00000700       0x40 ./src/main.o
 .debug_aranges
                0x00000740       0x78 ./src/mqtt.o
 .debug_aranges
                0x000007b8       0x58 ./src/mqttApp.o
 .debug_aranges
                0x00000810       0x78 ./src/my_cli.o
 .debug_aranges
                0x00000888       0x68 ./src/stm32f2xx_it.o
 .debug_aranges
                0x000008f0       0x50 ./src/time.o
 .debug_aranges
                0x00000940       0x38 ./eth/src/core/ipv4/icmp.o
 .debug_aranges
                0x00000978       0x40 ./eth/src/core/ipv4/inet_chksum.o
 .debug_aranges
                0x000009b8       0x38 ./eth/src/core/ipv4/ip.o
 .debug_aranges
                0x000009f0       0x48 ./eth/src/core/ipv4/ip_addr.o
 .debug_aranges
                0x00000a38       0x70 ./eth/src/core/ipv4/ip_frag.o
 .debug_aranges
                0x00000aa8       0x38 ./eth/src/core/def.o
 .debug_aranges
                0x00000ae0       0x80 ./eth/src/core/dns.o
 .debug_aranges
                0x00000b60       0x48 ./eth/src/core/mem.o
 .debug_aranges
                0x00000ba8       0x30 ./eth/src/core/memp.o
 .debug_aranges
                0x00000bd8       0x80 ./eth/src/core/netif.o
 .debug_aranges
                0x00000c58       0xa8 ./eth/src/core/pbuf.o
 .debug_aranges
                0x00000d00       0x58 ./eth/src/core/raw.o
 .debug_aranges
                0x00000d58      0x138 ./eth/src/core/tcp.o
 .debug_aranges
                0x00000e90       0x48 ./eth/src/core/tcp_in.o
 .debug_aranges
                0x00000ed8       0x98 ./eth/src/core/tcp_out.o
 .debug_aranges
                0x00000f70       0x68 ./eth/src/core/timers.o
 .debug_aranges
                0x00000fd8       0x78 ./eth/src/core/udp.o
 .debug_aranges
                0x00001050       0x88 ./eth/src/etharp.o
 .debug_aranges
                0x000010d8       0x40 ./eth/src/ethernetif.o
 .debug_aranges
                0x00001118       0x30 ./eth/src/netconf.o
 .debug_aranges
                0x00001148       0x50 ./eth/src/sntp.o
 .debug_aranges
                0x00001198      0x2b8 ./eth/src/stm32f2x7_eth.o
 .debug_aranges
                0x00001450       0x48 ./eth/src/stm32f2x7_eth_bsp.o

.debug_pubnames
 *(.debug_pubnames)

.debug_info     0x00000000    0x1b96b
 *(.debug_info .gnu.linkonce.wi.*)
 .debug_info    0x00000000      0x52a ./system/src/stm32f2-stdperiph/misc.o
 .debug_info    0x0000052a      0x33c ./system/src/stm32f2-stdperiph/stm32f2xx_exti.o
 .debug_info    0x00000866      0x7b3 ./system/src/stm32f2-stdperiph/stm32f2xx_gpio.o
 .debug_info    0x00001019      0xc62 ./system/src/stm32f2-stdperiph/stm32f2xx_rcc.o
 .debug_info    0x00001c7b     0x102e ./system/src/stm32f2-stdperiph/stm32f2xx_rtc.o
 .debug_info    0x00002ca9      0x29c ./system/src/stm32f2-stdperiph/stm32f2xx_syscfg.o
 .debug_info    0x00002f45      0x100 ./system/src/newlib/_exit.o