Archive member included because of file (symbol)

/home/jet/programm/stm32/gcc-arm-none-eabi-4_9-2015q3/bin/../lib/gcc/arm-none-eabi/4.9.3/armv7-m/libgcc.a(_arm_muldivdf3.o)
                              ./src/mqtt_codec.o (__aeabi_dmul)
/home/jet/programm/stm32/gcc-arm-none-eabi-4_9-2015q3/bin/../lib/gcc/arm-none-eabi/4.9.3/armv7-m/libgcc.a(_arm_fixdfsi.o)
                              ./src/mqtt_codec.o (__aeabi_d2iz)
/home/jet/programm/stm32/gcc-arm-none-eabi-4_9-2015q3/bin/../lib/gcc/arm-none-eabi/4.9.3/armv7-m/libgcc.a(_arm_addsubsf3.o)
                              ./src/fmt_translate.o (__aeabi_fsub)
/home/jet/programm/stm32/gcc-arm-none-eabi-4_9-2015q3/bin/../lib/gcc/arm-none-eabi/4.9.3/armv7-m/libgcc.a(_arm_muldivsf3.o)
                              ./src/fmt_translate.o (__aeabi_fmul)
/home/jet/programm/stm32/gcc-arm-none-eabi-4_9-2015q3/bin/../lib/gcc/arm-none-eabi/4.9.3/armv7-m/libgcc.a(_arm_cmpsf2.o)
                              ./src/fmt_translate.o (__aeabi_fcmpeq)
/home/jet/programm/stm32/gcc-arm-none-eabi-4_9-2015q3/bin/../lib/gcc/arm-none-eabi/4.9.3/armv7-m/libgcc.a(_arm_fixunssfsi.o)
                              ./src/fmt_translate.o (__aeabi_f2uiz)
/home/jet/programm/stm32/gcc-arm-none-eabi-4_9-2015q3/bin/../lib/gcc/arm-none-eabi/4.9.3/../../../../arm-none-eabi/lib/armv7-m/libg.a(lib_a-atof.o)
                              ./src/mqtt_codec.o (atof)
/home/jet/programm/stm32/gcc-arm-none-eabi-4_9-2015q3/bin/../lib/gcc/arm-none-eabi/4.9.3/../../../../arm-none-eabi/lib/armv7-m/libg.a(lib_a-errno.o)
                              ./system/src/newlib/_sbrk.o (__errno)
/home/jet/programm/stm32/gcc-arm-none-eabi-4_9-2015q3/bin/../lib/gcc/arm-none-eabi/4.9.3/../../../../arm-none-eabi/lib/armv7-m/libg.a(lib_a-impure.o)
                              /home/jet/programm/stm32/gcc-arm-none-eabi-4_9-2015q3/bin/../lib/gcc/arm-none-eabi/4.9.3/../../../../arm-none-eabi/lib/armv7-m/libg.a(lib_a-errno.o) (_impure_ptr)
/home/jet/programm/stm32/gcc-arm-none-eabi-4_9-2015q3/bin/../lib/gcc/arm-none-eabi/4.9.3/../../../../arm-none-eabi/lib/armv7-m/libg.a(lib_a-memcmp.o)
                              ./src/mqtt_codec.o (memcmp)
/home/jet/programm/stm32/gcc-arm-none-eabi-4_9-2015q3/bin/../lib/gcc/arm-none-eabi/4.9.3/../../../../arm-none-eabi/lib/armv7-m/libg.a(lib_a-memcpy.o)
                              ./src/buffer.o (memcpy)
/home/jet/programm/stm32/gcc-arm-none-eabi-4_9-2015q3/bin/../lib/gcc/arm-none-eabi/4.9.3/../../../../arm-none-eabi/lib/armv7-m/libg.a(lib_a-memset.o)
                              ./src/mqtt.o (memset)
/home/jet/programm/stm32/gcc-arm-none-eabi-4_9-2015q3/bin/../lib/gcc/arm-none-eabi/4.9.3/../../../../arm-none-eabi/lib/armv7-m/libg.a(lib_a-sprintf.o)
                              ./src/tcp_echoclient.o (sprintf)
/home/jet/programm/stm32/gcc-arm-none-eabi-4_9-2015q3/bin/../lib/gcc/arm-none-eabi/4.9.3/../../../../arm-none-eabi/lib/armv7-m/libg.a(lib_a-strcat.o)
                              ./src/mqtt.o (strcat)
/home/jet/programm/stm32/gcc-arm-none-eabi-4_9-2015q3/bin/../lib/gcc/arm-none-eabi/4.9.3/../../../../arm-none-eabi/lib/armv7-m/libg.a(lib_a-strcmp.o)
                              ./system/src/cortexm/exception_handlers.o (strcmp)
/home/jet/programm/stm32/gcc-arm-none-eabi-4_9-2015q3/bin/../lib/gcc/arm-none-eabi/4.9.3/../../../../arm-none-eabi/lib/armv7-m/libg.a(lib_a-strcpy.o)
                              ./src/mqtt.o (strcpy)
/home/jet/programm/stm32/gcc-arm-none-eabi-4_9-2015q3/bin/../lib/gcc/arm-none-eabi/4.9.3/../../../../arm-none-eabi/lib/armv7-m/libg.a(lib_a-strlen.o)
                              ./system/src/diag/Trace.o (strlen)
/home/jet/programm/stm32/gcc-arm-none-eabi-4_9-2015q3/bin/../lib/gcc/arm-none-eabi/4.9.3/../../../../arm-none-eabi/lib/armv7-m/libg.a(lib_a-strtod.o)
                              /home/jet/programm/stm32/gcc-arm-none-eabi-4_9-2015q3/bin/../lib/gcc/arm-none-eabi/4.9.3/../../../../arm-none-eabi/lib/armv7-m/libg.a(lib_a-atof.o) (strtod)
/home/jet/programm/stm32/gcc-arm-none-eabi-4_9-2015q3/bin/../lib/gcc/arm-none-eabi/4.9.3/../../../../arm-none-eabi/lib/armv7-m/libg.a(lib_a-svfprintf.o)
                              /home/jet/programm/stm32/gcc-arm-none-eabi-4_9-2015q3/bin/../lib/gcc/arm-none-eabi/4.9.3/../../../../arm-none-eabi/lib/armv7-m/libg.a(lib_a-sprintf.o) (_svfprintf_r)
/home/jet/programm/stm32/gcc-arm-none-eabi-4_9-2015q3/bin/../lib/gcc/arm-none-eabi/4.9.3/../../../../arm-none-eabi/lib/armv7-m/libg.a(lib_a-vsnprintf.o)
                              ./system/src/diag/Trace.o (vsnprintf)
/home/jet/programm/stm32/gcc-arm-none-eabi-4_9-2015q3/bin/../lib/gcc/arm-none-eabi/4.9.3/../../../../arm-none-eabi/lib/armv7-m/libg.a(lib_a-dtoa.o)
                              /home/jet/programm/stm32/gcc-arm-none-eabi-4_9-2015q3/bin/../lib/gcc/arm-none-eabi/4.9.3/../../../../arm-none-eabi/lib/armv7-m/libg.a(lib_a-svfprintf.o) (_dtoa_r)
[...]
Memory Configuration

Name             Origin             Length             Attributes
RAM              0x20000000         0x00020000         xrw
CCMRAM           0x00000000         0x00000000         xrw
FLASH            0x08000000         0x00100000         xr
FLASHB1          0x00000000         0x00000000         xr
EXTMEMB0         0x00000000         0x00000000         xr
EXTMEMB1         0x00000000         0x00000000         xr
EXTMEMB2         0x00000000         0x00000000         xr
EXTMEMB3         0x00000000         0x00000000         xr
MEMORY_ARRAY     0x00000000         0x00000000         xrw
*default*        0x00000000         0xffffffff

Linker script and memory map

LOAD ./system/src/stm32f2-stdperiph/misc.o
LOAD ./system/src/stm32f2-stdperiph/stm32f2xx_adc.o
LOAD ./system/src/stm32f2-stdperiph/stm32f2xx_can.o
LOAD ./system/src/stm32f2-stdperiph/stm32f2xx_crc.o
LOAD ./system/src/stm32f2-stdperiph/stm32f2xx_cryp.o
LOAD ./system/src/stm32f2-stdperiph/stm32f2xx_cryp_aes.o
LOAD ./system/src/stm32f2-stdperiph/stm32f2xx_cryp_des.o
LOAD ./system/src/stm32f2-stdperiph/stm32f2xx_cryp_tdes.o
LOAD ./system/src/stm32f2-stdperiph/stm32f2xx_dac.o
LOAD ./system/src/stm32f2-stdperiph/stm32f2xx_dbgmcu.o
LOAD ./system/src/stm32f2-stdperiph/stm32f2xx_dcmi.o
LOAD ./system/src/stm32f2-stdperiph/stm32f2xx_dma.o
LOAD ./system/src/stm32f2-stdperiph/stm32f2xx_exti.o
LOAD ./system/src/stm32f2-stdperiph/stm32f2xx_flash.o
LOAD ./system/src/stm32f2-stdperiph/stm32f2xx_fsmc.o
LOAD ./system/src/stm32f2-stdperiph/stm32f2xx_gpio.o
LOAD ./system/src/stm32f2-stdperiph/stm32f2xx_hash.o
LOAD ./system/src/stm32f2-stdperiph/stm32f2xx_hash_md5.o
LOAD ./system/src/stm32f2-stdperiph/stm32f2xx_hash_sha1.o
LOAD ./system/src/stm32f2-stdperiph/stm32f2xx_i2c.o
LOAD ./system/src/stm32f2-stdperiph/stm32f2xx_iwdg.o
LOAD ./system/src/stm32f2-stdperiph/stm32f2xx_pwr.o
LOAD ./system/src/stm32f2-stdperiph/stm32f2xx_rcc.o
LOAD ./system/src/stm32f2-stdperiph/stm32f2xx_rng.o
LOAD ./system/src/stm32f2-stdperiph/stm32f2xx_rtc.o
LOAD ./system/src/stm32f2-stdperiph/stm32f2xx_sdio.o
LOAD ./system/src/stm32f2-stdperiph/stm32f2xx_spi.o
LOAD ./system/src/stm32f2-stdperiph/stm32f2xx_syscfg.o
LOAD ./system/src/stm32f2-stdperiph/stm32f2xx_tim.o
LOAD ./system/src/stm32f2-stdperiph/stm32f2xx_usart.o
LOAD ./system/src/stm32f2-stdperiph/stm32f2xx_wwdg.o
LOAD ./system/src/newlib/_cxx.o
LOAD ./system/src/newlib/_exit.o
LOAD ./system/src/newlib/_sbrk.o
LOAD ./system/src/newlib/_startup.o
LOAD ./system/src/newlib/_syscalls.o
LOAD ./system/src/newlib/assert.o
LOAD ./system/src/diag/Trace.o
LOAD ./system/src/diag/trace_impl.o
LOAD ./system/src/cortexm/_initialize_hardware.o
LOAD ./system/src/cortexm/_reset_hardware.o
LOAD ./system/src/cortexm/exception_handlers.o
LOAD ./system/src/cmsis/system_stm32f2xx.o
LOAD ./system/src/cmsis/vectors_stm32f2xx.o
LOAD ./src/_write.o
LOAD ./src/buffer.o
LOAD ./src/can.o
LOAD ./src/fmt_translate.o
LOAD ./src/main.o
LOAD ./src/mqtt.o
LOAD ./src/mqttApp.o
LOAD ./src/mqtt_codec.o
LOAD ./src/my_cli.o
LOAD ./src/stm32f2xx_it.o
LOAD ./src/tcp_echoclient.o
LOAD ./src/time.o
LOAD ./eth/src/core/ipv4/autoip.o
LOAD ./eth/src/core/ipv4/icmp.o
LOAD ./eth/src/core/ipv4/igmp.o
LOAD ./eth/src/core/ipv4/inet.o
LOAD ./eth/src/core/ipv4/inet_chksum.o
LOAD ./eth/src/core/ipv4/ip.o
LOAD ./eth/src/core/ipv4/ip_addr.o
LOAD ./eth/src/core/ipv4/ip_frag.o
LOAD ./eth/src/core/def.o
LOAD ./eth/src/core/dhcp.o
LOAD ./eth/src/core/dns.o
LOAD ./eth/src/core/init.o
LOAD ./eth/src/core/mem.o
LOAD ./eth/src/core/memp.o
LOAD ./eth/src/core/netif.o
LOAD ./eth/src/core/pbuf.o
LOAD ./eth/src/core/raw.o
LOAD ./eth/src/core/stats.o
LOAD ./eth/src/core/sys.o
LOAD ./eth/src/core/tcp.o
LOAD ./eth/src/core/tcp_in.o
LOAD ./eth/src/core/tcp_out.o
LOAD ./eth/src/core/timers.o
LOAD ./eth/src/core/udp.o
LOAD ./eth/src/etharp.o
LOAD ./eth/src/ethernetif.o
LOAD ./eth/src/netconf.o
LOAD ./eth/src/sntp.o
LOAD ./eth/src/stm32f2x7_eth.o
LOAD ./eth/src/stm32f2x7_eth_bsp.o
LOAD /home/jet/programm/stm32/gcc-arm-none-eabi-4_9-2015q3/bin/../lib/gcc/arm-none-eabi/4.9.3/../../../../arm-none-eabi/lib/armv7-m/libstdc++.a
LOAD /home/jet/programm/stm32/gcc-arm-none-eabi-4_9-2015q3/bin/../lib/gcc/arm-none-eabi/4.9.3/../../../../arm-none-eabi/lib/armv7-m/libm.a
START GROUP
LOAD /home/jet/programm/stm32/gcc-arm-none-eabi-4_9-2015q3/bin/../lib/gcc/arm-none-eabi/4.9.3/armv7-m/libgcc.a
LOAD /home/jet/programm/stm32/gcc-arm-none-eabi-4_9-2015q3/bin/../lib/gcc/arm-none-eabi/4.9.3/../../../../arm-none-eabi/lib/armv7-m/libg.a
LOAD /home/jet/programm/stm32/gcc-arm-none-eabi-4_9-2015q3/bin/../lib/gcc/arm-none-eabi/4.9.3/../../../../arm-none-eabi/lib/armv7-m/libc.a
END GROUP
                0x20020000                __stack = (ORIGIN (RAM) + 0x20000)
                0x20020000                _estack = __stack
                0x00000400                __Main_Stack_Size = 0x400
                0x00000400                PROVIDE (_Main_Stack_Size, __Main_Stack_Size)
                0x2001fc00                __Main_Stack_Limit = (__stack - __Main_Stack_Size)
                0x2001fc00                PROVIDE (_Main_Stack_Limit, __Main_Stack_Limit)
                0x00000100                _Minimum_Stack_Size = 0x100
                0x2000ae28                PROVIDE (_Heap_Begin, _end_noinit)
                0x2001fc00                PROVIDE (_Heap_Limit, (__stack - __Main_Stack_Size))

.isr_vector     0x08000000      0x3cc
 FILL mask 0xff
                0x08000000                __vectors_start = ABSOLUTE (.)
                0x08000000                __vectors_start__ = ABSOLUTE (.)
 *(.isr_vector)
 .isr_vector    0x08000000      0x184 ./system/src/cmsis/vectors_stm32f2xx.o
                0x08000000                __isr_vectors
 *(.cfmconfig)
 *(.after_vectors .after_vectors.*)
 .after_vectors
                0x08000184      0x114 ./system/src/newlib/_startup.o
                0x08000184                _start
 .after_vectors
                0x08000298      0x130 ./system/src/cortexm/exception_handlers.o
                0x08000298                Reset_Handler
                0x080002b8                HardFault_Handler_C
                0x08000330                BusFault_Handler_C
                0x08000378                UsageFault_Handler_C
 .after_vectors
                0x080003c8        0x4 ./system/src/cmsis/vectors_stm32f2xx.o
                0x080003c8                RTC_Alarm_IRQHandler
                0x080003c8                HASH_RNG_IRQHandler
                0x080003c8                EXTI2_IRQHandler
                0x080003c8                TIM8_CC_IRQHandler
                0x080003c8                TIM1_CC_IRQHandler
                0x080003c8                DMA2_Stream5_IRQHandler
                0x080003c8                DMA1_Stream5_IRQHandler
                0x080003c8                PVD_IRQHandler
                0x080003c8                SDIO_IRQHandler
                0x080003c8                TAMP_STAMP_IRQHandler
                0x080003c8                CAN2_RX1_IRQHandler
                0x080003c8                TIM8_TRG_COM_TIM14_IRQHandler
                0x080003c8                TIM1_UP_TIM10_IRQHandler
                0x080003c8                TIM8_UP_TIM13_IRQHandler
                0x080003c8                I2C3_ER_IRQHandler
                0x080003c8                EXTI0_IRQHandler
                0x080003c8                I2C2_EV_IRQHandler
                0x080003c8                DMA1_Stream2_IRQHandler
                0x080003c8                OTG_HS_WKUP_IRQHandler
                0x080003c8                CAN2_SCE_IRQHandler
                0x080003c8                DMA2_Stream2_IRQHandler
                0x080003c8                SPI1_IRQHandler
                0x080003c8                TIM6_DAC_IRQHandler
                0x080003c8                TIM1_BRK_TIM9_IRQHandler
                0x080003c8                DCMI_IRQHandler
                0x080003c8                CAN2_RX0_IRQHandler
                0x080003c8                DMA2_Stream3_IRQHandler
                0x080003c8                USART6_IRQHandler
                0x080003c8                USART3_IRQHandler
                0x080003c8                CRYP_IRQHandler
                0x080003c8                UART5_IRQHandler
                0x080003c8                DMA2_Stream0_IRQHandler
                0x080003c8                TIM4_IRQHandler
                0x080003c8                I2C1_EV_IRQHandler
                0x080003c8                DMA1_Stream6_IRQHandler
                0x080003c8                DMA1_Stream1_IRQHandler
                0x080003c8                UART4_IRQHandler
                0x080003c8                TIM3_IRQHandler
                0x080003c8                RCC_IRQHandler
                0x080003c8                TIM8_BRK_TIM12_IRQHandler
                0x080003c8                TIM1_TRG_COM_IRQHandler
                0x080003c8                Default_Handler
                0x080003c8                EXTI15_10_IRQHandler
                0x080003c8                ADC_IRQHandler
                0x080003c8                DMA1_Stream7_IRQHandler
                0x080003c8                TIM7_IRQHandler
                0x080003c8                CAN2_TX_IRQHandler
                0x080003c8                TIM5_IRQHandler
                0x080003c8                DMA2_Stream7_IRQHandler
                0x080003c8                I2C3_EV_IRQHandler
                0x080003c8                EXTI9_5_IRQHandler
                0x080003c8                RTC_WKUP_IRQHandler
                0x080003c8                ETH_WKUP_IRQHandler
                0x080003c8                SPI2_IRQHandler
                0x080003c8                OTG_HS_EP1_IN_IRQHandler
                0x080003c8                DMA1_Stream0_IRQHandler
                0x080003c8                EXTI4_IRQHandler
                0x080003c8                FSMC_IRQHandler
                0x080003c8                ETH_IRQHandler
                0x080003c8                OTG_HS_EP1_OUT_IRQHandler
                0x080003c8                WWDG_IRQHandler
                0x080003c8                TIM2_IRQHandler
                0x080003c8                OTG_FS_WKUP_IRQHandler
                0x080003c8                TIM1_TRG_COM_TIM11_IRQHandler
                0x080003c8                OTG_HS_IRQHandler
                0x080003c8                EXTI1_IRQHandler
                0x080003c8                USART2_IRQHandler
                0x080003c8                I2C2_ER_IRQHandler
                0x080003c8                DMA2_Stream1_IRQHandler
                0x080003c8                FLASH_IRQHandler
                0x080003c8                DMA2_Stream4_IRQHandler
                0x080003c8                USART1_IRQHandler
                0x080003c8                OTG_FS_IRQHandler
                0x080003c8                SPI3_IRQHandler
                0x080003c8                DMA1_Stream4_IRQHandler
                0x080003c8                I2C1_ER_IRQHandler
                0x080003c8                DMA2_Stream6_IRQHandler
                0x080003c8                DMA1_Stream3_IRQHandler

.inits          0x080003cc       0x28
                0x080003cc                __data_regions_array_start = .
                0x080003cc        0x4 LONG 0x800f6f0 LOADADDR (.data)
                0x080003d0        0x4 LONG 0x20000000 ADDR (.data)
                0x080003d4        0x4 LONG 0x200008b0 (ADDR (.data) + SIZEOF (.data))
                0x080003d8        0x4 LONG 0x800f6f0 LOADADDR (.data_CCMRAM)
                0x080003dc        0x4 LONG 0x0 ADDR (.data_CCMRAM)
                0x080003e0        0x4 LONG 0x0 (ADDR (.data_CCMRAM) + SIZEOF (.data_CCMRAM))
                0x080003e4                __data_regions_array_end = .
                0x080003e4                __bss_regions_array_start = .
                0x080003e4        0x4 LONG 0x200008b0 ADDR (.bss)
                0x080003e8        0x4 LONG 0x2000ae28 (ADDR (.bss) + SIZEOF (.bss))
                0x080003ec        0x4 LONG 0x0 ADDR (.bss_CCMRAM)
                0x080003f0        0x4 LONG 0x0 (ADDR (.bss_CCMRAM) + SIZEOF (.bss_CCMRAM))
                0x080003f4                __bss_regions_array_end = .
 *(.init)
 *(.fini)
                0x080003f4                . = ALIGN (0x4)
                0x080003f4                PROVIDE (__preinit_array_start, .)
 *(.preinit_array_sysinit .preinit_array_sysinit.*)
 *(.preinit_array_platform .preinit_array_platform.*)
 *(.preinit_array .preinit_array.*)
                0x080003f4                PROVIDE (__preinit_array_end, .)
                0x080003f4                . = ALIGN (0x4)
                0x080003f4                PROVIDE (__init_array_start, .)
 *(SORT(.init_array.*))
 *(.init_array)
                0x080003f4                PROVIDE (__init_array_end, .)
                0x080003f4                . = ALIGN (0x4)
                0x080003f4                PROVIDE (__fini_array_start, .)
 *(SORT(.fini_array.*))
 *(.fini_array)
                0x080003f4                PROVIDE (__fini_array_end, .)

.flashtext
 *(.flashtext .flashtext.*)

.text           0x080003f8     0xf2f0
 *(.text .text.*)
 .text.NVIC_PriorityGroupConfig
                0x080003f8       0x14 ./system/src/stm32f2-stdperiph/misc.o
                0x080003f8                NVIC_PriorityGroupConfig
 .text.NVIC_Init
                0x0800040c       0x74 ./system/src/stm32f2-stdperiph/misc.o
                0x0800040c                NVIC_Init
 .text.CheckITStatus
                0x08000480        0xc ./system/src/stm32f2-stdperiph/stm32f2xx_can.o
 .text.CAN_DeInit
                0x0800048c       0x38 ./system/src/stm32f2-stdperiph/stm32f2xx_can.o
                0x0800048c                CAN_DeInit
 .text.CAN_Init
                0x080004c4      0x110 ./system/src/stm32f2-stdperiph/stm32f2xx_can.o
                0x080004c4                CAN_Init
 .text.CAN_FilterInit
                0x080005d4       0xf0 ./system/src/stm32f2-stdperiph/stm32f2xx_can.o
                0x080005d4                CAN_FilterInit
 .text.CAN_Transmit
                0x080006c4       0xd0 ./system/src/stm32f2-stdperiph/stm32f2xx_can.o
                0x080006c4                CAN_Transmit
 .text.CAN_Receive
                0x08000794       0xa0 ./system/src/stm32f2-stdperiph/stm32f2xx_can.o
                0x08000794                CAN_Receive
 .text.CAN_ITConfig
                0x08000834       0x14 ./system/src/stm32f2-stdperiph/stm32f2xx_can.o
                0x08000834                CAN_ITConfig
 .text.CAN_GetITStatus
                0x08000848       0xf4 ./system/src/stm32f2-stdperiph/stm32f2xx_can.o
                0x08000848                CAN_GetITStatus
 .text.CAN_ClearITPendingBit
                0x0800093c       0xa0 ./system/src/stm32f2-stdperiph/stm32f2xx_can.o
                0x0800093c                CAN_ClearITPendingBit
 .text.EXTI_Init
                0x080009dc       0x90 ./system/src/stm32f2-stdperiph/stm32f2xx_exti.o
                0x080009dc                EXTI_Init
 .text.EXTI_GetITStatus
                0x08000a6c       0x20 ./system/src/stm32f2-stdperiph/stm32f2xx_exti.o
                0x08000a6c                EXTI_GetITStatus
 .text.EXTI_ClearITPendingBit
                0x08000a8c        0xc ./system/src/stm32f2-stdperiph/stm32f2xx_exti.o
                0x08000a8c                EXTI_ClearITPendingBit
 .text.GPIO_Init
                0x08000a98       0x84 ./system/src/stm32f2-stdperiph/stm32f2xx_gpio.o
                0x08000a98                GPIO_Init
 .text.GPIO_PinAFConfig
                0x08000b1c       0x30 ./system/src/stm32f2-stdperiph/stm32f2xx_gpio.o
                0x08000b1c                GPIO_PinAFConfig
 .text.RCC_GetClocksFreq
                0x08000b4c       0xb8 ./system/src/stm32f2-stdperiph/stm32f2xx_rcc.o
                0x08000b4c                RCC_GetClocksFreq
 .text.RCC_AHB1PeriphClockCmd
                0x08000c04       0x1c ./system/src/stm32f2-stdperiph/stm32f2xx_rcc.o
                0x08000c04                RCC_AHB1PeriphClockCmd
 .text.RCC_APB2PeriphClockCmd
                0x08000c20       0x1c ./system/src/stm32f2-stdperiph/stm32f2xx_rcc.o
                0x08000c20                RCC_APB2PeriphClockCmd
 .text.RCC_AHB1PeriphResetCmd
                0x08000c3c       0x1c ./system/src/stm32f2-stdperiph/stm32f2xx_rcc.o
                0x08000c3c                RCC_AHB1PeriphResetCmd
 .text.RCC_APB1PeriphResetCmd
                0x08000c58       0x1c ./system/src/stm32f2-stdperiph/stm32f2xx_rcc.o
                0x08000c58                RCC_APB1PeriphResetCmd
 .text.RTC_ByteToBcd2
                0x08000c74       0x18 ./system/src/stm32f2-stdperiph/stm32f2xx_rtc.o
 .text.RTC_EnterInitMode
                0x08000c8c       0x50 ./system/src/stm32f2-stdperiph/stm32f2xx_rtc.o
                0x08000c8c                RTC_EnterInitMode
 .text.RTC_ExitInitMode
                0x08000cdc       0x10 ./system/src/stm32f2-stdperiph/stm32f2xx_rtc.o
                0x08000cdc                RTC_ExitInitMode
 .text.RTC_WaitForSynchro
                0x08000cec       0x50 ./system/src/stm32f2-stdperiph/stm32f2xx_rtc.o
                0x08000cec                RTC_WaitForSynchro
 .text.RTC_SetTime
                0x08000d3c       0x98 ./system/src/stm32f2-stdperiph/stm32f2xx_rtc.o
                0x08000d3c                RTC_SetTime
 .text.RTC_SetDate
                0x08000dd4       0x8c ./system/src/stm32f2-stdperiph/stm32f2xx_rtc.o
                0x08000dd4                RTC_SetDate
 .text.SYSCFG_EXTILineConfig
                0x08000e60       0x34 ./system/src/stm32f2-stdperiph/stm32f2xx_syscfg.o
                0x08000e60                SYSCFG_EXTILineConfig
 .text.SYSCFG_ETH_MediaInterfaceConfig
                0x08000e94        0xc ./system/src/stm32f2-stdperiph/stm32f2xx_syscfg.o
                0x08000e94                SYSCFG_ETH_MediaInterfaceConfig
 .text._exit    0x08000ea0        0x4 ./system/src/newlib/_exit.o
                0x08000ea0                _exit
 .text._sbrk    0x08000ea4       0x44 ./system/src/newlib/_sbrk.o
                0x08000ea4                _sbrk
 .text.__initialize_args
                0x08000ee8       0x10 ./system/src/newlib/_syscalls.o
                0x08000ee8                __initialize_args
 .text.trace_printf
                0x08000ef8       0x34 ./system/src/diag/Trace.o
                0x08000ef8                trace_printf
 .text._trace_write_semihosting_stdout
                0x08000f2c       0x70 ./system/src/diag/trace_impl.o
 .text.trace_write
                0x08000f9c        0x8 ./system/src/diag/trace_impl.o
                0x08000f9c                trace_write
 .text.__initialize_hardware_early
                0x08000fa4       0x18 ./system/src/cortexm/_initialize_hardware.o
                0x08000fa4                __initialize_hardware_early
 .text.__initialize_hardware
                0x08000fbc        0x8 ./system/src/cortexm/_initialize_hardware.o
                0x08000fbc                __initialize_hardware
 .text.dumpExceptionStack
                0x08000fc4       0xf0 ./system/src/cortexm/exception_handlers.o
                0x08000fc4                dumpExceptionStack
 .text.isSemihosting
                0x080010b4       0x78 ./system/src/cortexm/exception_handlers.o
                0x080010b4                isSemihosting
 .text.SetSysClock
                0x0800112c       0xac ./system/src/cmsis/system_stm32f2xx.o
 .text.SystemInit
                0x080011d8       0x44 ./system/src/cmsis/system_stm32f2xx.o
                0x080011d8                SystemInit
 .text.SystemCoreClockUpdate
                0x0800121c       0xa4 ./system/src/cmsis/system_stm32f2xx.o
                0x0800121c                SystemCoreClockUpdate
 .text.canBufferInit
                0x080012c0       0x40 ./src/buffer.o
                0x080012c0                canBufferInit
 .text.writeBuff
                0x08001300       0x50 ./src/buffer.o
                0x08001300                writeBuff
 .text.readBuff
                0x08001350       0x40 ./src/buffer.o
                0x08001350                readBuff
 .text.canBspInit
                0x08001390       0x8c ./src/can.o
                0x08001390                canBspInit
 .text.canFilterUpdate
                0x0800141c       0x74 ./src/can.o
                0x0800141c                canFilterUpdate
 .text.canFilterInit
                0x08001490       0x48 ./src/can.o
                0x08001490                canFilterInit
 .text.canInit  0x080014d8       0xec ./src/can.o
                0x080014d8                canInit
 .text.canRx0IrqHandler
                0x080015c4       0x38 ./src/can.o
                0x080015c4                canRx0IrqHandler
 .text.canRx1IrqHandler
                0x080015fc       0x38 ./src/can.o
                0x080015fc                canRx1IrqHandler
 .text.canTxIrqHandler
                0x08001634       0x38 ./src/can.o
                0x08001634                canTxIrqHandler
 .text.canSceIrqHandler
                0x0800166c       0x3c ./src/can.o
                0x0800166c                canSceIrqHandler
 .text.canProcess
                0x080016a8       0x44 ./src/can.o
                0x080016a8                canProcess
 .text.hexToL   0x080016ec       0x50 ./src/fmt_translate.o
                0x080016ec                hexToL
 .text.atoul    0x0800173c       0x44 ./src/fmt_translate.o
                0x0800173c                atoul
 .text.ulToStr  0x08001780       0x44 ./src/fmt_translate.o
                0x08001780                ulToStr
 .text.hlToStr  0x080017c4       0x34 ./src/fmt_translate.o
                0x080017c4                hlToStr
 .text.fToStr   0x080017f8       0xe0 ./src/fmt_translate.o
                0x080017f8                fToStr
 .text.systickConfig
                0x080018d8       0x54 ./src/main.o
                0x080018d8                systickConfig
 .text.main     0x0800192c       0x48 ./src/main.o
                0x0800192c                main
 .text.genericError
                0x08001974       0x40 ./src/main.o
                0x08001974                genericError
 .text.Time_Update
                0x080019b4       0x10 ./src/main.o
                0x080019b4                Time_Update
 .text.conn_err
                0x080019c4        0x4 ./src/mqtt.o
 .text.recv_callback
                0x080019c8       0x8c ./src/mqtt.o
                0x080019c8                recv_callback
 .text.accept_callback
                0x08001a54       0x24 ./src/mqtt.o
                0x08001a54                accept_callback
 .text.http_poll
                0x08001a78       0x28 ./src/mqtt.o
 .text.writeInt
                0x08001aa0       0x38 ./src/mqtt.o
                0x08001aa0                writeInt
 .text.writeCString
                0x08001ad8       0x28 ./src/mqtt.o
                0x08001ad8                writeCString
 .text.mqttPacket_encode
                0x08001b00       0x40 ./src/mqtt.o
                0x08001b00                mqttPacket_encode
 .text.mqttDisconnectForced
                0x08001b40       0x24 ./src/mqtt.o
                0x08001b40                mqttDisconnectForced
 .text.mqttInit
                0x08001b64       0x8c ./src/mqtt.o
                0x08001b64                mqttInit
 .text.mqttTcpConnect
                0x08001bf0       0x64 ./src/mqtt.o
                0x08001bf0                mqttTcpConnect
 .text.mqttBrokConnect
                0x08001c54      0x100 ./src/mqtt.o
                0x08001c54                mqttBrokConnect
 .text.mqttPublish
                0x08001d54       0xd8 ./src/mqtt.o
                0x08001d54                mqttPublish
 .text.mqttSubscribe
                0x08001e2c       0x88 ./src/mqtt.o
                0x08001e2c                mqttSubscribe
 .text.mqttPing
                0x08001eb4       0x44 ./src/mqtt.o
                0x08001eb4                mqttPing
 .text.mqttLive
                0x08001ef8       0x40 ./src/mqtt.o
                0x08001ef8                mqttLive
 .text.mqttAppMsgReceived
                0x08001f38       0x3c ./src/mqttApp.o
                0x08001f38                mqttAppMsgReceived
 .text.mqttAppInit
                0x08001f74       0x74 ./src/mqttApp.o
                0x08001f74                mqttAppInit
 .text.mqttAppHandle
                0x08001fe8       0x6c ./src/mqttApp.o
                0x08001fe8                mqttAppHandle
 .text.topicParse
                0x08002054       0x5c ./src/mqtt_codec.o
 .text.mqttMsgDecod
                0x080020b0       0x3c ./src/mqtt_codec.o
                0x080020b0                mqttMsgDecod
 .text.mqttTopCoder
                0x080020ec       0xa8 ./src/mqtt_codec.o
                0x080020ec                mqttTopCoder
 .text.mqttMsgCoder
                0x08002194       0x48 ./src/mqtt_codec.o
                0x08002194                mqttMsgCoder
 .text.setIdList
                0x080021dc       0x30 ./src/mqtt_codec.o
                0x080021dc                setIdList
 .text.mqttTopDecod
                0x0800220c       0xc0 ./src/mqtt_codec.o
                0x0800220c                mqttTopDecod
 .text.serverFound
                0x080022cc       0x20 ./src/my_cli.o
                0x080022cc                serverFound
 .text.cliPrevInit
                0x080022ec       0x58 ./src/my_cli.o
                0x080022ec                cliPrevInit
 .text.dnsStart
                0x08002344       0x4c ./src/my_cli.o
                0x08002344                dnsStart
 .text.cliProcess
                0x08002390       0xf8 ./src/my_cli.o
                0x08002390                cliProcess
 .text.NMI_Handler
                0x08002488        0x4 ./src/stm32f2xx_it.o
                0x08002488                NMI_Handler
 .text.HardFault_Handler
                0x0800248c        0x4 ./src/stm32f2xx_it.o
                0x0800248c                HardFault_Handler
 .text.MemManage_Handler
                0x08002490        0x4 ./src/stm32f2xx_it.o
                0x08002490                MemManage_Handler
 .text.BusFault_Handler
                0x08002494        0x4 ./src/stm32f2xx_it.o
                0x08002494                BusFault_Handler
 .text.UsageFault_Handler
                0x08002498        0x4 ./src/stm32f2xx_it.o
                0x08002498                UsageFault_Handler
 .text.SVC_Handler
                0x0800249c        0x4 ./src/stm32f2xx_it.o
                0x0800249c                SVC_Handler
 .text.DebugMon_Handler
                0x080024a0        0x4 ./src/stm32f2xx_it.o
                0x080024a0                DebugMon_Handler
 .text.PendSV_Handler
                0x080024a4        0x4 ./src/stm32f2xx_it.o
                0x080024a4                PendSV_Handler
 .text.SysTick_Handler
                0x080024a8       0x14 ./src/stm32f2xx_it.o
                0x080024a8                SysTick_Handler
 .text.EXTI3_IRQHandler
                0x080024bc       0x18 ./src/stm32f2xx_it.o
                0x080024bc                EXTI3_IRQHandler
 .text.CAN1_RX0_IRQHandler
                0x080024d4        0x8 ./src/stm32f2xx_it.o
                0x080024d4                CAN1_RX0_IRQHandler
 .text.CAN1_TX_IRQHandler
                0x080024dc        0x8 ./src/stm32f2xx_it.o
                0x080024dc                CAN1_TX_IRQHandler
 .text.CAN1_RX1_IRQHandler
                0x080024e4        0x8 ./src/stm32f2xx_it.o
                0x080024e4                CAN1_RX1_IRQHandler
 .text.CAN1_SCE_IRQHandler
                0x080024ec        0x8 ./src/stm32f2xx_it.o
                0x080024ec                CAN1_SCE_IRQHandler
 .text.rtc_Init
                0x080024f4       0x94 ./src/time.o
                0x080024f4                rtc_Init
 .text.timeInit
                0x08002588       0x58 ./src/time.o
                0x08002588                timeInit
 .text.sys_now  0x080025e0        0xc ./src/time.o
                0x080025e0                sys_now
 .text.xUtime2Tm
                0x080025ec       0xfc ./src/time.o
                0x080025ec                xUtime2Tm
 .text.setRtcTime
                0x080026e8       0x24 ./src/time.o
                0x080026e8                setRtcTime
 .text.myDelay  0x0800270c       0x14 ./src/time.o
                0x0800270c                myDelay
 .text.icmp_send_response
                0x08002720       0x70 ./eth/src/core/ipv4/icmp.o
 .text.icmp_input
                0x08002790      0x144 ./eth/src/core/ipv4/icmp.o
                0x08002790                icmp_input
 .text.icmp_dest_unreach
                0x080028d4        0xc ./eth/src/core/ipv4/icmp.o
                0x080028d4                icmp_dest_unreach
 .text.icmp_time_exceeded
                0x080028e0        0xc ./eth/src/core/ipv4/icmp.o
                0x080028e0                icmp_time_exceeded
 .text.lwip_standard_chksum
                0x080028ec       0x60 ./eth/src/core/ipv4/inet_chksum.o
 .text.inet_chksum
                0x0800294c        0xc ./eth/src/core/ipv4/inet_chksum.o
                0x0800294c                inet_chksum
 .text.inet_chksum_pbuf
                0x08002958       0x4c ./eth/src/core/ipv4/inet_chksum.o
                0x08002958                inet_chksum_pbuf
 .text.ip_route
                0x080029a4       0x48 ./eth/src/core/ipv4/ip.o
                0x080029a4                ip_route
 .text.ip_input
                0x080029ec      0x174 ./eth/src/core/ipv4/ip.o
                0x080029ec                ip_input
 .text.ip_output_if
                0x08002b60       0xb4 ./eth/src/core/ipv4/ip.o
                0x08002b60                ip_output_if
 .text.ip_output
                0x08002c14       0x38 ./eth/src/core/ipv4/ip.o
                0x08002c14                ip_output
 .text.ip4_addr_isbroadcast
                0x08002c4c       0x44 ./eth/src/core/ipv4/ip_addr.o
                0x08002c4c                ip4_addr_isbroadcast
 .text.ipaddr_aton
                0x08002c90      0x144 ./eth/src/core/ipv4/ip_addr.o
                0x08002c90                ipaddr_aton
 .text.ipaddr_addr
                0x08002dd4       0x1c ./eth/src/core/ipv4/ip_addr.o
                0x08002dd4                ipaddr_addr
 .text.ip_reass_dequeue_datagram
                0x08002df0       0x28 ./eth/src/core/ipv4/ip_frag.o
 .text.ip_reass_free_complete_datagram
                0x08002e18       0x74 ./eth/src/core/ipv4/ip_frag.o
 .text.ip_reass_remove_oldest_datagram
                0x08002e8c       0x70 ./eth/src/core/ipv4/ip_frag.o
 .text.ip_frag_free_pbuf_custom_ref
                0x08002efc        0xc ./eth/src/core/ipv4/ip_frag.o
 .text.ipfrag_free_pbuf_custom
                0x08002f08       0x14 ./eth/src/core/ipv4/ip_frag.o
 .text.ip_reass_chain_frag_into_datagram_and_validate
                0x08002f1c      0x100 ./eth/src/core/ipv4/ip_frag.o
 .text.ip_frag_alloc_pbuf_custom_ref
                0x0800301c        0xc ./eth/src/core/ipv4/ip_frag.o
 .text.ip_reass_enqueue_new_datagram
                0x08003028       0x54 ./eth/src/core/ipv4/ip_frag.o
 .text.ip_reass_tmr
                0x0800307c       0x2c ./eth/src/core/ipv4/ip_frag.o
                0x0800307c                ip_reass_tmr
 .text.ip_reass
                0x080030a8      0x174 ./eth/src/core/ipv4/ip_frag.o
                0x080030a8                ip_reass
 .text.ip_frag  0x0800321c      0x17c ./eth/src/core/ipv4/ip_frag.o
                0x0800321c                ip_frag
 .text.lwip_htons
                0x08003398        0xc ./eth/src/core/def.o
                0x08003398                lwip_htons
 .text.lwip_ntohs
                0x080033a4        0x8 ./eth/src/core/def.o
                0x080033a4                lwip_ntohs
 .text.lwip_htonl
                0x080033ac       0x18 ./eth/src/core/def.o
                0x080033ac                lwip_htonl
 .text.lwip_ntohl
                0x080033c4        0x8 ./eth/src/core/def.o
                0x080033c4                lwip_ntohl
 .text.dns_compare_name
                0x080033cc       0x40 ./eth/src/core/dns.o
 .text.dns_parse_name
                0x0800340c       0x28 ./eth/src/core/dns.o
 .text.dns_recv
                0x08003434      0x1a8 ./eth/src/core/dns.o
 .text.dns_send
                0x080035dc       0xd0 ./eth/src/core/dns.o
 .text.dns_check_entry
                0x080036ac      0x12c ./eth/src/core/dns.o
 .text.dns_check_entries
                0x080037d8       0x18 ./eth/src/core/dns.o
 .text.dns_enqueue
                0x080037f0       0xc0 ./eth/src/core/dns.o
 .text.dns_lookup
                0x080038b0       0x4c ./eth/src/core/dns.o
 .text.dns_setserver
                0x080038fc       0x24 ./eth/src/core/dns.o
                0x080038fc                dns_setserver
 .text.dns_init
                0x08003920       0x60 ./eth/src/core/dns.o
                0x08003920                dns_init
 .text.dns_tmr  0x08003980       0x14 ./eth/src/core/dns.o
                0x08003980                dns_tmr
 .text.dns_gethostbyname
                0x08003994       0x64 ./eth/src/core/dns.o
                0x08003994                dns_gethostbyname
 .text.plug_holes
                0x080039f8       0x68 ./eth/src/core/mem.o
 .text.mem_init
                0x08003a60       0x3c ./eth/src/core/mem.o
                0x08003a60                mem_init
 .text.mem_free
                0x08003a9c       0x40 ./eth/src/core/mem.o
                0x08003a9c                mem_free
 .text.mem_trim
                0x08003adc       0xc8 ./eth/src/core/mem.o
                0x08003adc                mem_trim
 .text.mem_malloc
                0x08003ba4       0xb8 ./eth/src/core/mem.o
                0x08003ba4                mem_malloc
 .text.memp_init
                0x08003c5c       0x64 ./eth/src/core/memp.o
                0x08003c5c                memp_init
 .text.memp_malloc
                0x08003cc0       0x20 ./eth/src/core/memp.o
                0x08003cc0                memp_malloc
 .text.memp_free
                0x08003ce0       0x18 ./eth/src/core/memp.o
                0x08003ce0                memp_free
 .text.netif_set_ipaddr
                0x08003cf8       0x64 ./eth/src/core/netif.o
                0x08003cf8                netif_set_ipaddr
 .text.netif_set_gw
                0x08003d5c        0xc ./eth/src/core/netif.o
                0x08003d5c                netif_set_gw
 .text.netif_set_netmask
                0x08003d68        0xc ./eth/src/core/netif.o
                0x08003d68                netif_set_netmask
 .text.netif_set_addr
                0x08003d74       0x20 ./eth/src/core/netif.o
                0x08003d74                netif_set_addr
 .text.netif_add
                0x08003d94       0x48 ./eth/src/core/netif.o
                0x08003d94                netif_add
 .text.netif_set_default
                0x08003ddc        0xc ./eth/src/core/netif.o
                0x08003ddc                netif_set_default
 .text.netif_set_up
                0x08003de8       0x2c ./eth/src/core/netif.o
                0x08003de8                netif_set_up
 .text.pbuf_alloced_custom
                0x08003e14       0x60 ./eth/src/core/pbuf.o
                0x08003e14                pbuf_alloced_custom
 .text.pbuf_header
                0x08003e74       0x7c ./eth/src/core/pbuf.o
                0x08003e74                pbuf_header
 .text.pbuf_free
                0x08003ef0       0x60 ./eth/src/core/pbuf.o
                0x08003ef0                pbuf_free
 .text.pbuf_alloc
                0x08003f50      0x130 ./eth/src/core/pbuf.o
                0x08003f50                pbuf_alloc
 .text.pbuf_realloc
                0x08004080       0x4c ./eth/src/core/pbuf.o
                0x08004080                pbuf_realloc
 .text.pbuf_clen
                0x080040cc       0x14 ./eth/src/core/pbuf.o
                0x080040cc                pbuf_clen
 .text.pbuf_ref
                0x080040e0        0xc ./eth/src/core/pbuf.o
                0x080040e0                pbuf_ref
 .text.pbuf_cat
                0x080040ec       0x2c ./eth/src/core/pbuf.o
                0x080040ec                pbuf_cat
 .text.pbuf_chain
                0x08004118       0x10 ./eth/src/core/pbuf.o
                0x08004118                pbuf_chain
 .text.pbuf_copy
                0x08004128       0xac ./eth/src/core/pbuf.o
                0x08004128                pbuf_copy
 .text.pbuf_copy_partial
                0x080041d4       0x7c ./eth/src/core/pbuf.o
                0x080041d4                pbuf_copy_partial
 .text.raw_input
                0x08004250       0x78 ./eth/src/core/raw.o
                0x08004250                raw_input
 .text.tcp_new_port
                0x080042c8       0x64 ./eth/src/core/tcp.o
 .text.tcp_update_rcv_ann_wnd
                0x0800432c       0x3c ./eth/src/core/tcp.o
                0x0800432c                tcp_update_rcv_ann_wnd
 .text.tcp_recved
                0x08004368       0x34 ./eth/src/core/tcp.o
                0x08004368                tcp_recved
 .text.tcp_seg_free
                0x0800439c       0x1c ./eth/src/core/tcp.o
                0x0800439c                tcp_seg_free
 .text.tcp_segs_free
                0x080043b8       0x14 ./eth/src/core/tcp.o
                0x080043b8                tcp_segs_free
 .text.tcp_arg  0x080043cc        0x4 ./eth/src/core/tcp.o
                0x080043cc                tcp_arg
 .text.tcp_recv
                0x080043d0        0x4 ./eth/src/core/tcp.o
                0x080043d0                tcp_recv
 .text.tcp_err  0x080043d4        0x8 ./eth/src/core/tcp.o
                0x080043d4                tcp_err
 .text.tcp_accept
                0x080043dc        0x4 ./eth/src/core/tcp.o
                0x080043dc                tcp_accept
 .text.tcp_poll
                0x080043e0        0xc ./eth/src/core/tcp.o
                0x080043e0                tcp_poll
 .text.tcp_pcb_purge
                0x080043ec       0x3c ./eth/src/core/tcp.o
                0x080043ec                tcp_pcb_purge
 .text.tcp_slowtmr
                0x08004428      0x2cc ./eth/src/core/tcp.o
                0x08004428                tcp_slowtmr
 .text.tcp_pcb_remove
                0x080046f4       0x60 ./eth/src/core/tcp.o
                0x080046f4                tcp_pcb_remove
 .text.tcp_close_shutdown
                0x08004754      0x180 ./eth/src/core/tcp.o
 .text.tcp_close
                0x080048d4       0x18 ./eth/src/core/tcp.o
                0x080048d4                tcp_close
 .text.tcp_recv_null
                0x080048ec       0x28 ./eth/src/core/tcp.o
                0x080048ec                tcp_recv_null
 .text.tcp_process_refused_data
                0x08004914       0x74 ./eth/src/core/tcp.o
                0x08004914                tcp_process_refused_data
 .text.tcp_fasttmr
                0x08004988       0x68 ./eth/src/core/tcp.o
                0x08004988                tcp_fasttmr
 .text.tcp_tmr  0x080049f0       0x20 ./eth/src/core/tcp.o
                0x080049f0                tcp_tmr
 .text.tcp_abandon
                0x08004a10       0x88 ./eth/src/core/tcp.o
                0x08004a10                tcp_abandon
 .text.tcp_abort
                0x08004a98        0xc ./eth/src/core/tcp.o
                0x08004a98                tcp_abort
 .text.tcp_kill_timewait
                0x08004aa4       0x34 ./eth/src/core/tcp.o
 .text.tcp_kill_prio
                0x08004ad8       0x44 ./eth/src/core/tcp.o
 .text.tcp_next_iss
                0x08004b1c       0x18 ./eth/src/core/tcp.o
                0x08004b1c                tcp_next_iss
 .text.tcp_alloc
                0x08004b34       0xb4 ./eth/src/core/tcp.o
                0x08004b34                tcp_alloc
 .text.tcp_new  0x08004be8        0xc ./eth/src/core/tcp.o
                0x08004be8                tcp_new
 .text.tcp_eff_send_mss
                0x08004bf4       0x20 ./eth/src/core/tcp.o
                0x08004bf4                tcp_eff_send_mss
 .text.tcp_connect
                0x08004c14      0x100 ./eth/src/core/tcp.o
                0x08004c14                tcp_connect
 .text.tcp_parseopt
                0x08004d14       0x8c ./eth/src/core/tcp_in.o
 .text.tcp_timewait_input
                0x08004da0       0x9c ./eth/src/core/tcp_in.o
 .text.tcp_listen_input
                0x08004e3c      0x110 ./eth/src/core/tcp_in.o
 .text.tcp_receive
                0x08004f4c      0x500 ./eth/src/core/tcp_in.o
 .text.tcp_process
                0x0800544c      0x4c4 ./eth/src/core/tcp_in.o
 .text.tcp_input
                0x08005910      0x3d0 ./eth/src/core/tcp_in.o
                0x08005910                tcp_input
 .text.tcp_write_checks
                0x08005ce0       0x4c ./eth/src/core/tcp_out.o
 .text.tcp_pbuf_prealloc
                0x08005d2c       0x60 ./eth/src/core/tcp_out.o
 .text.tcp_create_segment
                0x08005d8c       0xac ./eth/src/core/tcp_out.o
 .text.tcp_output_alloc_header
                0x08005e38       0x70 ./eth/src/core/tcp_out.o
 .text.tcp_output_segment
                0x08005ea8       0xbc ./eth/src/core/tcp_out.o
 .text.tcp_write
                0x08005f64      0x328 ./eth/src/core/tcp_out.o
                0x08005f64                tcp_write
 .text.tcp_enqueue_flags
                0x0800628c       0xc4 ./eth/src/core/tcp_out.o
                0x0800628c                tcp_enqueue_flags
 .text.tcp_send_fin
                0x08006350       0x48 ./eth/src/core/tcp_out.o
                0x08006350                tcp_send_fin
 .text.tcp_send_empty_ack
                0x08006398       0x48 ./eth/src/core/tcp_out.o
                0x08006398                tcp_send_empty_ack
 .text.tcp_output
                0x080063e0      0x1bc ./eth/src/core/tcp_out.o
                0x080063e0                tcp_output
 .text.tcp_rst  0x0800659c       0x7c ./eth/src/core/tcp_out.o
                0x0800659c                tcp_rst
 .text.tcp_rexmit_rto
                0x08006618       0x30 ./eth/src/core/tcp_out.o
                0x08006618                tcp_rexmit_rto
 .text.tcp_rexmit
                0x08006648       0x50 ./eth/src/core/tcp_out.o
                0x08006648                tcp_rexmit
 .text.tcp_rexmit_fast
                0x08006698       0x5c ./eth/src/core/tcp_out.o
                0x08006698                tcp_rexmit_fast
 .text.tcp_keepalive
                0x080066f4       0x3c ./eth/src/core/tcp_out.o
                0x080066f4                tcp_keepalive
 .text.tcp_zero_window_probe
                0x08006730       0x94 ./eth/src/core/tcp_out.o
                0x08006730                tcp_zero_window_probe
 .text.sys_timeout
                0x080067c4       0x68 ./eth/src/core/timers.o
                0x080067c4                sys_timeout
 .text.tcp_timer_needed
                0x0800682c       0x38 ./eth/src/core/timers.o
                0x0800682c                tcp_timer_needed
 .text.tcpip_tcp_timer
                0x08006864       0x38 ./eth/src/core/timers.o
 .text.sys_timeouts_init
                0x0800689c       0x40 ./eth/src/core/timers.o
                0x0800689c                sys_timeouts_init
 .text.dns_timer
                0x080068dc       0x18 ./eth/src/core/timers.o
 .text.arp_timer
                0x080068f4       0x18 ./eth/src/core/timers.o
 .text.ip_reass_timer
                0x0800690c       0x18 ./eth/src/core/timers.o
 .text.sys_untimeout
                0x08006924       0x4c ./eth/src/core/timers.o
                0x08006924                sys_untimeout
 .text.sys_check_timeouts
                0x08006970       0x58 ./eth/src/core/timers.o
                0x08006970                sys_check_timeouts
 .text.udp_new_port
                0x080069c8       0x50 ./eth/src/core/udp.o
 .text.udp_input
                0x08006a18      0x170 ./eth/src/core/udp.o
                0x08006a18                udp_input
 .text.udp_bind
                0x08006b88       0x78 ./eth/src/core/udp.o
                0x08006b88                udp_bind
 .text.udp_sendto_if
                0x08006c00       0xc4 ./eth/src/core/udp.o
                0x08006c00                udp_sendto_if
 .text.udp_sendto
                0x08006cc4       0x2c ./eth/src/core/udp.o
                0x08006cc4                udp_sendto
 .text.udp_connect
                0x08006cf0       0x50 ./eth/src/core/udp.o
                0x08006cf0                udp_connect
 .text.udp_recv
                0x08006d40        0x8 ./eth/src/core/udp.o
                0x08006d40                udp_recv
 .text.udp_new  0x08006d48       0x1c ./eth/src/core/udp.o
                0x08006d48                udp_new
 .text.etharp_free_entry
                0x08006d64       0x38 ./eth/src/etharp.o
 .text.etharp_find_entry
                0x08006d9c      0x13c ./eth/src/etharp.o
 .text.etharp_send_ip
                0x08006ed8       0x30 ./eth/src/etharp.o
 .text.etharp_update_arp_entry
                0x08006f08       0xac ./eth/src/etharp.o
 .text.etharp_raw
                0x08006fb4       0xa4 ./eth/src/etharp.o
 .text.etharp_arp_input
                0x08007058      0x108 ./eth/src/etharp.o
 .text.etharp_tmr
                0x08007160       0x68 ./eth/src/etharp.o
                0x08007160                etharp_tmr
 .text.etharp_request
                0x080071c8       0x30 ./eth/src/etharp.o
                0x080071c8                etharp_request
 .text.etharp_output_to_arp_index
                0x080071f8       0x64 ./eth/src/etharp.o
 .text.etharp_query
                0x0800725c      0x12c ./eth/src/etharp.o
                0x0800725c                etharp_query
 .text.etharp_output
                0x08007388      0x128 ./eth/src/etharp.o
                0x08007388                etharp_output
 .text.ethernet_input
                0x080074b0       0x94 ./eth/src/etharp.o
                0x080074b0                ethernet_input
 .text.low_level_input
                0x08007544       0x94 ./eth/src/ethernetif.o
 .text.low_level_output
                0x080075d8       0x30 ./eth/src/ethernetif.o
 .text.low_level_init
                0x08007608       0x80 ./eth/src/ethernetif.o
 .text.ethernetif_input
                0x08007688       0x28 ./eth/src/ethernetif.o
                0x08007688                ethernetif_input
 .text.ethernetif_init
                0x080076b0       0x28 ./eth/src/ethernetif.o
                0x080076b0                ethernetif_init
 .text.LwIP_Init
                0x080076d8       0x58 ./eth/src/netconf.o
                0x080076d8                LwIP_Init
 .text.LwIP_Pkt_Handle
                0x08007730       0x10 ./eth/src/netconf.o
                0x08007730                LwIP_Pkt_Handle
 .text.LwIP_Periodic_Handle
                0x08007740       0x48 ./eth/src/netconf.o
                0x08007740                LwIP_Periodic_Handle
 .text.sntp_retry
                0x08007788       0x2c ./eth/src/sntp.o
 .text.sntp_process
                0x080077b4       0x1c ./eth/src/sntp.o
 .text.sntp_recv
                0x080077d0       0xb8 ./eth/src/sntp.o
 .text.sntp_initialize_request
                0x08007888       0x14 ./eth/src/sntp.o
 .text.sntp_send_request
                0x0800789c       0x54 ./eth/src/sntp.o
 .text.sntp_request
                0x080078f0       0x38 ./eth/src/sntp.o
 .text.sntp_init
                0x08007928       0x30 ./eth/src/sntp.o
                0x08007928                sntp_init
 .text.ETH_Delay
                0x08007958       0x20 ./eth/src/stm32f2x7_eth.o
 .text.ETH_DeInit
                0x08007978       0x18 ./eth/src/stm32f2x7_eth.o
                0x08007978                ETH_DeInit
 .text.ETH_StructInit
                0x08007990       0xa8 ./eth/src/stm32f2x7_eth.o
                0x08007990                ETH_StructInit
 .text.ETH_MACTransmissionCmd
                0x08007a38       0x20 ./eth/src/stm32f2x7_eth.o
                0x08007a38                ETH_MACTransmissionCmd
 .text.ETH_MACReceptionCmd
                0x08007a58       0x20 ./eth/src/stm32f2x7_eth.o
                0x08007a58                ETH_MACReceptionCmd
 .text.ETH_MACAddressConfig
                0x08007a78       0x30 ./eth/src/stm32f2x7_eth.o
                0x08007a78                ETH_MACAddressConfig
 .text.ETH_Get_Received_Frame
                0x08007aa8       0x40 ./eth/src/stm32f2x7_eth.o
                0x08007aa8                ETH_Get_Received_Frame
 .text.ETH_Prepare_Transmit_Descriptors
                0x08007ae8       0xe0 ./eth/src/stm32f2x7_eth.o
                0x08007ae8                ETH_Prepare_Transmit_Descriptors
 .text.ETH_DMARxDescChainInit
                0x08007bc8       0x60 ./eth/src/stm32f2x7_eth.o
                0x08007bc8                ETH_DMARxDescChainInit
 .text.ETH_CheckFrameReceived
                0x08007c28       0x8c ./eth/src/stm32f2x7_eth.o
                0x08007c28                ETH_CheckFrameReceived
 .text.ETH_DMATxDescChainInit
                0x08007cb4       0x4c ./eth/src/stm32f2x7_eth.o
                0x08007cb4                ETH_DMATxDescChainInit
 .text.ETH_DMATxDescChecksumInsertionConfig
                0x08007d00        0x8 ./eth/src/stm32f2x7_eth.o
                0x08007d00                ETH_DMATxDescChecksumInsertionConfig
 .text.ETH_SoftwareReset
                0x08007d08       0x10 ./eth/src/stm32f2x7_eth.o
                0x08007d08                ETH_SoftwareReset
 .text.ETH_GetSoftwareResetStatus
                0x08007d18       0x18 ./eth/src/stm32f2x7_eth.o
                0x08007d18                ETH_GetSoftwareResetStatus
 .text.ETH_FlushTransmitFIFO
                0x08007d30       0x14 ./eth/src/stm32f2x7_eth.o
                0x08007d30                ETH_FlushTransmitFIFO
 .text.ETH_DMATransmissionCmd
                0x08007d44       0x28 ./eth/src/stm32f2x7_eth.o
                0x08007d44                ETH_DMATransmissionCmd
 .text.ETH_DMAReceptionCmd
                0x08007d6c       0x28 ./eth/src/stm32f2x7_eth.o
                0x08007d6c                ETH_DMAReceptionCmd
 .text.ETH_Start
                0x08007d94       0x20 ./eth/src/stm32f2x7_eth.o
                0x08007d94                ETH_Start
 .text.ETH_ReadPHYRegister
                0x08007db4       0x5c ./eth/src/stm32f2x7_eth.o
                0x08007db4                ETH_ReadPHYRegister
 .text.ETH_WritePHYRegister
                0x08007e10       0x60 ./eth/src/stm32f2x7_eth.o
                0x08007e10                ETH_WritePHYRegister
 .text.ETH_Init
                0x08007e70      0x27c ./eth/src/stm32f2x7_eth.o
                0x08007e70                ETH_Init
 .text.ETH_GPIO_Config
                0x080080ec       0xd4 ./eth/src/stm32f2x7_eth_bsp.o
 .text.ETH_MACDMA_Config
                0x080081c0       0x84 ./eth/src/stm32f2x7_eth_bsp.o
 .text.Eth_Link_PHYITConfig
                0x08008244       0x4c ./eth/src/stm32f2x7_eth_bsp.o
                0x08008244                Eth_Link_PHYITConfig
 .text.Eth_Link_EXTIConfig
                0x08008290       0x78 ./eth/src/stm32f2x7_eth_bsp.o
                0x08008290                Eth_Link_EXTIConfig
 .text.ETH_BSP_Config
                0x08008308       0x24 ./eth/src/stm32f2x7_eth_bsp.o
                0x08008308                ETH_BSP_Config
 .text.Eth_Link_ITHandler
                0x0800832c       0x20 ./eth/src/stm32f2x7_eth_bsp.o
                0x0800832c                Eth_Link_ITHandler
 .text          0x0800834c      0x424 /home/jet/programm/stm32/gcc-arm-none-eabi-4_9-2015q3/bin/../lib/gcc/arm-none-eabi/4.9.3/armv7-m/libgcc.a(_arm_muldivdf3.o)
                0x0800834c                __aeabi_dmul
                0x0800834c                __muldf3
                0x080085a0                __aeabi_ddiv
                0x080085a0                __divdf3
 .text          0x08008770       0x50 /home/jet/programm/stm32/gcc-arm-none-eabi-4_9-2015q3/bin/../lib/gcc/arm-none-eabi/4.9.3/armv7-m/libgcc.a(_arm_fixdfsi.o)
                0x08008770                __fixdfsi
                0x08008770                __aeabi_d2iz
 .text          0x080087c0      0x21c /home/jet/programm/stm32/gcc-arm-none-eabi-4_9-2015q3/bin/../lib/gcc/arm-none-eabi/4.9.3/armv7-m/libgcc.a(_arm_addsubsf3.o)
                0x080087c0                __aeabi_frsub
                0x080087c8                __subsf3
                0x080087c8                __aeabi_fsub
                0x080087cc                __aeabi_fadd
                0x080087cc                __addsf3
                0x0800892c                __aeabi_ui2f
                0x0800892c                __floatunsisf
                0x08008934                __aeabi_i2f
                0x08008934                __floatsisf
                0x08008950                __floatundisf
                0x08008950                __aeabi_ul2f
                0x08008960                __floatdisf
                0x08008960                __aeabi_l2f
 .text          0x080089dc      0x2a0 /home/jet/programm/stm32/gcc-arm-none-eabi-4_9-2015q3/bin/../lib/gcc/arm-none-eabi/4.9.3/armv7-m/libgcc.a(_arm_muldivsf3.o)
                0x080089dc                __mulsf3
                0x080089dc                __aeabi_fmul
                0x08008b44                __divsf3
                0x08008b44                __aeabi_fdiv
 .text          0x08008c7c       0xec /home/jet/programm/stm32/gcc-arm-none-eabi-4_9-2015q3/bin/../lib/gcc/arm-none-eabi/4.9.3/armv7-m/libgcc.a(_arm_cmpsf2.o)
                0x08008c7c                __gtsf2
                0x08008c7c                __gesf2
                0x08008c84                __lesf2
                0x08008c84                __ltsf2
                0x08008c8c                __nesf2
                0x08008c8c                __eqsf2
                0x08008c8c                __cmpsf2
                0x08008cec                __aeabi_cfrcmple
                0x08008cf4                __aeabi_cfcmple
                0x08008cf4                __aeabi_cfcmpeq
                0x08008d04                __aeabi_fcmpeq
                0x08008d18                __aeabi_fcmplt
                0x08008d2c                __aeabi_fcmple
                0x08008d40                __aeabi_fcmpge
                0x08008d54                __aeabi_fcmpgt
 .text          0x08008d68       0x40 /home/jet/programm/stm32/gcc-arm-none-eabi-4_9-2015q3/bin/../lib/gcc/arm-none-eabi/4.9.3/armv7-m/libgcc.a(_arm_fixunssfsi.o)
                0x08008d68                __aeabi_f2uiz
                0x08008d68                __fixunssfsi
 .text.atof     0x08008da8        0x8 /home/jet/programm/stm32/gcc-arm-none-eabi-4_9-2015q3/bin/../lib/gcc/arm-none-eabi/4.9.3/../../../../arm-none-eabi/lib/armv7-m/libg.a(lib_a-atof.o)
                0x08008da8                atof
 .text.__errno  0x08008db0        0xc /home/jet/programm/stm32/gcc-arm-none-eabi-4_9-2015q3/bin/../lib/gcc/arm-none-eabi/4.9.3/../../../../arm-none-eabi/lib/armv7-m/libg.a(lib_a-errno.o)
                0x08008db0                __errno
 .text.memcmp   0x08008dbc       0x64 /home/jet/programm/stm32/gcc-arm-none-eabi-4_9-2015q3/bin/../lib/gcc/arm-none-eabi/4.9.3/../../../../arm-none-eabi/lib/armv7-m/libg.a(lib_a-memcmp.o)
                0x08008dbc                memcmp
 .text          0x08008e20       0xec /home/jet/programm/stm32/gcc-arm-none-eabi-4_9-2015q3/bin/../lib/gcc/arm-none-eabi/4.9.3/../../../../arm-none-eabi/lib/armv7-m/libg.a(lib_a-memcpy.o)
                0x08008e20                memcpy
 .text.memset   0x08008f0c       0x9c /home/jet/programm/stm32/gcc-arm-none-eabi-4_9-2015q3/bin/../lib/gcc/arm-none-eabi/4.9.3/../../../../arm-none-eabi/lib/armv7-m/libg.a(lib_a-memset.o)
                0x08008f0c                memset
 .text.strcat   0x08008fa8       0x40 /home/jet/programm/stm32/gcc-arm-none-eabi-4_9-2015q3/bin/../lib/gcc/arm-none-eabi/4.9.3/../../../../arm-none-eabi/lib/armv7-m/libg.a(lib_a-strcat.o)
                0x08008fa8                strcat
 .text          0x08008fe8      0x1bc /home/jet/programm/stm32/gcc-arm-none-eabi-4_9-2015q3/bin/../lib/gcc/arm-none-eabi/4.9.3/../../../../arm-none-eabi/lib/armv7-m/libg.a(lib_a-strcmp.o)
                0x08008fe8                strcmp
 .text.strcpy   0x080091a4       0xbc /home/jet/programm/stm32/gcc-arm-none-eabi-4_9-2015q3/bin/../lib/gcc/arm-none-eabi/4.9.3/../../../../arm-none-eabi/lib/armv7-m/libg.a(lib_a-strcpy.o)
                0x080091a4                strcpy
 .text.strlen   0x08009260       0x5c /home/jet/programm/stm32/gcc-arm-none-eabi-4_9-2015q3/bin/../lib/gcc/arm-none-eabi/4.9.3/../../../../arm-none-eabi/lib/armv7-m/libg.a(lib_a-strlen.o)
                0x08009260                strlen
 .text.sulp     0x080092bc       0x44 /home/jet/programm/stm32/gcc-arm-none-eabi-4_9-2015q3/bin/../lib/gcc/arm-none-eabi/4.9.3/../../../../arm-none-eabi/lib/armv7-m/libg.a(lib_a-strtod.o)
 .text._strtod_r
                0x08009300      0xf30 /home/jet/programm/stm32/gcc-arm-none-eabi-4_9-2015q3/bin/../lib/gcc/arm-none-eabi/4.9.3/../../../../arm-none-eabi/lib/armv7-m/libg.a(lib_a-strtod.o)
                0x08009300                _strtod_r
 .text.strtod   0x0800a230       0x10 /home/jet/programm/stm32/gcc-arm-none-eabi-4_9-2015q3/bin/../lib/gcc/arm-none-eabi/4.9.3/../../../../arm-none-eabi/lib/armv7-m/libg.a(lib_a-strtod.o)
                0x0800a230                strtod
 .text._svfprintf_r
                0x0800a240     0x14f4 /home/jet/programm/stm32/gcc-arm-none-eabi-4_9-2015q3/bin/../lib/gcc/arm-none-eabi/4.9.3/../../../../arm-none-eabi/lib/armv7-m/libg.a(lib_a-svfprintf.o)
                0x0800a240                _svfprintf_r
 .text._vsnprintf_r
                0x0800b734       0x70 /home/jet/programm/stm32/gcc-arm-none-eabi-4_9-2015q3/bin/../lib/gcc/arm-none-eabi/4.9.3/../../../../arm-none-eabi/lib/armv7-m/libg.a(lib_a-vsnprintf.o)
                0x0800b734                _vsnprintf_r
 .text.vsnprintf
                0x0800b7a4       0x20 /home/jet/programm/stm32/gcc-arm-none-eabi-4_9-2015q3/bin/../lib/gcc/arm-none-eabi/4.9.3/../../../../arm-none-eabi/lib/armv7-m/libg.a(lib_a-vsnprintf.o)
                0x0800b7a4                vsnprintf
 .text.quorem   0x0800b7c4      0x130 /home/jet/programm/stm32/gcc-arm-none-eabi-4_9-2015q3/bin/../lib/gcc/arm-none-eabi/4.9.3/../../../../arm-none-eabi/lib/armv7-m/libg.a(lib_a-dtoa.o)
 *fill*         0x0800b8f4        0x4 
 .text._dtoa_r  0x0800b8f8      0xea4 /home/jet/programm/stm32/gcc-arm-none-eabi-4_9-2015q3/bin/../lib/gcc/arm-none-eabi/4.9.3/../../../../arm-none-eabi/lib/armv7-m/libg.a(lib_a-dtoa.o)
                0x0800b8f8                _dtoa_r
 .text.rshift   0x0800c79c       0xa0 /home/jet/programm/stm32/gcc-arm-none-eabi-4_9-2015q3/bin/../lib/gcc/arm-none-eabi/4.9.3/../../../../arm-none-eabi/lib/armv7-m/libg.a(lib_a-gdtoa-gethex.o)
 .text.__gethex
                0x0800c83c      0x514 /home/jet/programm/stm32/gcc-arm-none-eabi-4_9-2015q3/bin/../lib/gcc/arm-none-eabi/4.9.3/../../../../arm-none-eabi/lib/armv7-m/libg.a(lib_a-gdtoa-gethex.o)
                0x0800c83c                __gethex
 .text.__hexnan
                0x0800cd50      0x184 /home/jet/programm/stm32/gcc-arm-none-eabi-4_9-2015q3/bin/../lib/gcc/arm-none-eabi/4.9.3/../../../../arm-none-eabi/lib/armv7-m/libg.a(lib_a-gdtoa-hexnan.o)
                0x0800cd50                __hexnan
 .text._localeconv_r
                0x0800ced4        0x8 /home/jet/programm/stm32/gcc-arm-none-eabi-4_9-2015q3/bin/../lib/gcc/arm-none-eabi/4.9.3/../../../../arm-none-eabi/lib/armv7-m/libg.a(lib_a-locale.o)
                0x0800ced4                _localeconv_r
 .text._malloc_r
                0x0800cedc      0x50c /home/jet/programm/stm32/gcc-arm-none-eabi-4_9-2015q3/bin/../lib/gcc/arm-none-eabi/4.9.3/../../../../arm-none-eabi/lib/armv7-m/libg.a(lib_a-mallocr.o)
                0x0800cedc                _malloc_r
 .text.memchr   0x0800d3e8       0x94 /home/jet/programm/stm32/gcc-arm-none-eabi-4_9-2015q3/bin/../lib/gcc/arm-none-eabi/4.9.3/../../../../arm-none-eabi/lib/armv7-m/libg.a(lib_a-memchr.o)
                0x0800d3e8                memchr
 .text.__malloc_lock
                0x0800d47c        0x4 /home/jet/programm/stm32/gcc-arm-none-eabi-4_9-2015q3/bin/../lib/gcc/arm-none-eabi/4.9.3/../../../../arm-none-eabi/lib/armv7-m/libg.a(lib_a-mlock.o)
                0x0800d47c                __malloc_lock
 .text.__malloc_unlock
                0x0800d480        0x4 /home/jet/programm/stm32/gcc-arm-none-eabi-4_9-2015q3/bin/../lib/gcc/arm-none-eabi/4.9.3/../../../../arm-none-eabi/lib/armv7-m/libg.a(lib_a-mlock.o)
                0x0800d480                __malloc_unlock
 .text._Balloc  0x0800d484       0x50 /home/jet/programm/stm32/gcc-arm-none-eabi-4_9-2015q3/bin/../lib/gcc/arm-none-eabi/4.9.3/../../../../arm-none-eabi/lib/armv7-m/libg.a(lib_a-mprec.o)
                0x0800d484                _Balloc
 .text._Bfree   0x0800d4d4       0x14 /home/jet/programm/stm32/gcc-arm-none-eabi-4_9-2015q3/bin/../lib/gcc/arm-none-eabi/4.9.3/../../../../arm-none-eabi/lib/armv7-m/libg.a(lib_a-mprec.o)
                0x0800d4d4                _Bfree
 .text.__multadd
                0x0800d4e8       0x84 /home/jet/programm/stm32/gcc-arm-none-eabi-4_9-2015q3/bin/../lib/gcc/arm-none-eabi/4.9.3/../../../../arm-none-eabi/lib/armv7-m/libg.a(lib_a-mprec.o)
                0x0800d4e8                __multadd
 .text.__s2b    0x0800d56c       0x98 /home/jet/programm/stm32/gcc-arm-none-eabi-4_9-2015q3/bin/../lib/gcc/arm-none-eabi/4.9.3/../../../../arm-none-eabi/lib/armv7-m/libg.a(lib_a-mprec.o)
                0x0800d56c                __s2b
 .text.__hi0bits
                0x0800d604       0x40 /home/jet/programm/stm32/gcc-arm-none-eabi-4_9-2015q3/bin/../lib/gcc/arm-none-eabi/4.9.3/../../../../arm-none-eabi/lib/armv7-m/libg.a(lib_a-mprec.o)
                0x0800d604                __hi0bits
 .text.__lo0bits
                0x0800d644       0x5c /home/jet/programm/stm32/gcc-arm-none-eabi-4_9-2015q3/bin/../lib/gcc/arm-none-eabi/4.9.3/../../../../arm-none-eabi/lib/armv7-m/libg.a(lib_a-mprec.o)
                0x0800d644                __lo0bits
 .text.__i2b    0x0800d6a0       0x14 /home/jet/programm/stm32/gcc-arm-none-eabi-4_9-2015q3/bin/../lib/gcc/arm-none-eabi/4.9.3/../../../../arm-none-eabi/lib/armv7-m/libg.a(lib_a-mprec.o)
                0x0800d6a0                __i2b
 .text.__multiply
                0x0800d6b4      0x140 /home/jet/programm/stm32/gcc-arm-none-eabi-4_9-2015q3/bin/../lib/gcc/arm-none-eabi/4.9.3/../../../../arm-none-eabi/lib/armv7-m/libg.a(lib_a-mprec.o)
                0x0800d6b4                __multiply
 .text.__pow5mult
                0x0800d7f4       0xa0 /home/jet/programm/stm32/gcc-arm-none-eabi-4_9-2015q3/bin/../lib/gcc/arm-none-eabi/4.9.3/../../../../arm-none-eabi/lib/armv7-m/libg.a(lib_a-mprec.o)
                0x0800d7f4                __pow5mult
 .text.__lshift
                0x0800d894       0xb0 /home/jet/programm/stm32/gcc-arm-none-eabi-4_9-2015q3/bin/../lib/gcc/arm-none-eabi/4.9.3/../../../../arm-none-eabi/lib/armv7-m/libg.a(lib_a-mprec.o)
                0x0800d894                __lshift
 .text.__mcmp   0x0800d944       0x48 /home/jet/programm/stm32/gcc-arm-none-eabi-4_9-2015q3/bin/../lib/gcc/arm-none-eabi/4.9.3/../../../../arm-none-eabi/lib/armv7-m/libg.a(lib_a-mprec.o)
                0x0800d944                __mcmp
 .text.__mdiff  0x0800d98c       0xe4 /home/jet/programm/stm32/gcc-arm-none-eabi-4_9-2015q3/bin/../lib/gcc/arm-none-eabi/4.9.3/../../../../arm-none-eabi/lib/armv7-m/libg.a(lib_a-mprec.o)
                0x0800d98c                __mdiff
 .text.__ulp    0x0800da70       0x44 /home/jet/programm/stm32/gcc-arm-none-eabi-4_9-2015q3/bin/../lib/gcc/arm-none-eabi/4.9.3/../../../../arm-none-eabi/lib/armv7-m/libg.a(lib_a-mprec.o)
                0x0800da70                __ulp
 .text.__b2d    0x0800dab4       0xd0 /home/jet/programm/stm32/gcc-arm-none-eabi-4_9-2015q3/bin/../lib/gcc/arm-none-eabi/4.9.3/../../../../arm-none-eabi/lib/armv7-m/libg.a(lib_a-mprec.o)
                0x0800dab4                __b2d
 .text.__d2b    0x0800db84       0xa8 /home/jet/programm/stm32/gcc-arm-none-eabi-4_9-2015q3/bin/../lib/gcc/arm-none-eabi/4.9.3/../../../../arm-none-eabi/lib/armv7-m/libg.a(lib_a-mprec.o)
                0x0800db84                __d2b
 .text.__ratio  0x0800dc2c       0x58 /home/jet/programm/stm32/gcc-arm-none-eabi-4_9-2015q3/bin/../lib/gcc/arm-none-eabi/4.9.3/../../../../arm-none-eabi/lib/armv7-m/libg.a(lib_a-mprec.o)
                0x0800dc2c                __ratio
 .text.__copybits
                0x0800dc84       0x48 /home/jet/programm/stm32/gcc-arm-none-eabi-4_9-2015q3/bin/../lib/gcc/arm-none-eabi/4.9.3/../../../../arm-none-eabi/lib/armv7-m/libg.a(lib_a-mprec.o)
                0x0800dc84                __copybits
 .text.__any_on
                0x0800dccc       0x5c /home/jet/programm/stm32/gcc-arm-none-eabi-4_9-2015q3/bin/../lib/gcc/arm-none-eabi/4.9.3/../../../../arm-none-eabi/lib/armv7-m/libg.a(lib_a-mprec.o)
                0x0800dccc                __any_on
 .text.__fpclassifyd
                0x0800dd28       0x58 /home/jet/programm/stm32/gcc-arm-none-eabi-4_9-2015q3/bin/../lib/gcc/arm-none-eabi/4.9.3/../../../../arm-none-eabi/lib/armv7-m/libg.a(lib_a-s_fpclassify.o)
                0x0800dd28                __fpclassifyd
 .text._sbrk_r  0x0800dd80       0x24 /home/jet/programm/stm32/gcc-arm-none-eabi-4_9-2015q3/bin/../lib/gcc/arm-none-eabi/4.9.3/../../../../arm-none-eabi/lib/armv7-m/libg.a(lib_a-sbrkr.o)
                0x0800dd80                _sbrk_r
 .text.strncmp  0x0800dda4       0x94 /home/jet/programm/stm32/gcc-arm-none-eabi-4_9-2015q3/bin/../lib/gcc/arm-none-eabi/4.9.3/../../../../arm-none-eabi/lib/armv7-m/libg.a(lib_a-strncmp.o)
                0x0800dda4                strncmp
 .text.__ssprint_r
                0x0800de38      0x104 /home/jet/programm/stm32/gcc-arm-none-eabi-4_9-2015q3/bin/../lib/gcc/arm-none-eabi/4.9.3/../../../../arm-none-eabi/lib/armv7-m/libg.a(lib_a-svfiprintf.o)
                0x0800de38                __ssprint_r
 .text._calloc_r
                0x0800df3c       0x60 /home/jet/programm/stm32/gcc-arm-none-eabi-4_9-2015q3/bin/../lib/gcc/arm-none-eabi/4.9.3/../../../../arm-none-eabi/lib/armv7-m/libg.a(lib_a-callocr.o)
                0x0800df3c                _calloc_r
 .text._malloc_trim_r
                0x0800df9c       0x9c /home/jet/programm/stm32/gcc-arm-none-eabi-4_9-2015q3/bin/../lib/gcc/arm-none-eabi/4.9.3/../../../../arm-none-eabi/lib/armv7-m/libg.a(lib_a-freer.o)
                0x0800df9c                _malloc_trim_r
 .text._free_r  0x0800e038      0x1b0 /home/jet/programm/stm32/gcc-arm-none-eabi-4_9-2015q3/bin/../lib/gcc/arm-none-eabi/4.9.3/../../../../arm-none-eabi/lib/armv7-m/libg.a(lib_a-freer.o)
                0x0800e038                _free_r
 .text.memmove  0x0800e1e8       0xc8 /home/jet/programm/stm32/gcc-arm-none-eabi-4_9-2015q3/bin/../lib/gcc/arm-none-eabi/4.9.3/../../../../arm-none-eabi/lib/armv7-m/libg.a(lib_a-memmove.o)
                0x0800e1e8                memmove
 .text._realloc_r
                0x0800e2b0      0x3e0 /home/jet/programm/stm32/gcc-arm-none-eabi-4_9-2015q3/bin/../lib/gcc/arm-none-eabi/4.9.3/../../../../arm-none-eabi/lib/armv7-m/libg.a(lib_a-reallocr.o)
                0x0800e2b0                _realloc_r
 .text          0x0800e690      0x370 /home/jet/programm/stm32/gcc-arm-none-eabi-4_9-2015q3/bin/../lib/gcc/arm-none-eabi/4.9.3/armv7-m/libgcc.a(_arm_addsubdf3.o)
                0x0800e690                __aeabi_drsub
                0x0800e698                __aeabi_dsub
                0x0800e698                __subdf3
                0x0800e69c                __adddf3
                0x0800e69c                __aeabi_dadd
                0x0800e914                __aeabi_ui2d
                0x0800e914                __floatunsidf
                0x0800e934                __floatsidf
                0x0800e934                __aeabi_i2d
                0x0800e958                __extendsfdf2
                0x0800e958                __aeabi_f2d
                0x0800e994                __aeabi_ul2d
                0x0800e994                __floatundidf
                0x0800e9a4                __floatdidf
                0x0800e9a4                __aeabi_l2d
 .text          0x0800ea00      0x110 /home/jet/programm/stm32/gcc-arm-none-eabi-4_9-2015q3/bin/../lib/gcc/arm-none-eabi/4.9.3/armv7-m/libgcc.a(_arm_cmpdf2.o)
                0x0800ea00                __gtdf2
                0x0800ea00                __gedf2
                0x0800ea08                __ltdf2
                0x0800ea08                __ledf2
                0x0800ea10                __cmpdf2
                0x0800ea10                __eqdf2
                0x0800ea10                __nedf2
                0x0800ea8c                __aeabi_cdrcmple
                0x0800ea9c                __aeabi_cdcmple
                0x0800ea9c                __aeabi_cdcmpeq
                0x0800eaac                __aeabi_dcmpeq
                0x0800eac0                __aeabi_dcmplt
                0x0800ead4                __aeabi_dcmple
                0x0800eae8                __aeabi_dcmpge
                0x0800eafc                __aeabi_dcmpgt
 .text          0x0800eb10       0x40 /home/jet/programm/stm32/gcc-arm-none-eabi-4_9-2015q3/bin/../lib/gcc/arm-none-eabi/4.9.3/armv7-m/libgcc.a(_arm_fixunsdfsi.o)
                0x0800eb10                __fixunsdfsi
                0x0800eb10                __aeabi_d2uiz
 .text          0x0800eb50       0x30 /home/jet/programm/stm32/gcc-arm-none-eabi-4_9-2015q3/bin/../lib/gcc/arm-none-eabi/4.9.3/armv7-m/libgcc.a(_aeabi_uldivmod.o)
                0x0800eb50                __aeabi_uldivmod
 .text          0x0800eb80       0x60 /home/jet/programm/stm32/gcc-arm-none-eabi-4_9-2015q3/bin/../lib/gcc/arm-none-eabi/4.9.3/armv7-m/libgcc.a(bpabi.o)
                0x0800eb80                __gnu_ldivmod_helper
                0x0800ebb0                __gnu_uldivmod_helper
 .text          0x0800ebe0        0x4 /home/jet/programm/stm32/gcc-arm-none-eabi-4_9-2015q3/bin/../lib/gcc/arm-none-eabi/4.9.3/armv7-m/libgcc.a(_dvmd_tls.o)
                0x0800ebe0                __aeabi_ldiv0
                0x0800ebe0                __aeabi_idiv0
 .text          0x0800ebe4      0x2ac /home/jet/programm/stm32/gcc-arm-none-eabi-4_9-2015q3/bin/../lib/gcc/arm-none-eabi/4.9.3/armv7-m/libgcc.a(_divdi3.o)
                0x0800ebe4                __divdi3
 .text          0x0800ee90      0x270 /home/jet/programm/stm32/gcc-arm-none-eabi-4_9-2015q3/bin/../lib/gcc/arm-none-eabi/4.9.3/armv7-m/libgcc.a(_udivdi3.o)
                0x0800ee90                __udivdi3
 *(.rodata .rodata.* .constdata .constdata.*)
 .rodata.str1.4
                0x0800f100        0x4 ./system/src/diag/trace_impl.o
 .rodata.str1.4
                0x0800f104      0x146 ./system/src/cortexm/exception_handlers.o
                                0x14a (size before relaxing)
 *fill*         0x0800f24a        0x2 
 .rodata.str1.4
                0x0800f24c       0x35 ./src/mqtt.o
 *fill*         0x0800f281        0x3 
 .rodata.param  0x0800f284       0x84 ./src/mqtt_codec.o
                0x0800f284                param
 .rodata.str1.4
                0x0800f308       0x12 ./src/my_cli.o
 *fill*         0x0800f31a        0x2 
 .rodata.lmos   0x0800f31c       0x18 ./src/time.o
                0x0800f31c                lmos
 .rodata.mos    0x0800f334       0x18 ./src/time.o
                0x0800f334                mos
 .rodata.ip_addr_any
                0x0800f34c        0x4 ./eth/src/core/ipv4/ip_addr.o
                0x0800f34c                ip_addr_any
 .rodata.str1.4
                0x0800f350        0xf ./eth/src/core/dns.o
 *fill*         0x0800f35f        0x1 
 .rodata.memp_num
                0x0800f360       0x14 ./eth/src/core/memp.o
 .rodata.memp_sizes
                0x0800f374       0x14 ./eth/src/core/memp.o
 .rodata.tcp_pcb_lists
                0x0800f388       0x10 ./eth/src/core/tcp.o
                0x0800f388                tcp_pcb_lists
 .rodata.tcp_backoff
                0x0800f398        0xd ./eth/src/core/tcp.o
                0x0800f398                tcp_backoff
 *fill*         0x0800f3a5        0x3 
 .rodata.tcp_persist_backoff
                0x0800f3a8        0x7 ./eth/src/core/tcp.o
                0x0800f3a8                tcp_persist_backoff
 *fill*         0x0800f3af        0x1 
 .rodata.ethbroadcast
                0x0800f3b0        0x6 ./eth/src/etharp.o
                0x0800f3b0                ethbroadcast
 *fill*         0x0800f3b6        0x2 
 .rodata.ethzero
                0x0800f3b8        0x6 ./eth/src/etharp.o
                0x0800f3b8                ethzero
 *fill*         0x0800f3be        0x2 
 .rodata.str1.4
                0x0800f3c0        0xc ./eth/src/sntp.o
 .rodata.str1.4
                0x0800f3cc        0x2 /home/jet/programm/stm32/gcc-arm-none-eabi-4_9-2015q3/bin/../lib/gcc/arm-none-eabi/4.9.3/../../../../arm-none-eabi/lib/armv7-m/libg.a(lib_a-impure.o)
 *fill*         0x0800f3ce        0x2 
 .rodata.tinytens
                0x0800f3d0       0x28 /home/jet/programm/stm32/gcc-arm-none-eabi-4_9-2015q3/bin/../lib/gcc/arm-none-eabi/4.9.3/../../../../arm-none-eabi/lib/armv7-m/libg.a(lib_a-strtod.o)
 .rodata.fpinan.5307
                0x0800f3f8       0x14 /home/jet/programm/stm32/gcc-arm-none-eabi-4_9-2015q3/bin/../lib/gcc/arm-none-eabi/4.9.3/../../../../arm-none-eabi/lib/armv7-m/libg.a(lib_a-strtod.o)
 .rodata.str1.4
                0x0800f40c        0xf /home/jet/programm/stm32/gcc-arm-none-eabi-4_9-2015q3/bin/../lib/gcc/arm-none-eabi/4.9.3/../../../../arm-none-eabi/lib/armv7-m/libg.a(lib_a-strtod.o)
 *fill*         0x0800f41b        0x1 
 .rodata.fpi.5271
                0x0800f41c       0x14 /home/jet/programm/stm32/gcc-arm-none-eabi-4_9-2015q3/bin/../lib/gcc/arm-none-eabi/4.9.3/../../../../arm-none-eabi/lib/armv7-m/libg.a(lib_a-strtod.o)
 .rodata.zeroes.6911
                0x0800f430       0x10 /home/jet/programm/stm32/gcc-arm-none-eabi-4_9-2015q3/bin/../lib/gcc/arm-none-eabi/4.9.3/../../../../arm-none-eabi/lib/armv7-m/libg.a(lib_a-svfprintf.o)
 .rodata.blanks.6910
                0x0800f440       0x10 /home/jet/programm/stm32/gcc-arm-none-eabi-4_9-2015q3/bin/../lib/gcc/arm-none-eabi/4.9.3/../../../../arm-none-eabi/lib/armv7-m/libg.a(lib_a-svfprintf.o)
 .rodata.str1.4
                0x0800f450       0x42 /home/jet/programm/stm32/gcc-arm-none-eabi-4_9-2015q3/bin/../lib/gcc/arm-none-eabi/4.9.3/../../../../arm-none-eabi/lib/armv7-m/libg.a(lib_a-svfprintf.o)
 *fill*         0x0800f492        0x2 
 .rodata.str1.4
                0x0800f494       0x10 /home/jet/programm/stm32/gcc-arm-none-eabi-4_9-2015q3/bin/../lib/gcc/arm-none-eabi/4.9.3/../../../../arm-none-eabi/lib/armv7-m/libg.a(lib_a-dtoa.o)
                                 0x12 (size before relaxing)
 .rodata.__hexdig
                0x0800f4a4      0x100 /home/jet/programm/stm32/gcc-arm-none-eabi-4_9-2015q3/bin/../lib/gcc/arm-none-eabi/4.9.3/../../../../arm-none-eabi/lib/armv7-m/libg.a(lib_a-gdtoa-gethex.o)
                0x0800f4a4                __hexdig
 .rodata.str1.4
                0x0800f5a4        0xc /home/jet/programm/stm32/gcc-arm-none-eabi-4_9-2015q3/bin/../lib/gcc/arm-none-eabi/4.9.3/../../../../arm-none-eabi/lib/armv7-m/libg.a(lib_a-locale.o)
                                 0x12 (size before relaxing)
 .rodata.__mprec_tens
                0x0800f5b0       0xc8 /home/jet/programm/stm32/gcc-arm-none-eabi-4_9-2015q3/bin/../lib/gcc/arm-none-eabi/4.9.3/../../../../arm-none-eabi/lib/armv7-m/libg.a(lib_a-mprec.o)
                0x0800f5b0                __mprec_tens
 .rodata.p05.5302
                0x0800f678        0xc /home/jet/programm/stm32/gcc-arm-none-eabi-4_9-2015q3/bin/../lib/gcc/arm-none-eabi/4.9.3/../../../../arm-none-eabi/lib/armv7-m/libg.a(lib_a-mprec.o)
 *fill*         0x0800f684        0x4 
 .rodata.__mprec_bigtens
                0x0800f688       0x28 /home/jet/programm/stm32/gcc-arm-none-eabi-4_9-2015q3/bin/../lib/gcc/arm-none-eabi/4.9.3/../../../../arm-none-eabi/lib/armv7-m/libg.a(lib_a-mprec.o)
                0x0800f688                __mprec_bigtens
 *(vtable)
 *(.eh_frame*)
 .eh_frame      0x0800f6b0       0x38 /home/jet/programm/stm32/gcc-arm-none-eabi-4_9-2015q3/bin/../lib/gcc/arm-none-eabi/4.9.3/../../../../arm-none-eabi/lib/armv7-m/libg.a(lib_a-strcmp.o)
 *(.glue_7)
 .glue_7        0x00000000        0x0 linker stubs
 *(.glue_7t)
 .glue_7t       0x00000000        0x0 linker stubs

.vfp11_veneer   0x0800f6e8        0x0
 .vfp11_veneer  0x00000000        0x0 linker stubs

.v4_bx          0x0800f6e8        0x0
 .v4_bx         0x00000000        0x0 linker stubs

.iplt           0x0800f6e8        0x0
 .iplt          0x00000000        0x0 ./system/src/stm32f2-stdperiph/misc.o

.ARM.extab
 *(.ARM.extab* .gnu.linkonce.armextab.*)
                0x0800f6e8                . = ALIGN (0x4)
                0x0800f6e8                __exidx_start = .

.ARM.exidx      0x0800f6e8        0x8
 *(.ARM.exidx* .gnu.linkonce.armexidx.*)
 .ARM.exidx     0x0800f6e8        0x8 /home/jet/programm/stm32/gcc-arm-none-eabi-4_9-2015q3/bin/../lib/gcc/arm-none-eabi/4.9.3/armv7-m/libgcc.a(_divdi3.o)
 .ARM.exidx     0x0800f6f0        0x0 /home/jet/programm/stm32/gcc-arm-none-eabi-4_9-2015q3/bin/../lib/gcc/arm-none-eabi/4.9.3/armv7-m/libgcc.a(_udivdi3.o)
                                  0x8 (size before relaxing)
                0x0800f6f0                __exidx_end = .

.rel.dyn        0x0800f6f0        0x0
 .rel.iplt      0x00000000        0x0 ./system/src/stm32f2-stdperiph/misc.o
                0x0800f6f0                . = ALIGN (0x4)
                0x0800f6f0                _etext = .
                0x0800f6f0                __etext = .

.data_CCMRAM    0x00000000        0x0 load address 0x0800f6f0
 FILL mask 0xff
 *(.data.CCMRAM .data.CCMRAM.*)
                0x00000000                . = ALIGN (0x4)
                0x0800f6f0                _sidata = LOADADDR (.data)

.data           0x20000000      0x8b0 load address 0x0800f6f0
 FILL mask 0xff
                0x20000000                _sdata = .
                0x20000000                __data_start__ = .
 *(.data_begin .data_begin.*)
 .data_begin    0x20000000        0x4 ./system/src/newlib/_startup.o
 *(.data .data.*)
 .data.APBAHBPrescTable
                0x20000004       0x10 ./system/src/stm32f2-stdperiph/stm32f2xx_rcc.o
 .data.argv.4161
                0x20000014        0x8 ./system/src/newlib/_syscalls.o
 .data.AHBPrescTable
                0x2000001c       0x10 ./system/src/cmsis/system_stm32f2xx.o
                0x2000001c                AHBPrescTable
 .data.SystemCoreClock
                0x2000002c        0x4 ./system/src/cmsis/system_stm32f2xx.o
                0x2000002c                SystemCoreClock
 .data.iss.4831
                0x20000030        0x4 ./eth/src/core/tcp.o
 .data.tcp_port
                0x20000034        0x2 ./eth/src/core/tcp.o
 .data.udp_port
                0x20000036        0x2 ./eth/src/core/udp.o
 .data.impure_data
                0x20000038      0x428 /home/jet/programm/stm32/gcc-arm-none-eabi-4_9-2015q3/bin/../lib/gcc/arm-none-eabi/4.9.3/../../../../arm-none-eabi/lib/armv7-m/libg.a(lib_a-impure.o)
 .data._impure_ptr
                0x20000460        0x4 /home/jet/programm/stm32/gcc-arm-none-eabi-4_9-2015q3/bin/../lib/gcc/arm-none-eabi/4.9.3/../../../../arm-none-eabi/lib/armv7-m/libg.a(lib_a-impure.o)
                0x20000460                _impure_ptr
 .data.lconv    0x20000464       0x38 /home/jet/programm/stm32/gcc-arm-none-eabi-4_9-2015q3/bin/../lib/gcc/arm-none-eabi/4.9.3/../../../../arm-none-eabi/lib/armv7-m/libg.a(lib_a-locale.o)
 .data.__malloc_av_
                0x2000049c      0x408 /home/jet/programm/stm32/gcc-arm-none-eabi-4_9-2015q3/bin/../lib/gcc/arm-none-eabi/4.9.3/../../../../arm-none-eabi/lib/armv7-m/libg.a(lib_a-mallocr.o)
                0x2000049c                __malloc_av_
 .data.__malloc_trim_threshold
                0x200008a4        0x4 /home/jet/programm/stm32/gcc-arm-none-eabi-4_9-2015q3/bin/../lib/gcc/arm-none-eabi/4.9.3/../../../../arm-none-eabi/lib/armv7-m/libg.a(lib_a-mallocr.o)
                0x200008a4                __malloc_trim_threshold
 .data.__malloc_sbrk_base
                0x200008a8        0x4 /home/jet/programm/stm32/gcc-arm-none-eabi-4_9-2015q3/bin/../lib/gcc/arm-none-eabi/4.9.3/../../../../arm-none-eabi/lib/armv7-m/libg.a(lib_a-mallocr.o)
                0x200008a8                __malloc_sbrk_base
 *(.data_end .data_end.*)
 .data_end      0x200008ac        0x4 ./system/src/newlib/_startup.o
                0x200008b0                . = ALIGN (0x4)
                0x200008b0                _edata = .
                0x200008b0                __data_end__ = .

.igot.plt       0x200008b0        0x0 load address 0x0800ffa0
 .igot.plt      0x00000000        0x0 ./system/src/stm32f2-stdperiph/misc.o

.bss_CCMRAM     0x00000000        0x0
 *(.bss.CCMRAM .bss.CCMRAM.*)

.bss            0x200008b0     0xa578
                0x200008b0                __bss_start__ = .
                0x200008b0                _sbss = .
 *(.bss_begin .bss_begin.*)
 .bss_begin     0x200008b0        0x4 ./system/src/newlib/_startup.o
 *(.bss .bss.*)
 .bss.current_heap_end.3862
                0x200008b4        0x4 ./system/src/newlib/_sbrk.o
 .bss.name.4160
                0x200008b8        0x1 ./system/src/newlib/_syscalls.o
 *fill*         0x200008b9        0x3 
 .bss.buf.4998  0x200008bc       0x80 ./system/src/diag/Trace.o
 .bss.handle.7021
                0x2000093c        0x4 ./system/src/diag/trace_impl.o
 .bss.txBuffer  0x20000940       0x50 ./src/buffer.o
 .bss.canRxBuffer
                0x20000990       0x50 ./src/buffer.o
 .bss.LocalTime
                0x200009e0        0x4 ./src/main.o
                0x200009e0                LocalTime
 .bss.ip_id     0x200009e4        0x2 ./eth/src/core/ipv4/ip.o
 *fill*         0x200009e6        0x2 
 .bss.reassdatagrams
                0x200009e8        0x4 ./eth/src/core/ipv4/ip_frag.o
 .bss.ip_reass_pbufcount
                0x200009ec        0x2 ./eth/src/core/ipv4/ip_frag.o
 .bss.dns_seqno
                0x200009ee        0x1 ./eth/src/core/dns.o
 *fill*         0x200009ef        0x1 
 .bss.dns_table
                0x200009f0      0x460 ./eth/src/core/dns.o
 .bss.dns_servers
                0x20000e50        0x8 ./eth/src/core/dns.o
 .bss.dns_payload_buffer
                0x20000e58      0x203 ./eth/src/core/dns.o
 *fill*         0x2000105b        0x1 
 .bss.dns_pcb   0x2000105c        0x4 ./eth/src/core/dns.o
 .bss.dns_payload
                0x20001060        0x4 ./eth/src/core/dns.o
 .bss.lfree     0x20001064        0x4 ./eth/src/core/mem.o
 .bss.ram_end   0x20001068        0x4 ./eth/src/core/mem.o
 .bss.ram       0x2000106c        0x4 ./eth/src/core/mem.o
 .bss.memp_memory
                0x20001070     0x4d63 ./eth/src/core/memp.o
 *fill*         0x20005dd3        0x1 
 .bss.memp_tab  0x20005dd4       0x28 ./eth/src/core/memp.o
 .bss.netif_num
                0x20005dfc        0x1 ./eth/src/core/netif.o
 *fill*         0x20005dfd        0x3 
 .bss.raw_pcbs  0x20005e00        0x4 ./eth/src/core/raw.o
 .bss.tcp_timer
                0x20005e04        0x1 ./eth/src/core/tcp.o
 .bss.tcp_timer_ctr
                0x20005e05        0x1 ./eth/src/core/tcp.o
 *fill*         0x20005e06        0x2 
 .bss.tcphdr    0x20005e08        0x4 ./eth/src/core/tcp_in.o
 .bss.seqno     0x20005e0c        0x4 ./eth/src/core/tcp_in.o
 .bss.tcplen    0x20005e10        0x2 ./eth/src/core/tcp_in.o
 *fill*         0x20005e12        0x2 
 .bss.ackno     0x20005e14        0x4 ./eth/src/core/tcp_in.o
 .bss.flags     0x20005e18        0x1 ./eth/src/core/tcp_in.o
 .bss.recv_flags
                0x20005e19        0x1 ./eth/src/core/tcp_in.o
 *fill*         0x20005e1a        0x2 
 .bss.recv_data
                0x20005e1c        0x4 ./eth/src/core/tcp_in.o
 .bss.iphdr     0x20005e20        0x4 ./eth/src/core/tcp_in.o
 .bss.inseg     0x20005e24       0x10 ./eth/src/core/tcp_in.o
 .bss.tcpip_tcp_timer_active
                0x20005e34        0x4 ./eth/src/core/timers.o
 .bss.timeouts_last_time
                0x20005e38        0x4 ./eth/src/core/timers.o
 .bss.next_timeout
                0x20005e3c        0x4 ./eth/src/core/timers.o
 .bss.etharp_cached_entry
                0x20005e40        0x1 ./eth/src/etharp.o
 *fill*         0x20005e41        0x3 
 .bss.arp_table
                0x20005e44       0xc8 ./eth/src/etharp.o
 .bss.TCPTimer  0x20005f0c        0x4 ./eth/src/netconf.o
                0x20005f0c                TCPTimer
 .bss.ARPTimer  0x20005f10        0x4 ./eth/src/netconf.o
                0x20005f10                ARPTimer
 .bss.sntp_pcb  0x20005f14        0x4 ./eth/src/sntp.o
 .bss.sntp_retry_timeout
                0x20005f18        0x4 ./eth/src/sntp.o
 .bss.EthInitStatus
                0x20005f1c        0x4 ./eth/src/stm32f2x7_eth_bsp.o
                0x20005f1c                EthInitStatus
 .bss.EthLinkStatus
                0x20005f20        0x1 ./eth/src/stm32f2x7_eth_bsp.o
                0x20005f20                EthLinkStatus
 *fill*         0x20005f21        0x3 
 .bss.__malloc_max_total_mem
                0x20005f24        0x4 /home/jet/programm/stm32/gcc-arm-none-eabi-4_9-2015q3/bin/../lib/gcc/arm-none-eabi/4.9.3/../../../../arm-none-eabi/lib/armv7-m/libg.a(lib_a-mallocr.o)
                0x20005f24                __malloc_max_total_mem
 .bss.__malloc_max_sbrked_mem
                0x20005f28        0x4 /home/jet/programm/stm32/gcc-arm-none-eabi-4_9-2015q3/bin/../lib/gcc/arm-none-eabi/4.9.3/../../../../arm-none-eabi/lib/armv7-m/libg.a(lib_a-mallocr.o)
                0x20005f28                __malloc_max_sbrked_mem
 .bss.__malloc_top_pad
                0x20005f2c        0x4 /home/jet/programm/stm32/gcc-arm-none-eabi-4_9-2015q3/bin/../lib/gcc/arm-none-eabi/4.9.3/../../../../arm-none-eabi/lib/armv7-m/libg.a(lib_a-mallocr.o)
                0x20005f2c                __malloc_top_pad
 .bss.__malloc_current_mallinfo
                0x20005f30       0x28 /home/jet/programm/stm32/gcc-arm-none-eabi-4_9-2015q3/bin/../lib/gcc/arm-none-eabi/4.9.3/../../../../arm-none-eabi/lib/armv7-m/libg.a(lib_a-mallocr.o)
                0x20005f30                __malloc_current_mallinfo
 *(COMMON)
 COMMON         0x20005f58        0x4 ./system/src/newlib/_syscalls.o
                0x20005f58                errno
 COMMON         0x20005f5c       0x20 ./src/buffer.o
                0x20005f5c                canTxBuf
                0x20005f6c                canRxBuf
 COMMON         0x20005f7c        0x1 ./src/can.o
                0x20005f7c                devId
 *fill*         0x20005f7d        0x3 
 COMMON         0x20005f80       0xa8 ./src/mqtt.o
                0x20005f80                mqtt
 COMMON         0x20006028        0x4 ./src/mqttApp.o
                0x20006028                s207Id
 COMMON         0x2000602c       0xd4 ./src/my_cli.o
                0x2000602c                subsTop
                0x2000607c                neth
                0x200060ac                pubTop
                0x200060fc                subsTout
 COMMON         0x20006100        0xc ./src/time.o
                0x20006100                uxTime
                0x20006104                myTick
                0x20006108                usCountDown
 COMMON         0x2000610c       0x10 ./eth/src/core/ipv4/ip.o
                0x2000610c                current_iphdr_src
                0x20006110                current_netif
                0x20006114                current_iphdr_dest
                0x20006118                current_header
 COMMON         0x2000611c     0x2814 ./eth/src/core/mem.o
                0x2000611c                ram_heap
 COMMON         0x20008930        0x8 ./eth/src/core/netif.o
                0x20008930                netif_list
                0x20008934                netif_default
 COMMON         0x20008938       0x20 ./eth/src/core/tcp.o
                0x20008938                tcp_active_pcbs_changed
                0x2000893c                tcp_active_pcbs
                0x20008940                tcp_ticks
                0x20008944                tcp_listen_pcbs
                0x20008948                tcp_tmp_pcb
                0x2000894c                tcp_bound_pcbs
                0x20008950                err
                0x20008954                tcp_tw_pcbs
 COMMON         0x20008958        0x4 ./eth/src/core/tcp_in.o
                0x20008958                tcp_input_pcb
 COMMON         0x2000895c        0x4 ./eth/src/core/udp.o
                0x2000895c                udp_pcbs
 COMMON         0x20008960       0x30 ./eth/src/netconf.o
                0x20008960                netif
 COMMON         0x20008990     0x2494 ./eth/src/stm32f2x7_eth.o
                0x20008990                RX_Frame_Descriptor
                0x2000899c                DMARxDescToGet
                0x200089a0                DMATxDescToSet
                0x200089a4                DMATxDscrTab
                0x200089e4                Rx_Buff
                0x2000a1b4                Frame_Rx_index
                0x2000a1b8                DMA_RX_FRAME_infos
                0x2000a1bc                DMARxDscrTab
                0x2000a23c                Tx_Buff
 *(.bss_end .bss_end.*)
 .bss_end       0x2000ae24        0x4 ./system/src/newlib/_startup.o
                0x2000ae28                . = ALIGN (0x4)
                0x2000ae28                __bss_end__ = .
                0x2000ae28                _ebss = .

.noinit_CCMRAM
 *(.noinit.CCMRAM .noinit.CCMRAM.*)

.noinit         0x2000ae28        0x0
                0x2000ae28                _noinit = .
 *(.noinit .noinit.*)
                0x2000ae28                . = ALIGN (0x4)
                0x2000ae28                _end_noinit = .
                0x2000ae28                PROVIDE (end, _end_noinit)
                0x2000ae28                PROVIDE (_end, _end_noinit)
                0x2000ae28                PROVIDE (__end, _end_noinit)
                0x2000ae28                PROVIDE (__end__, _end_noinit)

._check_stack   0x2000ae28      0x100
                0x2000af28                . = (. + _Minimum_Stack_Size)
 *fill*         0x2000ae28      0x100 

.b1text
 *(.b1text)
 *(.b1rodata)
 *(.b1rodata.*)

.eb0text
 *(.eb0text)
 *(.eb0rodata)
 *(.eb0rodata.*)

.eb1text
 *(.eb1text)
 *(.eb1rodata)
 *(.eb1rodata.*)

.eb2text
 *(.eb2text)
 *(.eb2rodata)
 *(.eb2rodata.*)

.eb3text
 *(.eb3text)
 *(.eb3rodata)
 *(.eb3rodata.*)

.stab
 *(.stab)

.stabstr
 *(.stabstr)

.stab.excl
 *(.stab.excl)

.stab.exclstr
 *(.stab.exclstr)

.stab.index
 *(.stab.index)

.stab.indexstr
 *(.stab.indexstr)

.comment        0x00000000       0x70
 *(.comment)
 .comment       0x00000000       0x70 ./system/src/stm32f2-stdperiph/misc.o
                                 0x71 (size before relaxing)
 .comment       0x00000000       0x71 ./system/src/stm32f2-stdperiph/stm32f2xx_can.o
 .comment       0x00000000       0x71 ./system/src/stm32f2-stdperiph/stm32f2xx_exti.o
 .comment       0x00000000       0x71 ./system/src/stm32f2-stdperiph/stm32f2xx_gpio.o
 .comment       0x00000000       0x71 ./system/src/stm32f2-stdperiph/stm32f2xx_rcc.o
 .comment       0x00000000       0x71 ./system/src/stm32f2-stdperiph/stm32f2xx_rtc.o
 .comment       0x00000000       0x71 ./system/src/stm32f2-stdperiph/stm32f2xx_syscfg.o
 .comment       0x00000000       0x71 ./system/src/newlib/_exit.o
 .comment       0x00000000       0x71 ./system/src/newlib/_sbrk.o
 .comment       0x00000000       0x71 ./system/src/newlib/_startup.o
 .comment       0x00000000       0x71 ./system/src/newlib/_syscalls.o
 .comment       0x00000000       0x71 ./system/src/diag/Trace.o
 .comment       0x00000000       0x71 ./system/src/diag/trace_impl.o
 .comment       0x00000000       0x71 ./system/src/cortexm/_initialize_hardware.o
 .comment       0x00000000       0x71 ./system/src/cortexm/exception_handlers.o
 .comment       0x00000000       0x71 ./system/src/cmsis/system_stm32f2xx.o
 .comment       0x00000000       0x71 ./system/src/cmsis/vectors_stm32f2xx.o
 .comment       0x00000000       0x71 ./src/buffer.o
 .comment       0x00000000       0x71 ./src/can.o
 .comment       0x00000000       0x71 ./src/fmt_translate.o
 .comment       0x00000000       0x71 ./src/main.o
 .comment       0x00000000       0x71 ./src/mqtt.o
 .comment       0x00000000       0x71 ./src/mqttApp.o
 .comment       0x00000000       0x71 ./src/mqtt_codec.o
 .comment       0x00000000       0x71 ./src/my_cli.o
 .comment       0x00000000       0x71 ./src/stm32f2xx_it.o
 .comment       0x00000000       0x71 ./src/time.o
 .comment       0x00000000       0x71 ./eth/src/core/ipv4/icmp.o
 .comment       0x00000000       0x71 ./eth/src/core/ipv4/inet_chksum.o
 .comment       0x00000000       0x71 ./eth/src/core/ipv4/ip.o
 .comment       0x00000000       0x71 ./eth/src/core/ipv4/ip_addr.o
 .comment       0x00000000       0x71 ./eth/src/core/ipv4/ip_frag.o
 .comment       0x00000000       0x71 ./eth/src/core/def.o
 .comment       0x00000000       0x71 ./eth/src/core/dns.o
 .comment       0x00000000       0x71 ./eth/src/core/mem.o
 .comment       0x00000000       0x71 ./eth/src/core/memp.o
 .comment       0x00000000       0x71 ./eth/src/core/netif.o
 .comment       0x00000000       0x71 ./eth/src/core/pbuf.o
 .comment       0x00000000       0x71 ./eth/src/core/raw.o
 .comment       0x00000000       0x71 ./eth/src/core/tcp.o
 .comment       0x00000000       0x71 ./eth/src/core/tcp_in.o
 .comment       0x00000000       0x71 ./eth/src/core/tcp_out.o
 .comment       0x00000000       0x71 ./eth/src/core/timers.o
 .comment       0x00000000       0x71 ./eth/src/core/udp.o
 .comment       0x00000000       0x71 ./eth/src/etharp.o
 .comment       0x00000000       0x71 ./eth/src/ethernetif.o
 .comment       0x00000000       0x71 ./eth/src/netconf.o
 .comment       0x00000000       0x71 ./eth/src/sntp.o
 .comment       0x00000000       0x71 ./eth/src/stm32f2x7_eth.o
 .comment       0x00000000       0x71 ./eth/src/stm32f2x7_eth_bsp.o

.ARM.attributes
                0x00000000       0x31
 .ARM.attributes
                0x00000000       0x33 ./system/src/stm32f2-stdperiph/misc.o
 .ARM.attributes
                0x00000033       0x33 ./system/src/stm32f2-stdperiph/stm32f2xx_can.o
 .ARM.attributes
                0x00000066       0x33 ./system/src/stm32f2-stdperiph/stm32f2xx_exti.o
 .ARM.attributes
                0x00000099       0x33 ./system/src/stm32f2-stdperiph/stm32f2xx_gpio.o
 .ARM.attributes
                0x000000cc       0x33 ./system/src/stm32f2-stdperiph/stm32f2xx_rcc.o
 .ARM.attributes